   1               		.file	"buttons.c"
   2               	__SP_H__ = 0x3e
   3               	__SP_L__ = 0x3d
   4               	__SREG__ = 0x3f
   5               	__tmp_reg__ = 0
   6               	__zero_reg__ = 1
   8               		.text
   9               	.Ltext0:
 104               	.global	initButtons
 106               	initButtons:
   1:buttons.c     **** #include "buttons.h"
   2:buttons.c     **** 
   3:buttons.c     **** #define AUTO_MANUAL_SWITCH_DIR DDRD 
   4:buttons.c     **** #define AUTO_MANUAL_SWITCH_PORT PORTD
   5:buttons.c     **** #define AUTO_MANUAL_SWITCH_INPUT PIND
   6:buttons.c     **** #define AUTO_MANUAL_SWITCH_PIN 2
   7:buttons.c     **** 
   8:buttons.c     **** #define TILT_UP_DIR DDRB
   9:buttons.c     **** #define TILT_UP_PORT PORTB
  10:buttons.c     **** #define TILT_UP_INPUT PINB
  11:buttons.c     **** #define TILT_UP_PIN 2
  12:buttons.c     **** 
  13:buttons.c     **** #define TILT_DOWN_DIR DDRB
  14:buttons.c     **** #define TILT_DOWN_PORT PORTB
  15:buttons.c     **** #define TILT_DOWN_INPUT PINB
  16:buttons.c     **** #define TILT_DOWN_PIN 1
  17:buttons.c     **** 
  18:buttons.c     **** #define TURN_LEFT_DIR DDRB
  19:buttons.c     **** #define TURN_LEFT_PORT PORTB
  20:buttons.c     **** #define TURN_LEFT_INPUT PINB
  21:buttons.c     **** #define TURN_LEFT_PIN 0
  22:buttons.c     **** 
  23:buttons.c     **** #define TURN_RIGHT_DIR DDRD
  24:buttons.c     **** #define TURN_RIGHT_PORT PORTD
  25:buttons.c     **** #define TURN_RIGHT_INPUT PIND
  26:buttons.c     **** #define TURN_RIGHT_PIN 4
  27:buttons.c     **** 
  28:buttons.c     **** void initButtons(void){
 108               	.LM0:
 109               	.LFBB1:
 110               	/* prologue: function */
 111               	/* frame size = 0 */
 112               	/* stack size = 0 */
 113               	.L__stack_usage = 0
  29:buttons.c     ****     AUTO_MANUAL_SWITCH_DIR &= ~(1<<AUTO_MANUAL_SWITCH_PIN); //Input
 115               	.LM1:
 116 0000 5298      		cbi 0xa,2
  30:buttons.c     ****     AUTO_MANUAL_SWITCH_PORT &= ~(1<<AUTO_MANUAL_SWITCH_PIN); //Pulldown
 118               	.LM2:
 119 0002 5A98      		cbi 0xb,2
  31:buttons.c     ****     
  32:buttons.c     ****     TILT_UP_DIR &= ~(1<<TILT_UP_PIN); //Input
 121               	.LM3:
 122 0004 2298      		cbi 0x4,2
  33:buttons.c     ****     TILT_UP_PORT &= ~(1<<TILT_UP_PIN); //Pulldown
 124               	.LM4:
 125 0006 2A98      		cbi 0x5,2
  34:buttons.c     ****     
  35:buttons.c     ****     TILT_DOWN_DIR &= ~(1<<TILT_DOWN_PIN); //Input
 127               	.LM5:
 128 0008 2198      		cbi 0x4,1
  36:buttons.c     ****     TILT_DOWN_PORT &= ~(1<<TILT_DOWN_PIN); //Pulldown
 130               	.LM6:
 131 000a 2998      		cbi 0x5,1
  37:buttons.c     ****     
  38:buttons.c     ****     TURN_LEFT_DIR &= ~(1<<TURN_LEFT_PIN); //Input
 133               	.LM7:
 134 000c 2098      		cbi 0x4,0
  39:buttons.c     ****     TURN_LEFT_PORT &= ~(1<<TURN_LEFT_PIN); //Pulldown
 136               	.LM8:
 137 000e 2898      		cbi 0x5,0
  40:buttons.c     ****     
  41:buttons.c     ****     TURN_RIGHT_DIR &= ~(1<<TURN_RIGHT_PIN); //Input
 139               	.LM9:
 140 0010 5498      		cbi 0xa,4
  42:buttons.c     ****     TURN_RIGHT_PORT &= ~(1<<TURN_RIGHT_PIN); //Pulldown   
 142               	.LM10:
 143 0012 5C98      		cbi 0xb,4
 144 0014 0895      		ret
 146               	.Lscope1:
 148               	.global	readAutoManualState
 150               	readAutoManualState:
  43:buttons.c     **** }
  44:buttons.c     **** 
  45:buttons.c     **** uint8_t readAutoManualState(void){
 152               	.LM11:
 153               	.LFBB2:
 154               	/* prologue: function */
 155               	/* frame size = 0 */
 156               	/* stack size = 0 */
 157               	.L__stack_usage = 0
  46:buttons.c     ****     if (AUTO_MANUAL_SWITCH_INPUT & (1<<AUTO_MANUAL_SWITCH_PIN)){
 159               	.LM12:
 160 0016 89B1      		in r24,0x9
  47:buttons.c     ****         return 1;
  48:buttons.c     ****     }
  49:buttons.c     ****     else{
  50:buttons.c     ****         return 0;
  51:buttons.c     ****     }
  52:buttons.c     **** }
 162               	.LM13:
 163 0018 82FB      		bst r24,2
 164 001a 8827      		clr r24
 165 001c 80F9      		bld r24,0
 166 001e 0895      		ret
 168               	.Lscope2:
 170               	.global	readTiltButtonState
 172               	readTiltButtonState:
  53:buttons.c     **** 
  54:buttons.c     **** uint8_t readTiltButtonState(void){
 174               	.LM14:
 175               	.LFBB3:
 176               	/* prologue: function */
 177               	/* frame size = 0 */
 178               	/* stack size = 0 */
 179               	.L__stack_usage = 0
  55:buttons.c     ****     if (TILT_UP_INPUT & (1<<TILT_UP_PIN)){
 181               	.LM15:
 182 0020 1A99      		sbic 0x3,2
 183 0022 00C0      		rjmp .L5
  56:buttons.c     ****         return 1;
  57:buttons.c     ****     }
  58:buttons.c     ****     else if (TILT_DOWN_INPUT & (1<<TILT_DOWN_PIN)){
 185               	.LM16:
 186 0024 93B1      		in r25,0x3
 187 0026 892F      		mov r24,r25
 188 0028 8270      		andi r24,lo8(2)
 189 002a 91FF      		sbrs r25,1
 190 002c 00C0      		rjmp .L8
  59:buttons.c     ****         return 2;
 192               	.LM17:
 193 002e 82E0      		ldi r24,lo8(2)
  60:buttons.c     ****     }
  61:buttons.c     ****     else{
  62:buttons.c     ****         return 0;
  63:buttons.c     ****     }
  64:buttons.c     **** }
 195               	.LM18:
 196 0030 0895      		ret
 197               	.L8:
 198 0032 0895      		ret
 199               	.L5:
  56:buttons.c     ****     }
 201               	.LM19:
 202 0034 81E0      		ldi r24,lo8(1)
 203 0036 0895      		ret
 205               	.Lscope3:
 207               	.global	readTurnButtonState
 209               	readTurnButtonState:
  65:buttons.c     **** 
  66:buttons.c     **** uint8_t readTurnButtonState(void){
 211               	.LM20:
 212               	.LFBB4:
 213               	/* prologue: function */
 214               	/* frame size = 0 */
 215               	/* stack size = 0 */
 216               	.L__stack_usage = 0
  67:buttons.c     ****     if (TURN_LEFT_INPUT & (1<<TURN_LEFT_PIN)){
 218               	.LM21:
 219 0038 1899      		sbic 0x3,0
 220 003a 00C0      		rjmp .L11
  68:buttons.c     ****         return 1;
  69:buttons.c     ****     }
  70:buttons.c     ****     else if (TURN_RIGHT_INPUT & (1<<TURN_RIGHT_PIN)){
 222               	.LM22:
 223 003c 99B1      		in r25,0x9
 224 003e 892F      		mov r24,r25
 225 0040 8071      		andi r24,lo8(16)
 226 0042 94FF      		sbrs r25,4
 227 0044 00C0      		rjmp .L13
  71:buttons.c     ****         return 2;
 229               	.LM23:
 230 0046 82E0      		ldi r24,lo8(2)
  72:buttons.c     ****     }
  73:buttons.c     ****     else{
  74:buttons.c     ****         return 0;
  75:buttons.c     ****     }
  76:buttons.c     **** }
 232               	.LM24:
 233 0048 0895      		ret
 234               	.L13:
 235 004a 0895      		ret
 236               	.L11:
  68:buttons.c     ****     }
 238               	.LM25:
 239 004c 81E0      		ldi r24,lo8(1)
 240 004e 0895      		ret
 242               	.Lscope4:
 244               	.Letext0:
 245               		.ident	"GCC: (GNU) 4.9.2"
DEFINED SYMBOLS
                            *ABS*:00000000 buttons.c
     /tmp/ccrRLN3r.s:2      *ABS*:0000003e __SP_H__
     /tmp/ccrRLN3r.s:3      *ABS*:0000003d __SP_L__
     /tmp/ccrRLN3r.s:4      *ABS*:0000003f __SREG__
     /tmp/ccrRLN3r.s:5      *ABS*:00000000 __tmp_reg__
     /tmp/ccrRLN3r.s:6      *ABS*:00000001 __zero_reg__
     /tmp/ccrRLN3r.s:106    .text:00000000 initButtons
     /tmp/ccrRLN3r.s:150    .text:00000016 readAutoManualState
     /tmp/ccrRLN3r.s:172    .text:00000020 readTiltButtonState
     /tmp/ccrRLN3r.s:209    .text:00000038 readTurnButtonState

NO UNDEFINED SYMBOLS
