Archive member included to satisfy reference by file (symbol)

/usr/lib/gcc/avr/4.9.2/../../../avr/lib/avr5/libprintf_flt.a(vfprintf_flt.o)
                              (vfprintf)
/usr/lib/gcc/avr/4.9.2/../../../avr/lib/avr5/libscanf_flt.a(vfscanf_flt.o)
                              (vfscanf)
/usr/lib/gcc/avr/4.9.2/../../../avr/lib/avr5/libm.a(addsf3.o)
                              motorctrl.o (__subsf3)
/usr/lib/gcc/avr/4.9.2/../../../avr/lib/avr5/libm.a(addsf3x.o)
                              /usr/lib/gcc/avr/4.9.2/../../../avr/lib/avr5/libm.a(addsf3.o) (__addsf3x)
/usr/lib/gcc/avr/4.9.2/../../../avr/lib/avr5/libm.a(atan.o)
                              motorctrl.o (atan)
/usr/lib/gcc/avr/4.9.2/../../../avr/lib/avr5/libm.a(cmpsf2.o)
                              motorctrl.o (__ltsf2)
/usr/lib/gcc/avr/4.9.2/../../../avr/lib/avr5/libm.a(divsf3.o)
                              motorctrl.o (__divsf3)
/usr/lib/gcc/avr/4.9.2/../../../avr/lib/avr5/libm.a(divsf3x.o)
                              /usr/lib/gcc/avr/4.9.2/../../../avr/lib/avr5/libm.a(divsf3.o) (__divsf3x)
/usr/lib/gcc/avr/4.9.2/../../../avr/lib/avr5/libm.a(fixunssfsi.o)
                              motorctrl.o (__fixunssfsi)
/usr/lib/gcc/avr/4.9.2/../../../avr/lib/avr5/libm.a(floatsisf.o)
                              test.o (__floatunsisf)
/usr/lib/gcc/avr/4.9.2/../../../avr/lib/avr5/libm.a(fp_cmp.o)
                              /usr/lib/gcc/avr/4.9.2/../../../avr/lib/avr5/libm.a(cmpsf2.o) (__fp_cmp)
/usr/lib/gcc/avr/4.9.2/../../../avr/lib/avr5/libm.a(fp_inf.o)
                              /usr/lib/gcc/avr/4.9.2/../../../avr/lib/avr5/libm.a(addsf3x.o) (__fp_inf)
/usr/lib/gcc/avr/4.9.2/../../../avr/lib/avr5/libm.a(fp_nan.o)
                              /usr/lib/gcc/avr/4.9.2/../../../avr/lib/avr5/libm.a(addsf3x.o) (__fp_nan)
/usr/lib/gcc/avr/4.9.2/../../../avr/lib/avr5/libm.a(fp_powser.o)
                              /usr/lib/gcc/avr/4.9.2/../../../avr/lib/avr5/libm.a(atan.o) (__fp_powser)
/usr/lib/gcc/avr/4.9.2/../../../avr/lib/avr5/libm.a(fp_pscA.o)
                              /usr/lib/gcc/avr/4.9.2/../../../avr/lib/avr5/libm.a(addsf3x.o) (__fp_pscA)
/usr/lib/gcc/avr/4.9.2/../../../avr/lib/avr5/libm.a(fp_pscB.o)
                              /usr/lib/gcc/avr/4.9.2/../../../avr/lib/avr5/libm.a(addsf3x.o) (__fp_pscB)
/usr/lib/gcc/avr/4.9.2/../../../avr/lib/avr5/libm.a(fp_round.o)
                              /usr/lib/gcc/avr/4.9.2/../../../avr/lib/avr5/libm.a(addsf3.o) (__fp_round)
/usr/lib/gcc/avr/4.9.2/../../../avr/lib/avr5/libm.a(fp_split3.o)
                              /usr/lib/gcc/avr/4.9.2/../../../avr/lib/avr5/libm.a(addsf3x.o) (__fp_split3)
/usr/lib/gcc/avr/4.9.2/../../../avr/lib/avr5/libm.a(fp_zero.o)
                              /usr/lib/gcc/avr/4.9.2/../../../avr/lib/avr5/libm.a(addsf3x.o) (__fp_zero)
/usr/lib/gcc/avr/4.9.2/../../../avr/lib/avr5/libm.a(gesf2.o)
                              motorctrl.o (__gesf2)
/usr/lib/gcc/avr/4.9.2/../../../avr/lib/avr5/libm.a(inverse.o)
                              /usr/lib/gcc/avr/4.9.2/../../../avr/lib/avr5/libm.a(atan.o) (inverse)
/usr/lib/gcc/avr/4.9.2/../../../avr/lib/avr5/libm.a(mulsf3.o)
                              motorctrl.o (__mulsf3)
/usr/lib/gcc/avr/4.9.2/../../../avr/lib/avr5/libm.a(mulsf3x.o)
                              /usr/lib/gcc/avr/4.9.2/../../../avr/lib/avr5/libm.a(atan.o) (__mulsf3x)
/usr/lib/gcc/avr/4.9.2/../../../avr/lib/avr5/libm.a(sqrt.o)
                              motorctrl.o (sqrt)
/usr/lib/gcc/avr/4.9.2/../../../avr/lib/avr5/libm.a(square.o)
                              /usr/lib/gcc/avr/4.9.2/../../../avr/lib/avr5/libm.a(atan.o) (square)
/usr/lib/gcc/avr/4.9.2/../../../avr/lib/avr5/libm.a(fp_mpack.o)
                              /usr/lib/gcc/avr/4.9.2/../../../avr/lib/avr5/libm.a(sqrt.o) (__fp_mpack)
/usr/lib/gcc/avr/4.9.2/../../../avr/lib/avr5/libm.a(fp_norm2.o)
                              /usr/lib/gcc/avr/4.9.2/../../../avr/lib/avr5/libm.a(sqrt.o) (__fp_norm2)
/usr/lib/gcc/avr/4.9.2/avr5/libgcc.a(_udivmodsi4.o)
                              USART.o (__udivmodsi4)
/usr/lib/gcc/avr/4.9.2/avr5/libgcc.a(_exit.o)
                              /usr/lib/gcc/avr/4.9.2/../../../avr/lib/avr5/crtatmega328p.o (exit)
/usr/lib/gcc/avr/4.9.2/avr5/libgcc.a(_copy_data.o)
                              test.o (__do_copy_data)
/usr/lib/gcc/avr/4.9.2/avr5/libgcc.a(_clear_bss.o)
                              test.o (__do_clear_bss)
/usr/lib/gcc/avr/4.9.2/avr5/libgcc.a(_umulhisi3.o)
                              motorctrl.o (__umulhisi3)
/usr/lib/gcc/avr/4.9.2/avr5/libgcc.a(_prologue.o)
                              test.o (__prologue_saves__)
/usr/lib/gcc/avr/4.9.2/avr5/libgcc.a(_epilogue.o)
                              motorctrl.o (__epilogue_restores__)
/usr/lib/gcc/avr/4.9.2/../../../avr/lib/avr5/libc.a(atof.o)
                              serialparser.o (atof)
/usr/lib/gcc/avr/4.9.2/../../../avr/lib/avr5/libc.a(atoi.o)
                              serialparser.o (atoi)
/usr/lib/gcc/avr/4.9.2/../../../avr/lib/avr5/libc.a(ftoa_engine.o)
                              /usr/lib/gcc/avr/4.9.2/../../../avr/lib/avr5/libprintf_flt.a(vfprintf_flt.o) (__ftoa_engine)
/usr/lib/gcc/avr/4.9.2/../../../avr/lib/avr5/libc.a(isspace.o)
                              /usr/lib/gcc/avr/4.9.2/../../../avr/lib/avr5/libscanf_flt.a(vfscanf_flt.o) (isspace)
/usr/lib/gcc/avr/4.9.2/../../../avr/lib/avr5/libc.a(tolower.o)
                              /usr/lib/gcc/avr/4.9.2/../../../avr/lib/avr5/libscanf_flt.a(vfscanf_flt.o) (tolower)
/usr/lib/gcc/avr/4.9.2/../../../avr/lib/avr5/libc.a(strchr_P.o)
                              /usr/lib/gcc/avr/4.9.2/../../../avr/lib/avr5/libscanf_flt.a(vfscanf_flt.o) (strchr_P)
/usr/lib/gcc/avr/4.9.2/../../../avr/lib/avr5/libc.a(strnlen_P.o)
                              /usr/lib/gcc/avr/4.9.2/../../../avr/lib/avr5/libprintf_flt.a(vfprintf_flt.o) (strnlen_P)
/usr/lib/gcc/avr/4.9.2/../../../avr/lib/avr5/libc.a(strnlen.o)
                              /usr/lib/gcc/avr/4.9.2/../../../avr/lib/avr5/libprintf_flt.a(vfprintf_flt.o) (strnlen)
/usr/lib/gcc/avr/4.9.2/../../../avr/lib/avr5/libc.a(mul10.o)
                              /usr/lib/gcc/avr/4.9.2/../../../avr/lib/avr5/libc.a(atoi.o) (__mulhi_const_10)
/usr/lib/gcc/avr/4.9.2/../../../avr/lib/avr5/libc.a(fgetc.o)
                              /usr/lib/gcc/avr/4.9.2/../../../avr/lib/avr5/libscanf_flt.a(vfscanf_flt.o) (fgetc)
/usr/lib/gcc/avr/4.9.2/../../../avr/lib/avr5/libc.a(fprintf.o)
                              test.o (fprintf)
/usr/lib/gcc/avr/4.9.2/../../../avr/lib/avr5/libc.a(fputc.o)
                              serialparser.o (fputc)
/usr/lib/gcc/avr/4.9.2/../../../avr/lib/avr5/libc.a(fwrite.o)
                              serialparser.o (fwrite)
/usr/lib/gcc/avr/4.9.2/../../../avr/lib/avr5/libc.a(iob.o)
                              USART.o (__iob)
/usr/lib/gcc/avr/4.9.2/../../../avr/lib/avr5/libc.a(printf.o)
                              serialparser.o (printf)
/usr/lib/gcc/avr/4.9.2/../../../avr/lib/avr5/libc.a(putchar.o)
                              serialparser.o (putchar)
/usr/lib/gcc/avr/4.9.2/../../../avr/lib/avr5/libc.a(ungetc.o)
                              /usr/lib/gcc/avr/4.9.2/../../../avr/lib/avr5/libscanf_flt.a(vfscanf_flt.o) (ungetc)
/usr/lib/gcc/avr/4.9.2/../../../avr/lib/avr5/libc.a(ultoa_invert.o)
                              /usr/lib/gcc/avr/4.9.2/../../../avr/lib/avr5/libprintf_flt.a(vfprintf_flt.o) (__ultoa_invert)
/usr/lib/gcc/avr/4.9.2/../../../avr/lib/avr5/libc.a(strtod.o)
                              /usr/lib/gcc/avr/4.9.2/../../../avr/lib/avr5/libc.a(atof.o) (strtod)
/usr/lib/gcc/avr/4.9.2/../../../avr/lib/avr5/libc.a(cty_isfalse.o)
                              /usr/lib/gcc/avr/4.9.2/../../../avr/lib/avr5/libc.a(isspace.o) (__ctype_isfalse)
/usr/lib/gcc/avr/4.9.2/../../../avr/lib/avr5/libc.a(strncasecmp_P.o)
                              /usr/lib/gcc/avr/4.9.2/../../../avr/lib/avr5/libc.a(strtod.o) (strncasecmp_P)
/usr/lib/gcc/avr/4.9.2/../../../avr/lib/avr5/libc.a(errno.o)
                              /usr/lib/gcc/avr/4.9.2/../../../avr/lib/avr5/libc.a(strtod.o) (errno)
/usr/lib/gcc/avr/4.9.2/avr5/libgcc.a(_muluhisi3.o)
                              /usr/lib/gcc/avr/4.9.2/../../../avr/lib/avr5/libc.a(strtod.o) (__muluhisi3)

Allocating common symbols
Common symbol       size              file

errno               0x2               /usr/lib/gcc/avr/4.9.2/../../../avr/lib/avr5/libc.a(errno.o)
motors              0xb6              test.o
buffer              0x100             serialparser.o
port                0xe               test.o
__iob               0x6               /usr/lib/gcc/avr/4.9.2/../../../avr/lib/avr5/libc.a(iob.o)

Memory Configuration

Name             Origin             Length             Attributes
text             0x00000000         0x00020000         xr
data             0x00800060         0x0000ffa0         rw !x
eeprom           0x00810000         0x00010000         rw !x
fuse             0x00820000         0x00000400         rw !x
lock             0x00830000         0x00000400         rw !x
signature        0x00840000         0x00000400         rw !x
user_signatures  0x00850000         0x00000400         rw !x
*default*        0x00000000         0xffffffff

Linker script and memory map

Address of section .data set to 0x800100
LOAD /usr/lib/gcc/avr/4.9.2/../../../avr/lib/avr5/crtatmega328p.o
LOAD test.o
LOAD USART.o
LOAD ADC.o
LOAD motorctrl.o
LOAD serialparser.o
LOAD buttons.o
LOAD /usr/lib/gcc/avr/4.9.2/../../../avr/lib/avr5/libprintf_flt.a
LOAD /usr/lib/gcc/avr/4.9.2/../../../avr/lib/avr5/libscanf_flt.a
LOAD /usr/lib/gcc/avr/4.9.2/../../../avr/lib/avr5/libm.a
START GROUP
LOAD /usr/lib/gcc/avr/4.9.2/avr5/libgcc.a
LOAD /usr/lib/gcc/avr/4.9.2/../../../avr/lib/avr5/libm.a
LOAD /usr/lib/gcc/avr/4.9.2/../../../avr/lib/avr5/libc.a
LOAD /usr/lib/gcc/avr/4.9.2/../../../avr/lib/avr5/libatmega328p.a
END GROUP
                0x00020000                __TEXT_REGION_LENGTH__ = DEFINED (__TEXT_REGION_LENGTH__)?__TEXT_REGION_LENGTH__:0x20000
                0x0000ffa0                __DATA_REGION_LENGTH__ = DEFINED (__DATA_REGION_LENGTH__)?__DATA_REGION_LENGTH__:0xffa0
                0x00010000                __EEPROM_REGION_LENGTH__ = DEFINED (__EEPROM_REGION_LENGTH__)?__EEPROM_REGION_LENGTH__:0x10000
                0x00000400                __FUSE_REGION_LENGTH__ = DEFINED (__FUSE_REGION_LENGTH__)?__FUSE_REGION_LENGTH__:0x400
                0x00000400                __LOCK_REGION_LENGTH__ = DEFINED (__LOCK_REGION_LENGTH__)?__LOCK_REGION_LENGTH__:0x400
                0x00000400                __SIGNATURE_REGION_LENGTH__ = DEFINED (__SIGNATURE_REGION_LENGTH__)?__SIGNATURE_REGION_LENGTH__:0x400
                0x00000400                __USER_SIGNATURE_REGION_LENGTH__ = DEFINED (__USER_SIGNATURE_REGION_LENGTH__)?__USER_SIGNATURE_REGION_LENGTH__:0x400

.hash
 *(.hash)

.dynsym
 *(.dynsym)

.dynstr
 *(.dynstr)

.gnu.version
 *(.gnu.version)

.gnu.version_d
 *(.gnu.version_d)

.gnu.version_r
 *(.gnu.version_r)

.rel.init
 *(.rel.init)

.rela.init
 *(.rela.init)

.rel.text
 *(.rel.text)
 *(.rel.text.*)
 *(.rel.gnu.linkonce.t*)

.rela.text
 *(.rela.text)
 *(.rela.text.*)
 *(.rela.gnu.linkonce.t*)

.rel.fini
 *(.rel.fini)

.rela.fini
 *(.rela.fini)

.rel.rodata
 *(.rel.rodata)
 *(.rel.rodata.*)
 *(.rel.gnu.linkonce.r*)

.rela.rodata
 *(.rela.rodata)
 *(.rela.rodata.*)
 *(.rela.gnu.linkonce.r*)

.rel.data
 *(.rel.data)
 *(.rel.data.*)
 *(.rel.gnu.linkonce.d*)

.rela.data
 *(.rela.data)
 *(.rela.data.*)
 *(.rela.gnu.linkonce.d*)

.rel.ctors
 *(.rel.ctors)

.rela.ctors
 *(.rela.ctors)

.rel.dtors
 *(.rel.dtors)

.rela.dtors
 *(.rela.dtors)

.rel.got
 *(.rel.got)

.rela.got
 *(.rela.got)

.rel.bss
 *(.rel.bss)

.rela.bss
 *(.rela.bss)

.rel.plt
 *(.rel.plt)

.rela.plt
 *(.rela.plt)

.text           0x00000000     0x3242
 *(.vectors)
 .vectors       0x00000000       0x68 /usr/lib/gcc/avr/4.9.2/../../../avr/lib/avr5/crtatmega328p.o
                0x00000000                __vectors
                0x00000000                __vector_default
 *(.vectors)
 *(.progmem.gcc*)
 .progmem.gcc_fplib
                0x00000068       0x2d /usr/lib/gcc/avr/4.9.2/../../../avr/lib/avr5/libm.a(atan.o)
                0x00000096                . = ALIGN (0x2)
 *fill*         0x00000095        0x1 
                0x00000096                __trampolines_start = .
 *(.trampolines)
 .trampolines   0x00000096        0x0 linker stubs
 *(.trampolines*)
                0x00000096                __trampolines_end = .
 *libprintf_flt.a:*(.progmem.data)
 .progmem.data  0x00000096        0x8 /usr/lib/gcc/avr/4.9.2/../../../avr/lib/avr5/libprintf_flt.a(vfprintf_flt.o)
 *libc.a:*(.progmem.data)
 .progmem.data  0x0000009e       0xfa /usr/lib/gcc/avr/4.9.2/../../../avr/lib/avr5/libc.a(ftoa_engine.o)
 .progmem.data  0x00000198       0x3b /usr/lib/gcc/avr/4.9.2/../../../avr/lib/avr5/libc.a(strtod.o)
 *(.progmem*)
 .progmem.data  0x000001d3       0x4d /usr/lib/gcc/avr/4.9.2/../../../avr/lib/avr5/libscanf_flt.a(vfscanf_flt.o)
                0x00000220                . = ALIGN (0x2)
 *(.jumptables)
 *(.jumptables*)
 *(.lowtext)
 *(.lowtext*)
                0x00000220                __ctors_start = .
 *(.ctors)
                0x00000220                __ctors_end = .
                0x00000220                __dtors_start = .
 *(.dtors)
                0x00000220                __dtors_end = .
 SORT(*)(.ctors)
 SORT(*)(.dtors)
 *(.init0)
 .init0         0x00000220        0x0 /usr/lib/gcc/avr/4.9.2/../../../avr/lib/avr5/crtatmega328p.o
                0x00000220                __init
 *(.init0)
 *(.init1)
 *(.init1)
 *(.init2)
 .init2         0x00000220        0xc /usr/lib/gcc/avr/4.9.2/../../../avr/lib/avr5/crtatmega328p.o
 *(.init2)
 *(.init3)
 *(.init3)
 *(.init4)
 .init4         0x0000022c       0x16 /usr/lib/gcc/avr/4.9.2/avr5/libgcc.a(_copy_data.o)
                0x0000022c                __do_copy_data
 .init4         0x00000242       0x10 /usr/lib/gcc/avr/4.9.2/avr5/libgcc.a(_clear_bss.o)
                0x00000242                __do_clear_bss
 *(.init4)
 *(.init5)
 *(.init5)
 *(.init6)
 *(.init6)
 *(.init7)
 *(.init7)
 *(.init8)
 *(.init8)
 *(.init9)
 .init9         0x00000252        0x8 /usr/lib/gcc/avr/4.9.2/../../../avr/lib/avr5/crtatmega328p.o
 *(.init9)
 *(.text)
 .text          0x0000025a        0x2 /usr/lib/gcc/avr/4.9.2/../../../avr/lib/avr5/crtatmega328p.o
                0x0000025a                __vector_22
                0x0000025a                __vector_1
                0x0000025a                __vector_24
                0x0000025a                __vector_12
                0x0000025a                __bad_interrupt
                0x0000025a                __vector_6
                0x0000025a                __vector_3
                0x0000025a                __vector_23
                0x0000025a                __vector_25
                0x0000025a                __vector_13
                0x0000025a                __vector_17
                0x0000025a                __vector_19
                0x0000025a                __vector_7
                0x0000025a                __vector_5
                0x0000025a                __vector_4
                0x0000025a                __vector_9
                0x0000025a                __vector_2
                0x0000025a                __vector_21
                0x0000025a                __vector_15
                0x0000025a                __vector_8
                0x0000025a                __vector_14
                0x0000025a                __vector_10
                0x0000025a                __vector_16
                0x0000025a                __vector_20
 .text          0x0000025c       0x38 test.o
                0x0000025c                __vector_11
                0x00000270                initSystemTimer
                0x00000290                initLED
 .text          0x00000294      0x116 USART.o
                0x00000294                put_char0
                0x000002a6                USART_Init
                0x0000033a                USART_Transmit0
                0x00000348                USART0_Flush
                0x00000358                uart_getchar
                0x00000366                waitResponce
 .text          0x000003aa       0xb0 ADC.o
                0x000003aa                GetVoltage
                0x000003d0                initADC
                0x000003d6                AVGVoltage
 .text          0x0000045a      0xb16 motorctrl.o
                0x0000045a                angleConversion
                0x00000590                tiltConversion
                0x000006d4                getAngle
                0x000006e6                getTilt
                0x000006f8                setAngle
                0x00000780                setTilt
                0x00000808                setMotorPosition
                0x00000892                getSetAngle
                0x000008a4                getSetTilt
                0x000008b6                getAngleMotorStatus
                0x000008bc                getTiltMotorStatus
                0x000008c2                delayLoop_us
                0x000008f0                disableMotorPWM
                0x00000936                setMotor
                0x000009ea                motorControl
                0x00000ae4                getActuatorLength
                0x00000bb6                getMotorPosition
                0x00000be2                initMotor
                0x00000dbc                getTiltActuatorCurrentLength
                0x00000dc4                getAngleActuatorCurrentLength
                0x00000dcc                motorControlLoop
                0x00000f28                motorController
 .text          0x00000f70      0x4ee serialparser.o
                0x00000f70                read_until_line_end
                0x00000faa                initSerialParser
                0x00000fc4                readInt16
                0x0000100e                readFloat
                0x0000106c                findParameter
                0x00001116                parseCommands
                0x000013d6                __vector_18
 .text          0x0000145e       0x54 buttons.o
                0x0000145e                initButtons
                0x00001474                readAutoManualState
                0x00001482                readTiltButtonState
                0x0000149a                readTurnButtonState
 .text          0x000014b2        0x0 /usr/lib/gcc/avr/4.9.2/../../../avr/lib/avr5/libprintf_flt.a(vfprintf_flt.o)
 .text          0x000014b2        0x0 /usr/lib/gcc/avr/4.9.2/../../../avr/lib/avr5/libscanf_flt.a(vfscanf_flt.o)
 .text          0x000014b2        0x0 /usr/lib/gcc/avr/4.9.2/../../../avr/lib/avr5/libm.a(addsf3.o)
 .text          0x000014b2        0x0 /usr/lib/gcc/avr/4.9.2/../../../avr/lib/avr5/libm.a(addsf3x.o)
 .text          0x000014b2        0x0 /usr/lib/gcc/avr/4.9.2/../../../avr/lib/avr5/libm.a(atan.o)
 .text          0x000014b2        0x0 /usr/lib/gcc/avr/4.9.2/../../../avr/lib/avr5/libm.a(cmpsf2.o)
 .text          0x000014b2        0x0 /usr/lib/gcc/avr/4.9.2/../../../avr/lib/avr5/libm.a(divsf3.o)
 .text          0x000014b2        0x0 /usr/lib/gcc/avr/4.9.2/../../../avr/lib/avr5/libm.a(divsf3x.o)
 .text          0x000014b2        0x0 /usr/lib/gcc/avr/4.9.2/../../../avr/lib/avr5/libm.a(fixunssfsi.o)
 .text          0x000014b2        0x0 /usr/lib/gcc/avr/4.9.2/../../../avr/lib/avr5/libm.a(floatsisf.o)
 .text          0x000014b2        0x0 /usr/lib/gcc/avr/4.9.2/../../../avr/lib/avr5/libm.a(fp_cmp.o)
 .text          0x000014b2        0x0 /usr/lib/gcc/avr/4.9.2/../../../avr/lib/avr5/libm.a(fp_inf.o)
 .text          0x000014b2        0x0 /usr/lib/gcc/avr/4.9.2/../../../avr/lib/avr5/libm.a(fp_nan.o)
 .text          0x000014b2        0x0 /usr/lib/gcc/avr/4.9.2/../../../avr/lib/avr5/libm.a(fp_powser.o)
 .text          0x000014b2        0x0 /usr/lib/gcc/avr/4.9.2/../../../avr/lib/avr5/libm.a(fp_pscA.o)
 .text          0x000014b2        0x0 /usr/lib/gcc/avr/4.9.2/../../../avr/lib/avr5/libm.a(fp_pscB.o)
 .text          0x000014b2        0x0 /usr/lib/gcc/avr/4.9.2/../../../avr/lib/avr5/libm.a(fp_round.o)
 .text          0x000014b2        0x0 /usr/lib/gcc/avr/4.9.2/../../../avr/lib/avr5/libm.a(fp_split3.o)
 .text          0x000014b2        0x0 /usr/lib/gcc/avr/4.9.2/../../../avr/lib/avr5/libm.a(fp_zero.o)
 .text          0x000014b2        0x0 /usr/lib/gcc/avr/4.9.2/../../../avr/lib/avr5/libm.a(gesf2.o)
 .text          0x000014b2        0x0 /usr/lib/gcc/avr/4.9.2/../../../avr/lib/avr5/libm.a(inverse.o)
 .text          0x000014b2        0x0 /usr/lib/gcc/avr/4.9.2/../../../avr/lib/avr5/libm.a(mulsf3.o)
 .text          0x000014b2        0x0 /usr/lib/gcc/avr/4.9.2/../../../avr/lib/avr5/libm.a(mulsf3x.o)
 .text          0x000014b2        0x0 /usr/lib/gcc/avr/4.9.2/../../../avr/lib/avr5/libm.a(sqrt.o)
 .text          0x000014b2        0x0 /usr/lib/gcc/avr/4.9.2/../../../avr/lib/avr5/libm.a(square.o)
 .text          0x000014b2        0x0 /usr/lib/gcc/avr/4.9.2/../../../avr/lib/avr5/libm.a(fp_mpack.o)
 .text          0x000014b2        0x0 /usr/lib/gcc/avr/4.9.2/../../../avr/lib/avr5/libm.a(fp_norm2.o)
 .text          0x000014b2        0x0 /usr/lib/gcc/avr/4.9.2/avr5/libgcc.a(_udivmodsi4.o)
 .text          0x000014b2        0x0 /usr/lib/gcc/avr/4.9.2/avr5/libgcc.a(_exit.o)
 .text          0x000014b2        0x0 /usr/lib/gcc/avr/4.9.2/avr5/libgcc.a(_copy_data.o)
 .text          0x000014b2        0x0 /usr/lib/gcc/avr/4.9.2/avr5/libgcc.a(_clear_bss.o)
 .text          0x000014b2        0x0 /usr/lib/gcc/avr/4.9.2/avr5/libgcc.a(_umulhisi3.o)
 .text          0x000014b2        0x0 /usr/lib/gcc/avr/4.9.2/avr5/libgcc.a(_prologue.o)
 .text          0x000014b2        0x0 /usr/lib/gcc/avr/4.9.2/avr5/libgcc.a(_epilogue.o)
 .text          0x000014b2        0x0 /usr/lib/gcc/avr/4.9.2/../../../avr/lib/avr5/libc.a(atof.o)
 .text          0x000014b2        0x0 /usr/lib/gcc/avr/4.9.2/../../../avr/lib/avr5/libc.a(atoi.o)
 .text          0x000014b2        0x0 /usr/lib/gcc/avr/4.9.2/../../../avr/lib/avr5/libc.a(ftoa_engine.o)
 .text          0x000014b2        0x0 /usr/lib/gcc/avr/4.9.2/../../../avr/lib/avr5/libc.a(isspace.o)
 .text          0x000014b2        0x0 /usr/lib/gcc/avr/4.9.2/../../../avr/lib/avr5/libc.a(tolower.o)
 .text          0x000014b2        0x0 /usr/lib/gcc/avr/4.9.2/../../../avr/lib/avr5/libc.a(strchr_P.o)
 .text          0x000014b2        0x0 /usr/lib/gcc/avr/4.9.2/../../../avr/lib/avr5/libc.a(strnlen_P.o)
 .text          0x000014b2        0x0 /usr/lib/gcc/avr/4.9.2/../../../avr/lib/avr5/libc.a(strnlen.o)
 .text          0x000014b2        0x0 /usr/lib/gcc/avr/4.9.2/../../../avr/lib/avr5/libc.a(mul10.o)
 .text          0x000014b2        0x0 /usr/lib/gcc/avr/4.9.2/../../../avr/lib/avr5/libc.a(fgetc.o)
 .text          0x000014b2        0x0 /usr/lib/gcc/avr/4.9.2/../../../avr/lib/avr5/libc.a(fprintf.o)
 .text          0x000014b2        0x0 /usr/lib/gcc/avr/4.9.2/../../../avr/lib/avr5/libc.a(fputc.o)
 .text          0x000014b2        0x0 /usr/lib/gcc/avr/4.9.2/../../../avr/lib/avr5/libc.a(fwrite.o)
 .text          0x000014b2        0x0 /usr/lib/gcc/avr/4.9.2/../../../avr/lib/avr5/libc.a(iob.o)
 .text          0x000014b2        0x0 /usr/lib/gcc/avr/4.9.2/../../../avr/lib/avr5/libc.a(printf.o)
 .text          0x000014b2        0x0 /usr/lib/gcc/avr/4.9.2/../../../avr/lib/avr5/libc.a(putchar.o)
 .text          0x000014b2        0x0 /usr/lib/gcc/avr/4.9.2/../../../avr/lib/avr5/libc.a(ungetc.o)
 .text          0x000014b2        0x0 /usr/lib/gcc/avr/4.9.2/../../../avr/lib/avr5/libc.a(ultoa_invert.o)
 .text          0x000014b2        0x0 /usr/lib/gcc/avr/4.9.2/../../../avr/lib/avr5/libc.a(strtod.o)
 .text          0x000014b2        0x0 /usr/lib/gcc/avr/4.9.2/../../../avr/lib/avr5/libc.a(cty_isfalse.o)
 .text          0x000014b2        0x0 /usr/lib/gcc/avr/4.9.2/../../../avr/lib/avr5/libc.a(strncasecmp_P.o)
 .text          0x000014b2        0x0 /usr/lib/gcc/avr/4.9.2/../../../avr/lib/avr5/libc.a(errno.o)
 .text          0x000014b2        0x0 /usr/lib/gcc/avr/4.9.2/avr5/libgcc.a(_muluhisi3.o)
                0x000014b2                . = ALIGN (0x2)
 *(.text.*)
 .text.startup  0x000014b2       0xd2 test.o
                0x000014b2                main
 .text.avr-libc
                0x00001584      0x6f6 /usr/lib/gcc/avr/4.9.2/../../../avr/lib/avr5/libprintf_flt.a(vfprintf_flt.o)
                0x00001584                vfprintf
 .text.avr-libc
                0x00001c7a      0x78c /usr/lib/gcc/avr/4.9.2/../../../avr/lib/avr5/libscanf_flt.a(vfscanf_flt.o)
                0x000021c4                vfscanf
 .text.avr-libc.fplib
                0x00002406        0xa /usr/lib/gcc/avr/4.9.2/../../../avr/lib/avr5/libm.a(addsf3.o)
                0x00002406                __subsf3
                0x00002408                __addsf3
 .text.avr-libc.fplib
                0x00002410       0xc0 /usr/lib/gcc/avr/4.9.2/../../../avr/lib/avr5/libm.a(addsf3x.o)
                0x0000242a                __addsf3x
 .text.avr-libc.fplib
                0x000024d0       0x50 /usr/lib/gcc/avr/4.9.2/../../../avr/lib/avr5/libm.a(atan.o)
                0x000024d0                atan
 .text.avr-libc.fplib
                0x00002520        0x8 /usr/lib/gcc/avr/4.9.2/../../../avr/lib/avr5/libm.a(cmpsf2.o)
                0x00002520                __lesf2
                0x00002520                __nesf2
                0x00002520                __eqsf2
                0x00002520                __cmpsf2
                0x00002520                __ltsf2
 .text.avr-libc.fplib
                0x00002528        0x4 /usr/lib/gcc/avr/4.9.2/../../../avr/lib/avr5/libm.a(divsf3.o)
                0x00002528                __divsf3
 .text.avr-libc.fplib
                0x0000252c       0xcc /usr/lib/gcc/avr/4.9.2/../../../avr/lib/avr5/libm.a(divsf3x.o)
                0x00002542                __divsf3x
                0x00002546                __divsf3_pse
 .text.avr-libc.fplib
                0x000025f8       0x58 /usr/lib/gcc/avr/4.9.2/../../../avr/lib/avr5/libm.a(fixunssfsi.o)
                0x000025f8                __fixunssfsi
 .text.avr-libc.fplib
                0x00002650       0x7a /usr/lib/gcc/avr/4.9.2/../../../avr/lib/avr5/libm.a(floatsisf.o)
                0x00002650                __floatunsisf
                0x00002654                __floatsisf
 .text.avr-libc.fplib
                0x000026ca       0x48 /usr/lib/gcc/avr/4.9.2/../../../avr/lib/avr5/libm.a(fp_cmp.o)
                0x000026ca                __fp_cmp
 .text.avr-libc.fplib
                0x00002712        0xc /usr/lib/gcc/avr/4.9.2/../../../avr/lib/avr5/libm.a(fp_inf.o)
                0x00002712                __fp_inf
 .text.avr-libc.fplib
                0x0000271e        0x6 /usr/lib/gcc/avr/4.9.2/../../../avr/lib/avr5/libm.a(fp_nan.o)
                0x0000271e                __fp_nan
 .text.avr-libc.fplib
                0x00002724       0x4a /usr/lib/gcc/avr/4.9.2/../../../avr/lib/avr5/libm.a(fp_powser.o)
                0x00002724                __fp_powser
 .text.avr-libc.fplib
                0x0000276e        0xe /usr/lib/gcc/avr/4.9.2/../../../avr/lib/avr5/libm.a(fp_pscA.o)
                0x0000276e                __fp_pscA
 .text.avr-libc.fplib
                0x0000277c        0xe /usr/lib/gcc/avr/4.9.2/../../../avr/lib/avr5/libm.a(fp_pscB.o)
                0x0000277c                __fp_pscB
 .text.avr-libc.fplib
                0x0000278a       0x22 /usr/lib/gcc/avr/4.9.2/../../../avr/lib/avr5/libm.a(fp_round.o)
                0x0000278a                __fp_round
 .text.avr-libc.fplib
                0x000027ac       0x44 /usr/lib/gcc/avr/4.9.2/../../../avr/lib/avr5/libm.a(fp_split3.o)
                0x000027ac                __fp_split3
                0x000027bc                __fp_splitA
 .text.avr-libc.fplib
                0x000027f0        0xe /usr/lib/gcc/avr/4.9.2/../../../avr/lib/avr5/libm.a(fp_zero.o)
                0x000027f0                __fp_zero
                0x000027f2                __fp_szero
 .text.avr-libc.fplib
                0x000027fe        0x8 /usr/lib/gcc/avr/4.9.2/../../../avr/lib/avr5/libm.a(gesf2.o)
                0x000027fe                __gtsf2
                0x000027fe                __gesf2
 .text.avr-libc.fplib
                0x00002806        0xe /usr/lib/gcc/avr/4.9.2/../../../avr/lib/avr5/libm.a(inverse.o)
                0x00002806                inverse
 .text.avr-libc.fplib
                0x00002814        0x4 /usr/lib/gcc/avr/4.9.2/../../../avr/lib/avr5/libm.a(mulsf3.o)
                0x00002814                __mulsf3
 .text.avr-libc.fplib
                0x00002818       0xc2 /usr/lib/gcc/avr/4.9.2/../../../avr/lib/avr5/libm.a(mulsf3x.o)
                0x0000282c                __mulsf3x
                0x00002830                __mulsf3_pse
 .text.avr-libc.fplib
                0x000028da       0x84 /usr/lib/gcc/avr/4.9.2/../../../avr/lib/avr5/libm.a(sqrt.o)
                0x000028e2                sqrt
                0x000028e2                sqrtf
 .text.avr-libc.fplib
                0x0000295e        0x6 /usr/lib/gcc/avr/4.9.2/../../../avr/lib/avr5/libm.a(square.o)
                0x0000295e                square
 .text.avr-libc.fplib
                0x00002964       0x1c /usr/lib/gcc/avr/4.9.2/../../../avr/lib/avr5/libm.a(fp_mpack.o)
                0x00002964                __fp_mpack
                0x00002968                __fp_mpack_finite
 .text.avr-libc.fplib
                0x00002980        0xe /usr/lib/gcc/avr/4.9.2/../../../avr/lib/avr5/libm.a(fp_norm2.o)
                0x00002980                __fp_norm2
 .text.libgcc.mul
                0x0000298e        0x0 /usr/lib/gcc/avr/4.9.2/avr5/libgcc.a(_udivmodsi4.o)
 .text.libgcc.div
                0x0000298e       0x44 /usr/lib/gcc/avr/4.9.2/avr5/libgcc.a(_udivmodsi4.o)
                0x0000298e                __udivmodsi4
 .text.libgcc   0x000029d2        0x0 /usr/lib/gcc/avr/4.9.2/avr5/libgcc.a(_udivmodsi4.o)
 .text.libgcc.prologue
                0x000029d2        0x0 /usr/lib/gcc/avr/4.9.2/avr5/libgcc.a(_udivmodsi4.o)
 .text.libgcc.builtins
                0x000029d2        0x0 /usr/lib/gcc/avr/4.9.2/avr5/libgcc.a(_udivmodsi4.o)
 .text.libgcc.fmul
                0x000029d2        0x0 /usr/lib/gcc/avr/4.9.2/avr5/libgcc.a(_udivmodsi4.o)
 .text.libgcc.fixed
                0x000029d2        0x0 /usr/lib/gcc/avr/4.9.2/avr5/libgcc.a(_udivmodsi4.o)
 .text.libgcc.mul
                0x000029d2        0x0 /usr/lib/gcc/avr/4.9.2/avr5/libgcc.a(_exit.o)
 .text.libgcc.div
                0x000029d2        0x0 /usr/lib/gcc/avr/4.9.2/avr5/libgcc.a(_exit.o)
 .text.libgcc   0x000029d2        0x0 /usr/lib/gcc/avr/4.9.2/avr5/libgcc.a(_exit.o)
 .text.libgcc.prologue
                0x000029d2        0x0 /usr/lib/gcc/avr/4.9.2/avr5/libgcc.a(_exit.o)
 .text.libgcc.builtins
                0x000029d2        0x0 /usr/lib/gcc/avr/4.9.2/avr5/libgcc.a(_exit.o)
 .text.libgcc.fmul
                0x000029d2        0x0 /usr/lib/gcc/avr/4.9.2/avr5/libgcc.a(_exit.o)
 .text.libgcc.fixed
                0x000029d2        0x0 /usr/lib/gcc/avr/4.9.2/avr5/libgcc.a(_exit.o)
 .text.libgcc.mul
                0x000029d2        0x0 /usr/lib/gcc/avr/4.9.2/avr5/libgcc.a(_copy_data.o)
 .text.libgcc.div
                0x000029d2        0x0 /usr/lib/gcc/avr/4.9.2/avr5/libgcc.a(_copy_data.o)
 .text.libgcc   0x000029d2        0x0 /usr/lib/gcc/avr/4.9.2/avr5/libgcc.a(_copy_data.o)
 .text.libgcc.prologue
                0x000029d2        0x0 /usr/lib/gcc/avr/4.9.2/avr5/libgcc.a(_copy_data.o)
 .text.libgcc.builtins
                0x000029d2        0x0 /usr/lib/gcc/avr/4.9.2/avr5/libgcc.a(_copy_data.o)
 .text.libgcc.fmul
                0x000029d2        0x0 /usr/lib/gcc/avr/4.9.2/avr5/libgcc.a(_copy_data.o)
 .text.libgcc.fixed
                0x000029d2        0x0 /usr/lib/gcc/avr/4.9.2/avr5/libgcc.a(_copy_data.o)
 .text.libgcc.mul
                0x000029d2        0x0 /usr/lib/gcc/avr/4.9.2/avr5/libgcc.a(_clear_bss.o)
 .text.libgcc.div
                0x000029d2        0x0 /usr/lib/gcc/avr/4.9.2/avr5/libgcc.a(_clear_bss.o)
 .text.libgcc   0x000029d2        0x0 /usr/lib/gcc/avr/4.9.2/avr5/libgcc.a(_clear_bss.o)
 .text.libgcc.prologue
                0x000029d2        0x0 /usr/lib/gcc/avr/4.9.2/avr5/libgcc.a(_clear_bss.o)
 .text.libgcc.builtins
                0x000029d2        0x0 /usr/lib/gcc/avr/4.9.2/avr5/libgcc.a(_clear_bss.o)
 .text.libgcc.fmul
                0x000029d2        0x0 /usr/lib/gcc/avr/4.9.2/avr5/libgcc.a(_clear_bss.o)
 .text.libgcc.fixed
                0x000029d2        0x0 /usr/lib/gcc/avr/4.9.2/avr5/libgcc.a(_clear_bss.o)
 .text.libgcc.mul
                0x000029d2       0x1e /usr/lib/gcc/avr/4.9.2/avr5/libgcc.a(_umulhisi3.o)
                0x000029d2                __umulhisi3
 .text.libgcc.div
                0x000029f0        0x0 /usr/lib/gcc/avr/4.9.2/avr5/libgcc.a(_umulhisi3.o)
 .text.libgcc   0x000029f0        0x0 /usr/lib/gcc/avr/4.9.2/avr5/libgcc.a(_umulhisi3.o)
 .text.libgcc.prologue
                0x000029f0        0x0 /usr/lib/gcc/avr/4.9.2/avr5/libgcc.a(_umulhisi3.o)
 .text.libgcc.builtins
                0x000029f0        0x0 /usr/lib/gcc/avr/4.9.2/avr5/libgcc.a(_umulhisi3.o)
 .text.libgcc.fmul
                0x000029f0        0x0 /usr/lib/gcc/avr/4.9.2/avr5/libgcc.a(_umulhisi3.o)
 .text.libgcc.fixed
                0x000029f0        0x0 /usr/lib/gcc/avr/4.9.2/avr5/libgcc.a(_umulhisi3.o)
 .text.libgcc.mul
                0x000029f0        0x0 /usr/lib/gcc/avr/4.9.2/avr5/libgcc.a(_prologue.o)
 .text.libgcc.div
                0x000029f0        0x0 /usr/lib/gcc/avr/4.9.2/avr5/libgcc.a(_prologue.o)
 .text.libgcc   0x000029f0        0x0 /usr/lib/gcc/avr/4.9.2/avr5/libgcc.a(_prologue.o)
 .text.libgcc.prologue
                0x000029f0       0x38 /usr/lib/gcc/avr/4.9.2/avr5/libgcc.a(_prologue.o)
                0x000029f0                __prologue_saves__
 .text.libgcc.builtins
                0x00002a28        0x0 /usr/lib/gcc/avr/4.9.2/avr5/libgcc.a(_prologue.o)
 .text.libgcc.fmul
                0x00002a28        0x0 /usr/lib/gcc/avr/4.9.2/avr5/libgcc.a(_prologue.o)
 .text.libgcc.fixed
                0x00002a28        0x0 /usr/lib/gcc/avr/4.9.2/avr5/libgcc.a(_prologue.o)
 .text.libgcc.mul
                0x00002a28        0x0 /usr/lib/gcc/avr/4.9.2/avr5/libgcc.a(_epilogue.o)
 .text.libgcc.div
                0x00002a28        0x0 /usr/lib/gcc/avr/4.9.2/avr5/libgcc.a(_epilogue.o)
 .text.libgcc   0x00002a28        0x0 /usr/lib/gcc/avr/4.9.2/avr5/libgcc.a(_epilogue.o)
 .text.libgcc.prologue
                0x00002a28       0x36 /usr/lib/gcc/avr/4.9.2/avr5/libgcc.a(_epilogue.o)
                0x00002a28                __epilogue_restores__
 .text.libgcc.builtins
                0x00002a5e        0x0 /usr/lib/gcc/avr/4.9.2/avr5/libgcc.a(_epilogue.o)
 .text.libgcc.fmul
                0x00002a5e        0x0 /usr/lib/gcc/avr/4.9.2/avr5/libgcc.a(_epilogue.o)
 .text.libgcc.fixed
                0x00002a5e        0x0 /usr/lib/gcc/avr/4.9.2/avr5/libgcc.a(_epilogue.o)
 .text.avr-libc
                0x00002a5e        0x6 /usr/lib/gcc/avr/4.9.2/../../../avr/lib/avr5/libc.a(atof.o)
                0x00002a5e                atof
 .text.avr-libc
                0x00002a64       0x3a /usr/lib/gcc/avr/4.9.2/../../../avr/lib/avr5/libc.a(atoi.o)
                0x00002a64                atoi
 .text.avr-libc
                0x00002a9e      0x1b0 /usr/lib/gcc/avr/4.9.2/../../../avr/lib/avr5/libc.a(ftoa_engine.o)
                0x00002a9e                __ftoa_engine
 .text.avr-libc
                0x00002c4e       0x10 /usr/lib/gcc/avr/4.9.2/../../../avr/lib/avr5/libc.a(isspace.o)
                0x00002c4e                isspace
 .text.avr-libc
                0x00002c5e       0x10 /usr/lib/gcc/avr/4.9.2/../../../avr/lib/avr5/libc.a(tolower.o)
                0x00002c5e                tolower
 .text.avr-libc
                0x00002c6e       0x16 /usr/lib/gcc/avr/4.9.2/../../../avr/lib/avr5/libc.a(strchr_P.o)
                0x00002c6e                strchr_P
 .text.avr-libc
                0x00002c84       0x16 /usr/lib/gcc/avr/4.9.2/../../../avr/lib/avr5/libc.a(strnlen_P.o)
                0x00002c84                strnlen_P
 .text.avr-libc
                0x00002c9a       0x16 /usr/lib/gcc/avr/4.9.2/../../../avr/lib/avr5/libc.a(strnlen.o)
                0x00002c9a                strnlen
 .text.avr-libc
                0x00002cb0       0x10 /usr/lib/gcc/avr/4.9.2/../../../avr/lib/avr5/libc.a(mul10.o)
                0x00002cb0                __mulhi_const_10
 .text.avr-libc
                0x00002cc0       0x7c /usr/lib/gcc/avr/4.9.2/../../../avr/lib/avr5/libc.a(fgetc.o)
                0x00002cc0                fgetc
 .text.avr-libc
                0x00002d3c       0x20 /usr/lib/gcc/avr/4.9.2/../../../avr/lib/avr5/libc.a(fprintf.o)
                0x00002d3c                fprintf
 .text.avr-libc
                0x00002d5c       0x70 /usr/lib/gcc/avr/4.9.2/../../../avr/lib/avr5/libc.a(fputc.o)
                0x00002d5c                fputc
 .text.avr-libc
                0x00002dcc       0x64 /usr/lib/gcc/avr/4.9.2/../../../avr/lib/avr5/libc.a(fwrite.o)
                0x00002dcc                fwrite
 .text.avr-libc
                0x00002e30       0x28 /usr/lib/gcc/avr/4.9.2/../../../avr/lib/avr5/libc.a(printf.o)
                0x00002e30                printf
 .text.avr-libc
                0x00002e58        0xa /usr/lib/gcc/avr/4.9.2/../../../avr/lib/avr5/libc.a(putchar.o)
                0x00002e58                putchar
 .text.avr-libc
                0x00002e62       0x32 /usr/lib/gcc/avr/4.9.2/../../../avr/lib/avr5/libc.a(ungetc.o)
                0x00002e62                ungetc
 .text.avr-libc
                0x00002e94       0xbc /usr/lib/gcc/avr/4.9.2/../../../avr/lib/avr5/libc.a(ultoa_invert.o)
                0x00002e94                __ultoa_invert
 .text.avr-libc
                0x00002f50      0x2a4 /usr/lib/gcc/avr/4.9.2/../../../avr/lib/avr5/libc.a(strtod.o)
                0x00002f50                strtod
 .text.avr-libc
                0x000031f4        0x6 /usr/lib/gcc/avr/4.9.2/../../../avr/lib/avr5/libc.a(cty_isfalse.o)
                0x000031f4                __ctype_isfalse
                0x000031f8                __ctype_istrue
 .text.avr-libc
                0x000031fa       0x30 /usr/lib/gcc/avr/4.9.2/../../../avr/lib/avr5/libc.a(strncasecmp_P.o)
                0x000031fa                strncasecmp_P
 .text.libgcc.mul
                0x0000322a       0x14 /usr/lib/gcc/avr/4.9.2/avr5/libgcc.a(_muluhisi3.o)
                0x0000322a                __muluhisi3
 .text.libgcc.div
                0x0000323e        0x0 /usr/lib/gcc/avr/4.9.2/avr5/libgcc.a(_muluhisi3.o)
 .text.libgcc   0x0000323e        0x0 /usr/lib/gcc/avr/4.9.2/avr5/libgcc.a(_muluhisi3.o)
 .text.libgcc.prologue
                0x0000323e        0x0 /usr/lib/gcc/avr/4.9.2/avr5/libgcc.a(_muluhisi3.o)
 .text.libgcc.builtins
                0x0000323e        0x0 /usr/lib/gcc/avr/4.9.2/avr5/libgcc.a(_muluhisi3.o)
 .text.libgcc.fmul
                0x0000323e        0x0 /usr/lib/gcc/avr/4.9.2/avr5/libgcc.a(_muluhisi3.o)
 .text.libgcc.fixed
                0x0000323e        0x0 /usr/lib/gcc/avr/4.9.2/avr5/libgcc.a(_muluhisi3.o)
                0x0000323e                . = ALIGN (0x2)
 *(.fini9)
 .fini9         0x0000323e        0x0 /usr/lib/gcc/avr/4.9.2/avr5/libgcc.a(_exit.o)
                0x0000323e                exit
                0x0000323e                _exit
 *(.fini9)
 *(.fini8)
 *(.fini8)
 *(.fini7)
 *(.fini7)
 *(.fini6)
 *(.fini6)
 *(.fini5)
 *(.fini5)
 *(.fini4)
 *(.fini4)
 *(.fini3)
 *(.fini3)
 *(.fini2)
 *(.fini2)
 *(.fini1)
 *(.fini1)
 *(.fini0)
 .fini0         0x0000323e        0x4 /usr/lib/gcc/avr/4.9.2/avr5/libgcc.a(_exit.o)
 *(.fini0)
                0x00003242                _etext = .

.data           0x00800100      0x132 load address 0x00003242
                0x00800100                PROVIDE (__data_start, .)
 *(.data)
 .data          0x00800100        0x0 /usr/lib/gcc/avr/4.9.2/../../../avr/lib/avr5/crtatmega328p.o
 .data          0x00800100        0x0 test.o
 .data          0x00800100        0xe USART.o
                0x00800100                serial_port0
 .data          0x0080010e        0x0 ADC.o
 .data          0x0080010e        0x0 motorctrl.o
 .data          0x0080010e        0x0 serialparser.o
 .data          0x0080010e        0x0 buttons.o
 .data          0x0080010e        0x0 /usr/lib/gcc/avr/4.9.2/../../../avr/lib/avr5/libprintf_flt.a(vfprintf_flt.o)
 .data          0x0080010e        0x0 /usr/lib/gcc/avr/4.9.2/../../../avr/lib/avr5/libscanf_flt.a(vfscanf_flt.o)
 .data          0x0080010e        0x0 /usr/lib/gcc/avr/4.9.2/../../../avr/lib/avr5/libm.a(addsf3.o)
 .data          0x0080010e        0x0 /usr/lib/gcc/avr/4.9.2/../../../avr/lib/avr5/libm.a(addsf3x.o)
 .data          0x0080010e        0x0 /usr/lib/gcc/avr/4.9.2/../../../avr/lib/avr5/libm.a(atan.o)
 .data          0x0080010e        0x0 /usr/lib/gcc/avr/4.9.2/../../../avr/lib/avr5/libm.a(cmpsf2.o)
 .data          0x0080010e        0x0 /usr/lib/gcc/avr/4.9.2/../../../avr/lib/avr5/libm.a(divsf3.o)
 .data          0x0080010e        0x0 /usr/lib/gcc/avr/4.9.2/../../../avr/lib/avr5/libm.a(divsf3x.o)
 .data          0x0080010e        0x0 /usr/lib/gcc/avr/4.9.2/../../../avr/lib/avr5/libm.a(fixunssfsi.o)
 .data          0x0080010e        0x0 /usr/lib/gcc/avr/4.9.2/../../../avr/lib/avr5/libm.a(floatsisf.o)
 .data          0x0080010e        0x0 /usr/lib/gcc/avr/4.9.2/../../../avr/lib/avr5/libm.a(fp_cmp.o)
 .data          0x0080010e        0x0 /usr/lib/gcc/avr/4.9.2/../../../avr/lib/avr5/libm.a(fp_inf.o)
 .data          0x0080010e        0x0 /usr/lib/gcc/avr/4.9.2/../../../avr/lib/avr5/libm.a(fp_nan.o)
 .data          0x0080010e        0x0 /usr/lib/gcc/avr/4.9.2/../../../avr/lib/avr5/libm.a(fp_powser.o)
 .data          0x0080010e        0x0 /usr/lib/gcc/avr/4.9.2/../../../avr/lib/avr5/libm.a(fp_pscA.o)
 .data          0x0080010e        0x0 /usr/lib/gcc/avr/4.9.2/../../../avr/lib/avr5/libm.a(fp_pscB.o)
 .data          0x0080010e        0x0 /usr/lib/gcc/avr/4.9.2/../../../avr/lib/avr5/libm.a(fp_round.o)
 .data          0x0080010e        0x0 /usr/lib/gcc/avr/4.9.2/../../../avr/lib/avr5/libm.a(fp_split3.o)
 .data          0x0080010e        0x0 /usr/lib/gcc/avr/4.9.2/../../../avr/lib/avr5/libm.a(fp_zero.o)
 .data          0x0080010e        0x0 /usr/lib/gcc/avr/4.9.2/../../../avr/lib/avr5/libm.a(gesf2.o)
 .data          0x0080010e        0x0 /usr/lib/gcc/avr/4.9.2/../../../avr/lib/avr5/libm.a(inverse.o)
 .data          0x0080010e        0x0 /usr/lib/gcc/avr/4.9.2/../../../avr/lib/avr5/libm.a(mulsf3.o)
 .data          0x0080010e        0x0 /usr/lib/gcc/avr/4.9.2/../../../avr/lib/avr5/libm.a(mulsf3x.o)
 .data          0x0080010e        0x0 /usr/lib/gcc/avr/4.9.2/../../../avr/lib/avr5/libm.a(sqrt.o)
 .data          0x0080010e        0x0 /usr/lib/gcc/avr/4.9.2/../../../avr/lib/avr5/libm.a(square.o)
 .data          0x0080010e        0x0 /usr/lib/gcc/avr/4.9.2/../../../avr/lib/avr5/libm.a(fp_mpack.o)
 .data          0x0080010e        0x0 /usr/lib/gcc/avr/4.9.2/../../../avr/lib/avr5/libm.a(fp_norm2.o)
 .data          0x0080010e        0x0 /usr/lib/gcc/avr/4.9.2/avr5/libgcc.a(_udivmodsi4.o)
 .data          0x0080010e        0x0 /usr/lib/gcc/avr/4.9.2/avr5/libgcc.a(_exit.o)
 .data          0x0080010e        0x0 /usr/lib/gcc/avr/4.9.2/avr5/libgcc.a(_copy_data.o)
 .data          0x0080010e        0x0 /usr/lib/gcc/avr/4.9.2/avr5/libgcc.a(_clear_bss.o)
 .data          0x0080010e        0x0 /usr/lib/gcc/avr/4.9.2/avr5/libgcc.a(_umulhisi3.o)
 .data          0x0080010e        0x0 /usr/lib/gcc/avr/4.9.2/avr5/libgcc.a(_prologue.o)
 .data          0x0080010e        0x0 /usr/lib/gcc/avr/4.9.2/avr5/libgcc.a(_epilogue.o)
 .data          0x0080010e        0x0 /usr/lib/gcc/avr/4.9.2/../../../avr/lib/avr5/libc.a(atof.o)
 .data          0x0080010e        0x0 /usr/lib/gcc/avr/4.9.2/../../../avr/lib/avr5/libc.a(atoi.o)
 .data          0x0080010e        0x0 /usr/lib/gcc/avr/4.9.2/../../../avr/lib/avr5/libc.a(ftoa_engine.o)
 .data          0x0080010e        0x0 /usr/lib/gcc/avr/4.9.2/../../../avr/lib/avr5/libc.a(isspace.o)
 .data          0x0080010e        0x0 /usr/lib/gcc/avr/4.9.2/../../../avr/lib/avr5/libc.a(tolower.o)
 .data          0x0080010e        0x0 /usr/lib/gcc/avr/4.9.2/../../../avr/lib/avr5/libc.a(strchr_P.o)
 .data          0x0080010e        0x0 /usr/lib/gcc/avr/4.9.2/../../../avr/lib/avr5/libc.a(strnlen_P.o)
 .data          0x0080010e        0x0 /usr/lib/gcc/avr/4.9.2/../../../avr/lib/avr5/libc.a(strnlen.o)
 .data          0x0080010e        0x0 /usr/lib/gcc/avr/4.9.2/../../../avr/lib/avr5/libc.a(mul10.o)
 .data          0x0080010e        0x0 /usr/lib/gcc/avr/4.9.2/../../../avr/lib/avr5/libc.a(fgetc.o)
 .data          0x0080010e        0x0 /usr/lib/gcc/avr/4.9.2/../../../avr/lib/avr5/libc.a(fprintf.o)
 .data          0x0080010e        0x0 /usr/lib/gcc/avr/4.9.2/../../../avr/lib/avr5/libc.a(fputc.o)
 .data          0x0080010e        0x0 /usr/lib/gcc/avr/4.9.2/../../../avr/lib/avr5/libc.a(fwrite.o)
 .data          0x0080010e        0x0 /usr/lib/gcc/avr/4.9.2/../../../avr/lib/avr5/libc.a(iob.o)
 .data          0x0080010e        0x0 /usr/lib/gcc/avr/4.9.2/../../../avr/lib/avr5/libc.a(printf.o)
 .data          0x0080010e        0x0 /usr/lib/gcc/avr/4.9.2/../../../avr/lib/avr5/libc.a(putchar.o)
 .data          0x0080010e        0x0 /usr/lib/gcc/avr/4.9.2/../../../avr/lib/avr5/libc.a(ungetc.o)
 .data          0x0080010e        0x0 /usr/lib/gcc/avr/4.9.2/../../../avr/lib/avr5/libc.a(ultoa_invert.o)
 .data          0x0080010e        0x0 /usr/lib/gcc/avr/4.9.2/../../../avr/lib/avr5/libc.a(strtod.o)
 .data          0x0080010e        0x0 /usr/lib/gcc/avr/4.9.2/../../../avr/lib/avr5/libc.a(cty_isfalse.o)
 .data          0x0080010e        0x0 /usr/lib/gcc/avr/4.9.2/../../../avr/lib/avr5/libc.a(strncasecmp_P.o)
 .data          0x0080010e        0x0 /usr/lib/gcc/avr/4.9.2/../../../avr/lib/avr5/libc.a(errno.o)
 .data          0x0080010e        0x0 /usr/lib/gcc/avr/4.9.2/avr5/libgcc.a(_muluhisi3.o)
 *(.data*)
 *(.rodata)
 .rodata        0x0080010e       0xb6 motorctrl.o
 *(.rodata*)
 .rodata.str1.1
                0x008001c4       0x1b test.o
 .rodata.str1.1
                0x008001df       0x52 serialparser.o
 *(.gnu.linkonce.d*)
                0x00800232                . = ALIGN (0x2)
 *fill*         0x00800231        0x1 
                0x00800232                _edata = .
                0x00800232                PROVIDE (__data_end, .)

.bss            0x00800232      0x1ce
                0x00800232                PROVIDE (__bss_start, .)
 *(.bss)
 .bss           0x00800232        0x0 /usr/lib/gcc/avr/4.9.2/../../../avr/lib/avr5/crtatmega328p.o
 .bss           0x00800232        0x0 test.o
 .bss           0x00800232        0x0 USART.o
 .bss           0x00800232        0x0 ADC.o
 .bss           0x00800232        0x0 motorctrl.o
 .bss           0x00800232        0x2 serialparser.o
                0x00800232                ring_read
                0x00800233                ring_write
 .bss           0x00800234        0x0 buttons.o
 .bss           0x00800234        0x0 /usr/lib/gcc/avr/4.9.2/../../../avr/lib/avr5/libprintf_flt.a(vfprintf_flt.o)
 .bss           0x00800234        0x0 /usr/lib/gcc/avr/4.9.2/../../../avr/lib/avr5/libscanf_flt.a(vfscanf_flt.o)
 .bss           0x00800234        0x0 /usr/lib/gcc/avr/4.9.2/../../../avr/lib/avr5/libm.a(addsf3.o)
 .bss           0x00800234        0x0 /usr/lib/gcc/avr/4.9.2/../../../avr/lib/avr5/libm.a(addsf3x.o)
 .bss           0x00800234        0x0 /usr/lib/gcc/avr/4.9.2/../../../avr/lib/avr5/libm.a(atan.o)
 .bss           0x00800234        0x0 /usr/lib/gcc/avr/4.9.2/../../../avr/lib/avr5/libm.a(cmpsf2.o)
 .bss           0x00800234        0x0 /usr/lib/gcc/avr/4.9.2/../../../avr/lib/avr5/libm.a(divsf3.o)
 .bss           0x00800234        0x0 /usr/lib/gcc/avr/4.9.2/../../../avr/lib/avr5/libm.a(divsf3x.o)
 .bss           0x00800234        0x0 /usr/lib/gcc/avr/4.9.2/../../../avr/lib/avr5/libm.a(fixunssfsi.o)
 .bss           0x00800234        0x0 /usr/lib/gcc/avr/4.9.2/../../../avr/lib/avr5/libm.a(floatsisf.o)
 .bss           0x00800234        0x0 /usr/lib/gcc/avr/4.9.2/../../../avr/lib/avr5/libm.a(fp_cmp.o)
 .bss           0x00800234        0x0 /usr/lib/gcc/avr/4.9.2/../../../avr/lib/avr5/libm.a(fp_inf.o)
 .bss           0x00800234        0x0 /usr/lib/gcc/avr/4.9.2/../../../avr/lib/avr5/libm.a(fp_nan.o)
 .bss           0x00800234        0x0 /usr/lib/gcc/avr/4.9.2/../../../avr/lib/avr5/libm.a(fp_powser.o)
 .bss           0x00800234        0x0 /usr/lib/gcc/avr/4.9.2/../../../avr/lib/avr5/libm.a(fp_pscA.o)
 .bss           0x00800234        0x0 /usr/lib/gcc/avr/4.9.2/../../../avr/lib/avr5/libm.a(fp_pscB.o)
 .bss           0x00800234        0x0 /usr/lib/gcc/avr/4.9.2/../../../avr/lib/avr5/libm.a(fp_round.o)
 .bss           0x00800234        0x0 /usr/lib/gcc/avr/4.9.2/../../../avr/lib/avr5/libm.a(fp_split3.o)
 .bss           0x00800234        0x0 /usr/lib/gcc/avr/4.9.2/../../../avr/lib/avr5/libm.a(fp_zero.o)
 .bss           0x00800234        0x0 /usr/lib/gcc/avr/4.9.2/../../../avr/lib/avr5/libm.a(gesf2.o)
 .bss           0x00800234        0x0 /usr/lib/gcc/avr/4.9.2/../../../avr/lib/avr5/libm.a(inverse.o)
 .bss           0x00800234        0x0 /usr/lib/gcc/avr/4.9.2/../../../avr/lib/avr5/libm.a(mulsf3.o)
 .bss           0x00800234        0x0 /usr/lib/gcc/avr/4.9.2/../../../avr/lib/avr5/libm.a(mulsf3x.o)
 .bss           0x00800234        0x0 /usr/lib/gcc/avr/4.9.2/../../../avr/lib/avr5/libm.a(sqrt.o)
 .bss           0x00800234        0x0 /usr/lib/gcc/avr/4.9.2/../../../avr/lib/avr5/libm.a(square.o)
 .bss           0x00800234        0x0 /usr/lib/gcc/avr/4.9.2/../../../avr/lib/avr5/libm.a(fp_mpack.o)
 .bss           0x00800234        0x0 /usr/lib/gcc/avr/4.9.2/../../../avr/lib/avr5/libm.a(fp_norm2.o)
 .bss           0x00800234        0x0 /usr/lib/gcc/avr/4.9.2/avr5/libgcc.a(_udivmodsi4.o)
 .bss           0x00800234        0x0 /usr/lib/gcc/avr/4.9.2/avr5/libgcc.a(_exit.o)
 .bss           0x00800234        0x0 /usr/lib/gcc/avr/4.9.2/avr5/libgcc.a(_copy_data.o)
 .bss           0x00800234        0x0 /usr/lib/gcc/avr/4.9.2/avr5/libgcc.a(_clear_bss.o)
 .bss           0x00800234        0x0 /usr/lib/gcc/avr/4.9.2/avr5/libgcc.a(_umulhisi3.o)
 .bss           0x00800234        0x0 /usr/lib/gcc/avr/4.9.2/avr5/libgcc.a(_prologue.o)
 .bss           0x00800234        0x0 /usr/lib/gcc/avr/4.9.2/avr5/libgcc.a(_epilogue.o)
 .bss           0x00800234        0x0 /usr/lib/gcc/avr/4.9.2/../../../avr/lib/avr5/libc.a(atof.o)
 .bss           0x00800234        0x0 /usr/lib/gcc/avr/4.9.2/../../../avr/lib/avr5/libc.a(atoi.o)
 .bss           0x00800234        0x0 /usr/lib/gcc/avr/4.9.2/../../../avr/lib/avr5/libc.a(ftoa_engine.o)
 .bss           0x00800234        0x0 /usr/lib/gcc/avr/4.9.2/../../../avr/lib/avr5/libc.a(isspace.o)
 .bss           0x00800234        0x0 /usr/lib/gcc/avr/4.9.2/../../../avr/lib/avr5/libc.a(tolower.o)
 .bss           0x00800234        0x0 /usr/lib/gcc/avr/4.9.2/../../../avr/lib/avr5/libc.a(strchr_P.o)
 .bss           0x00800234        0x0 /usr/lib/gcc/avr/4.9.2/../../../avr/lib/avr5/libc.a(strnlen_P.o)
 .bss           0x00800234        0x0 /usr/lib/gcc/avr/4.9.2/../../../avr/lib/avr5/libc.a(strnlen.o)
 .bss           0x00800234        0x0 /usr/lib/gcc/avr/4.9.2/../../../avr/lib/avr5/libc.a(mul10.o)
 .bss           0x00800234        0x0 /usr/lib/gcc/avr/4.9.2/../../../avr/lib/avr5/libc.a(fgetc.o)
 .bss           0x00800234        0x0 /usr/lib/gcc/avr/4.9.2/../../../avr/lib/avr5/libc.a(fprintf.o)
 .bss           0x00800234        0x0 /usr/lib/gcc/avr/4.9.2/../../../avr/lib/avr5/libc.a(fputc.o)
 .bss           0x00800234        0x0 /usr/lib/gcc/avr/4.9.2/../../../avr/lib/avr5/libc.a(fwrite.o)
 .bss           0x00800234        0x0 /usr/lib/gcc/avr/4.9.2/../../../avr/lib/avr5/libc.a(iob.o)
 .bss           0x00800234        0x0 /usr/lib/gcc/avr/4.9.2/../../../avr/lib/avr5/libc.a(printf.o)
 .bss           0x00800234        0x0 /usr/lib/gcc/avr/4.9.2/../../../avr/lib/avr5/libc.a(putchar.o)
 .bss           0x00800234        0x0 /usr/lib/gcc/avr/4.9.2/../../../avr/lib/avr5/libc.a(ungetc.o)
 .bss           0x00800234        0x0 /usr/lib/gcc/avr/4.9.2/../../../avr/lib/avr5/libc.a(ultoa_invert.o)
 .bss           0x00800234        0x0 /usr/lib/gcc/avr/4.9.2/../../../avr/lib/avr5/libc.a(strtod.o)
 .bss           0x00800234        0x0 /usr/lib/gcc/avr/4.9.2/../../../avr/lib/avr5/libc.a(cty_isfalse.o)
 .bss           0x00800234        0x0 /usr/lib/gcc/avr/4.9.2/../../../avr/lib/avr5/libc.a(strncasecmp_P.o)
 .bss           0x00800234        0x0 /usr/lib/gcc/avr/4.9.2/../../../avr/lib/avr5/libc.a(errno.o)
 .bss           0x00800234        0x0 /usr/lib/gcc/avr/4.9.2/avr5/libgcc.a(_muluhisi3.o)
 *(.bss*)
 *(COMMON)
 COMMON         0x00800234       0xc4 test.o
                0x00800234                motors
                0x008002ea                port
 COMMON         0x008002f8      0x100 serialparser.o
                0x008002f8                buffer
 COMMON         0x008003f8        0x6 /usr/lib/gcc/avr/4.9.2/../../../avr/lib/avr5/libc.a(iob.o)
                0x008003f8                __iob
 COMMON         0x008003fe        0x2 /usr/lib/gcc/avr/4.9.2/../../../avr/lib/avr5/libc.a(errno.o)
                0x008003fe                errno
                0x00800400                PROVIDE (__bss_end, .)
                0x00003242                __data_load_start = LOADADDR (.data)
                0x00003374                __data_load_end = (__data_load_start + SIZEOF (.data))

.noinit         0x00800400        0x0
                [!provide]                PROVIDE (__noinit_start, .)
 *(.noinit*)
                [!provide]                PROVIDE (__noinit_end, .)
                0x00800400                _end = .
                [!provide]                PROVIDE (__heap_start, .)

.eeprom         0x00810000        0x0
 *(.eeprom*)
                0x00810000                __eeprom_end = .

.fuse
 *(.fuse)
 *(.lfuse)
 *(.hfuse)
 *(.efuse)

.lock
 *(.lock*)

.signature
 *(.signature*)

.user_signatures
 *(.user_signatures*)

.stab           0x00000000     0x31a4
 *(.stab)
 .stab          0x00000000      0x7bc test.o
 .stab          0x000007bc      0x624 USART.o
                                0x834 (size before relaxing)
 .stab          0x00000de0      0x468 ADC.o
                                0x630 (size before relaxing)
 .stab          0x00001248      0xf6c motorctrl.o
                               0x1188 (size before relaxing)
 .stab          0x000021b4      0xbb8 serialparser.o
                                0xe4c (size before relaxing)
 .stab          0x00002d6c      0x438 buttons.o
                                0x600 (size before relaxing)

.stabstr        0x00000000     0x1c45
 *(.stabstr)
 .stabstr       0x00000000     0x1c45 test.o

.stab.excl
 *(.stab.excl)

.stab.exclstr
 *(.stab.exclstr)

.stab.index
 *(.stab.index)

.stab.indexstr
 *(.stab.indexstr)

.comment        0x00000000       0x11
 *(.comment)
 .comment       0x00000000       0x11 test.o
                                 0x12 (size before relaxing)
 .comment       0x00000011       0x12 USART.o
 .comment       0x00000011       0x12 ADC.o
 .comment       0x00000011       0x12 motorctrl.o
 .comment       0x00000011       0x12 serialparser.o
 .comment       0x00000011       0x12 buttons.o
 .comment       0x00000011       0x12 /usr/lib/gcc/avr/4.9.2/../../../avr/lib/avr5/libprintf_flt.a(vfprintf_flt.o)
 .comment       0x00000011       0x12 /usr/lib/gcc/avr/4.9.2/../../../avr/lib/avr5/libscanf_flt.a(vfscanf_flt.o)
 .comment       0x00000011       0x12 /usr/lib/gcc/avr/4.9.2/../../../avr/lib/avr5/libc.a(fgetc.o)
 .comment       0x00000011       0x12 /usr/lib/gcc/avr/4.9.2/../../../avr/lib/avr5/libc.a(fprintf.o)
 .comment       0x00000011       0x12 /usr/lib/gcc/avr/4.9.2/../../../avr/lib/avr5/libc.a(fputc.o)
 .comment       0x00000011       0x12 /usr/lib/gcc/avr/4.9.2/../../../avr/lib/avr5/libc.a(fwrite.o)
 .comment       0x00000011       0x12 /usr/lib/gcc/avr/4.9.2/../../../avr/lib/avr5/libc.a(iob.o)
 .comment       0x00000011       0x12 /usr/lib/gcc/avr/4.9.2/../../../avr/lib/avr5/libc.a(printf.o)
 .comment       0x00000011       0x12 /usr/lib/gcc/avr/4.9.2/../../../avr/lib/avr5/libc.a(putchar.o)
 .comment       0x00000011       0x12 /usr/lib/gcc/avr/4.9.2/../../../avr/lib/avr5/libc.a(ungetc.o)
 .comment       0x00000011       0x12 /usr/lib/gcc/avr/4.9.2/../../../avr/lib/avr5/libc.a(strtod.o)
 .comment       0x00000011       0x12 /usr/lib/gcc/avr/4.9.2/../../../avr/lib/avr5/libc.a(errno.o)

.note.gnu.avr.deviceinfo
                0x00000000       0x40
 .note.gnu.avr.deviceinfo
                0x00000000       0x40 /usr/lib/gcc/avr/4.9.2/../../../avr/lib/avr5/crtatmega328p.o

.note.gnu.build-id
 *(.note.gnu.build-id)

.debug
 *(.debug)

.line
 *(.line)

.debug_srcinfo
 *(.debug_srcinfo)

.debug_sfnames
 *(.debug_sfnames)

.debug_aranges
 *(.debug_aranges)

.debug_pubnames
 *(.debug_pubnames)

.debug_info
 *(.debug_info .gnu.linkonce.wi.*)

.debug_abbrev
 *(.debug_abbrev)

.debug_line
 *(.debug_line .debug_line.* .debug_line_end)

.debug_frame
 *(.debug_frame)

.debug_str
 *(.debug_str)

.debug_loc
 *(.debug_loc)

.debug_macinfo
 *(.debug_macinfo)

.debug_weaknames
 *(.debug_weaknames)

.debug_funcnames
 *(.debug_funcnames)

.debug_typenames
 *(.debug_typenames)

.debug_varnames
 *(.debug_varnames)

.debug_pubtypes
 *(.debug_pubtypes)

.debug_ranges
 *(.debug_ranges)

.debug_macro
 *(.debug_macro)
OUTPUT(test.elf elf32-avr)
LOAD linker stubs

Cross Reference Table

Symbol                                            File
AVGVoltage                                        ADC.o
                                                  motorctrl.o
GetVoltage                                        ADC.o
                                                  serialparser.o
USART0_Flush                                      USART.o
                                                  test.o
USART_Init                                        USART.o
                                                  test.o
USART_Transmit0                                   USART.o
__addsf3                                          /usr/lib/gcc/avr/4.9.2/../../../avr/lib/avr5/libm.a(addsf3.o)
                                                  motorctrl.o
__addsf3x                                         /usr/lib/gcc/avr/4.9.2/../../../avr/lib/avr5/libm.a(addsf3x.o)
                                                  /usr/lib/gcc/avr/4.9.2/../../../avr/lib/avr5/libm.a(fp_powser.o)
                                                  /usr/lib/gcc/avr/4.9.2/../../../avr/lib/avr5/libm.a(atan.o)
                                                  /usr/lib/gcc/avr/4.9.2/../../../avr/lib/avr5/libm.a(addsf3.o)
__bad_interrupt                                   /usr/lib/gcc/avr/4.9.2/../../../avr/lib/avr5/crtatmega328p.o
__bss_end                                         /usr/lib/gcc/avr/4.9.2/avr5/libgcc.a(_clear_bss.o)
__bss_start                                       /usr/lib/gcc/avr/4.9.2/avr5/libgcc.a(_clear_bss.o)
__cmpsf2                                          /usr/lib/gcc/avr/4.9.2/../../../avr/lib/avr5/libm.a(cmpsf2.o)
__ctype_isfalse                                   /usr/lib/gcc/avr/4.9.2/../../../avr/lib/avr5/libc.a(cty_isfalse.o)
                                                  /usr/lib/gcc/avr/4.9.2/../../../avr/lib/avr5/libc.a(isspace.o)
__ctype_istrue                                    /usr/lib/gcc/avr/4.9.2/../../../avr/lib/avr5/libc.a(cty_isfalse.o)
__data_end                                        /usr/lib/gcc/avr/4.9.2/avr5/libgcc.a(_copy_data.o)
__data_load_start                                 /usr/lib/gcc/avr/4.9.2/avr5/libgcc.a(_copy_data.o)
__data_start                                      /usr/lib/gcc/avr/4.9.2/avr5/libgcc.a(_copy_data.o)
__divsf3                                          /usr/lib/gcc/avr/4.9.2/../../../avr/lib/avr5/libm.a(divsf3.o)
                                                  /usr/lib/gcc/avr/4.9.2/../../../avr/lib/avr5/libm.a(inverse.o)
                                                  motorctrl.o
__divsf3_pse                                      /usr/lib/gcc/avr/4.9.2/../../../avr/lib/avr5/libm.a(divsf3x.o)
__divsf3x                                         /usr/lib/gcc/avr/4.9.2/../../../avr/lib/avr5/libm.a(divsf3x.o)
                                                  /usr/lib/gcc/avr/4.9.2/../../../avr/lib/avr5/libm.a(divsf3.o)
__do_clear_bss                                    /usr/lib/gcc/avr/4.9.2/avr5/libgcc.a(_clear_bss.o)
                                                  /usr/lib/gcc/avr/4.9.2/../../../avr/lib/avr5/libc.a(errno.o)
                                                  /usr/lib/gcc/avr/4.9.2/../../../avr/lib/avr5/libc.a(iob.o)
                                                  serialparser.o
                                                  motorctrl.o
                                                  test.o
__do_copy_data                                    /usr/lib/gcc/avr/4.9.2/avr5/libgcc.a(_copy_data.o)
                                                  serialparser.o
                                                  motorctrl.o
                                                  USART.o
                                                  test.o
__epilogue_restores__                             /usr/lib/gcc/avr/4.9.2/avr5/libgcc.a(_epilogue.o)
                                                  /usr/lib/gcc/avr/4.9.2/../../../avr/lib/avr5/libc.a(strtod.o)
                                                  /usr/lib/gcc/avr/4.9.2/../../../avr/lib/avr5/libc.a(printf.o)
                                                  /usr/lib/gcc/avr/4.9.2/../../../avr/lib/avr5/libc.a(fwrite.o)
                                                  /usr/lib/gcc/avr/4.9.2/../../../avr/lib/avr5/libc.a(fprintf.o)
                                                  /usr/lib/gcc/avr/4.9.2/../../../avr/lib/avr5/libscanf_flt.a(vfscanf_flt.o)
                                                  /usr/lib/gcc/avr/4.9.2/../../../avr/lib/avr5/libprintf_flt.a(vfprintf_flt.o)
                                                  serialparser.o
                                                  motorctrl.o
__eqsf2                                           /usr/lib/gcc/avr/4.9.2/../../../avr/lib/avr5/libm.a(cmpsf2.o)
                                                  /usr/lib/gcc/avr/4.9.2/../../../avr/lib/avr5/libc.a(strtod.o)
__fixunssfsi                                      /usr/lib/gcc/avr/4.9.2/../../../avr/lib/avr5/libm.a(fixunssfsi.o)
                                                  motorctrl.o
__floatsisf                                       /usr/lib/gcc/avr/4.9.2/../../../avr/lib/avr5/libm.a(floatsisf.o)
                                                  motorctrl.o
__floatunsisf                                     /usr/lib/gcc/avr/4.9.2/../../../avr/lib/avr5/libm.a(floatsisf.o)
                                                  /usr/lib/gcc/avr/4.9.2/../../../avr/lib/avr5/libc.a(strtod.o)
                                                  /usr/lib/gcc/avr/4.9.2/../../../avr/lib/avr5/libscanf_flt.a(vfscanf_flt.o)
                                                  motorctrl.o
                                                  test.o
__fp_cmp                                          /usr/lib/gcc/avr/4.9.2/../../../avr/lib/avr5/libm.a(fp_cmp.o)
                                                  /usr/lib/gcc/avr/4.9.2/../../../avr/lib/avr5/libm.a(gesf2.o)
                                                  /usr/lib/gcc/avr/4.9.2/../../../avr/lib/avr5/libm.a(cmpsf2.o)
__fp_inf                                          /usr/lib/gcc/avr/4.9.2/../../../avr/lib/avr5/libm.a(fp_inf.o)
                                                  /usr/lib/gcc/avr/4.9.2/../../../avr/lib/avr5/libm.a(mulsf3x.o)
                                                  /usr/lib/gcc/avr/4.9.2/../../../avr/lib/avr5/libm.a(divsf3x.o)
                                                  /usr/lib/gcc/avr/4.9.2/../../../avr/lib/avr5/libm.a(addsf3x.o)
__fp_mpack                                        /usr/lib/gcc/avr/4.9.2/../../../avr/lib/avr5/libm.a(fp_mpack.o)
                                                  /usr/lib/gcc/avr/4.9.2/../../../avr/lib/avr5/libm.a(sqrt.o)
__fp_mpack_finite                                 /usr/lib/gcc/avr/4.9.2/../../../avr/lib/avr5/libm.a(fp_mpack.o)
__fp_nan                                          /usr/lib/gcc/avr/4.9.2/../../../avr/lib/avr5/libm.a(fp_nan.o)
                                                  /usr/lib/gcc/avr/4.9.2/../../../avr/lib/avr5/libm.a(sqrt.o)
                                                  /usr/lib/gcc/avr/4.9.2/../../../avr/lib/avr5/libm.a(mulsf3x.o)
                                                  /usr/lib/gcc/avr/4.9.2/../../../avr/lib/avr5/libm.a(divsf3x.o)
                                                  /usr/lib/gcc/avr/4.9.2/../../../avr/lib/avr5/libm.a(addsf3x.o)
__fp_norm2                                        /usr/lib/gcc/avr/4.9.2/../../../avr/lib/avr5/libm.a(fp_norm2.o)
                                                  /usr/lib/gcc/avr/4.9.2/../../../avr/lib/avr5/libm.a(sqrt.o)
__fp_powser                                       /usr/lib/gcc/avr/4.9.2/../../../avr/lib/avr5/libm.a(fp_powser.o)
                                                  /usr/lib/gcc/avr/4.9.2/../../../avr/lib/avr5/libm.a(atan.o)
__fp_pscA                                         /usr/lib/gcc/avr/4.9.2/../../../avr/lib/avr5/libm.a(fp_pscA.o)
                                                  /usr/lib/gcc/avr/4.9.2/../../../avr/lib/avr5/libm.a(mulsf3x.o)
                                                  /usr/lib/gcc/avr/4.9.2/../../../avr/lib/avr5/libm.a(divsf3x.o)
                                                  /usr/lib/gcc/avr/4.9.2/../../../avr/lib/avr5/libm.a(addsf3x.o)
__fp_pscB                                         /usr/lib/gcc/avr/4.9.2/../../../avr/lib/avr5/libm.a(fp_pscB.o)
                                                  /usr/lib/gcc/avr/4.9.2/../../../avr/lib/avr5/libm.a(mulsf3x.o)
                                                  /usr/lib/gcc/avr/4.9.2/../../../avr/lib/avr5/libm.a(divsf3x.o)
                                                  /usr/lib/gcc/avr/4.9.2/../../../avr/lib/avr5/libm.a(addsf3x.o)
__fp_round                                        /usr/lib/gcc/avr/4.9.2/../../../avr/lib/avr5/libm.a(fp_round.o)
                                                  /usr/lib/gcc/avr/4.9.2/../../../avr/lib/avr5/libm.a(mulsf3.o)
                                                  /usr/lib/gcc/avr/4.9.2/../../../avr/lib/avr5/libm.a(divsf3.o)
                                                  /usr/lib/gcc/avr/4.9.2/../../../avr/lib/avr5/libm.a(atan.o)
                                                  /usr/lib/gcc/avr/4.9.2/../../../avr/lib/avr5/libm.a(addsf3.o)
__fp_split3                                       /usr/lib/gcc/avr/4.9.2/../../../avr/lib/avr5/libm.a(fp_split3.o)
                                                  /usr/lib/gcc/avr/4.9.2/../../../avr/lib/avr5/libm.a(mulsf3x.o)
                                                  /usr/lib/gcc/avr/4.9.2/../../../avr/lib/avr5/libm.a(divsf3x.o)
                                                  /usr/lib/gcc/avr/4.9.2/../../../avr/lib/avr5/libm.a(addsf3x.o)
__fp_splitA                                       /usr/lib/gcc/avr/4.9.2/../../../avr/lib/avr5/libm.a(fp_split3.o)
                                                  /usr/lib/gcc/avr/4.9.2/../../../avr/lib/avr5/libm.a(sqrt.o)
                                                  /usr/lib/gcc/avr/4.9.2/../../../avr/lib/avr5/libm.a(fixunssfsi.o)
__fp_szero                                        /usr/lib/gcc/avr/4.9.2/../../../avr/lib/avr5/libm.a(fp_zero.o)
                                                  /usr/lib/gcc/avr/4.9.2/../../../avr/lib/avr5/libm.a(mulsf3x.o)
                                                  /usr/lib/gcc/avr/4.9.2/../../../avr/lib/avr5/libm.a(divsf3x.o)
__fp_zero                                         /usr/lib/gcc/avr/4.9.2/../../../avr/lib/avr5/libm.a(fp_zero.o)
                                                  /usr/lib/gcc/avr/4.9.2/../../../avr/lib/avr5/libm.a(fixunssfsi.o)
                                                  /usr/lib/gcc/avr/4.9.2/../../../avr/lib/avr5/libm.a(addsf3x.o)
__ftoa_engine                                     /usr/lib/gcc/avr/4.9.2/../../../avr/lib/avr5/libc.a(ftoa_engine.o)
                                                  /usr/lib/gcc/avr/4.9.2/../../../avr/lib/avr5/libprintf_flt.a(vfprintf_flt.o)
__gesf2                                           /usr/lib/gcc/avr/4.9.2/../../../avr/lib/avr5/libm.a(gesf2.o)
                                                  motorctrl.o
__gtsf2                                           /usr/lib/gcc/avr/4.9.2/../../../avr/lib/avr5/libm.a(gesf2.o)
                                                  motorctrl.o
__heap_end                                        /usr/lib/gcc/avr/4.9.2/../../../avr/lib/avr5/crtatmega328p.o
__init                                            /usr/lib/gcc/avr/4.9.2/../../../avr/lib/avr5/crtatmega328p.o
__iob                                             /usr/lib/gcc/avr/4.9.2/../../../avr/lib/avr5/libc.a(iob.o)
                                                  /usr/lib/gcc/avr/4.9.2/../../../avr/lib/avr5/libc.a(putchar.o)
                                                  /usr/lib/gcc/avr/4.9.2/../../../avr/lib/avr5/libc.a(printf.o)
                                                  USART.o
__lesf2                                           /usr/lib/gcc/avr/4.9.2/../../../avr/lib/avr5/libm.a(cmpsf2.o)
                                                  motorctrl.o
__ltsf2                                           /usr/lib/gcc/avr/4.9.2/../../../avr/lib/avr5/libm.a(cmpsf2.o)
                                                  motorctrl.o
__mulhi_const_10                                  /usr/lib/gcc/avr/4.9.2/../../../avr/lib/avr5/libc.a(mul10.o)
                                                  /usr/lib/gcc/avr/4.9.2/../../../avr/lib/avr5/libc.a(atoi.o)
__mulsf3                                          /usr/lib/gcc/avr/4.9.2/../../../avr/lib/avr5/libm.a(mulsf3.o)
                                                  /usr/lib/gcc/avr/4.9.2/../../../avr/lib/avr5/libc.a(strtod.o)
                                                  /usr/lib/gcc/avr/4.9.2/../../../avr/lib/avr5/libm.a(square.o)
                                                  /usr/lib/gcc/avr/4.9.2/../../../avr/lib/avr5/libscanf_flt.a(vfscanf_flt.o)
                                                  motorctrl.o
__mulsf3_pse                                      /usr/lib/gcc/avr/4.9.2/../../../avr/lib/avr5/libm.a(mulsf3x.o)
__mulsf3x                                         /usr/lib/gcc/avr/4.9.2/../../../avr/lib/avr5/libm.a(mulsf3x.o)
                                                  /usr/lib/gcc/avr/4.9.2/../../../avr/lib/avr5/libm.a(mulsf3.o)
                                                  /usr/lib/gcc/avr/4.9.2/../../../avr/lib/avr5/libm.a(fp_powser.o)
                                                  /usr/lib/gcc/avr/4.9.2/../../../avr/lib/avr5/libm.a(atan.o)
__muluhisi3                                       /usr/lib/gcc/avr/4.9.2/avr5/libgcc.a(_muluhisi3.o)
                                                  /usr/lib/gcc/avr/4.9.2/../../../avr/lib/avr5/libc.a(strtod.o)
__nesf2                                           /usr/lib/gcc/avr/4.9.2/../../../avr/lib/avr5/libm.a(cmpsf2.o)
                                                  /usr/lib/gcc/avr/4.9.2/../../../avr/lib/avr5/libc.a(strtod.o)
__prologue_saves__                                /usr/lib/gcc/avr/4.9.2/avr5/libgcc.a(_prologue.o)
                                                  /usr/lib/gcc/avr/4.9.2/../../../avr/lib/avr5/libc.a(strtod.o)
                                                  /usr/lib/gcc/avr/4.9.2/../../../avr/lib/avr5/libc.a(printf.o)
                                                  /usr/lib/gcc/avr/4.9.2/../../../avr/lib/avr5/libc.a(fwrite.o)
                                                  /usr/lib/gcc/avr/4.9.2/../../../avr/lib/avr5/libc.a(fprintf.o)
                                                  /usr/lib/gcc/avr/4.9.2/../../../avr/lib/avr5/libscanf_flt.a(vfscanf_flt.o)
                                                  /usr/lib/gcc/avr/4.9.2/../../../avr/lib/avr5/libprintf_flt.a(vfprintf_flt.o)
                                                  serialparser.o
                                                  motorctrl.o
                                                  test.o
__stack                                           /usr/lib/gcc/avr/4.9.2/../../../avr/lib/avr5/crtatmega328p.o
__subsf3                                          /usr/lib/gcc/avr/4.9.2/../../../avr/lib/avr5/libm.a(addsf3.o)
                                                  motorctrl.o
__udivmodsi4                                      /usr/lib/gcc/avr/4.9.2/avr5/libgcc.a(_udivmodsi4.o)
                                                  ADC.o
                                                  USART.o
__ultoa_invert                                    /usr/lib/gcc/avr/4.9.2/../../../avr/lib/avr5/libc.a(ultoa_invert.o)
                                                  /usr/lib/gcc/avr/4.9.2/../../../avr/lib/avr5/libprintf_flt.a(vfprintf_flt.o)
__umulhisi3                                       /usr/lib/gcc/avr/4.9.2/avr5/libgcc.a(_umulhisi3.o)
                                                  /usr/lib/gcc/avr/4.9.2/avr5/libgcc.a(_muluhisi3.o)
                                                  motorctrl.o
__vector_1                                        /usr/lib/gcc/avr/4.9.2/../../../avr/lib/avr5/crtatmega328p.o
__vector_10                                       /usr/lib/gcc/avr/4.9.2/../../../avr/lib/avr5/crtatmega328p.o
__vector_11                                       test.o
                                                  /usr/lib/gcc/avr/4.9.2/../../../avr/lib/avr5/crtatmega328p.o
__vector_12                                       /usr/lib/gcc/avr/4.9.2/../../../avr/lib/avr5/crtatmega328p.o
__vector_13                                       /usr/lib/gcc/avr/4.9.2/../../../avr/lib/avr5/crtatmega328p.o
__vector_14                                       /usr/lib/gcc/avr/4.9.2/../../../avr/lib/avr5/crtatmega328p.o
__vector_15                                       /usr/lib/gcc/avr/4.9.2/../../../avr/lib/avr5/crtatmega328p.o
__vector_16                                       /usr/lib/gcc/avr/4.9.2/../../../avr/lib/avr5/crtatmega328p.o
__vector_17                                       /usr/lib/gcc/avr/4.9.2/../../../avr/lib/avr5/crtatmega328p.o
__vector_18                                       serialparser.o
                                                  /usr/lib/gcc/avr/4.9.2/../../../avr/lib/avr5/crtatmega328p.o
__vector_19                                       /usr/lib/gcc/avr/4.9.2/../../../avr/lib/avr5/crtatmega328p.o
__vector_2                                        /usr/lib/gcc/avr/4.9.2/../../../avr/lib/avr5/crtatmega328p.o
__vector_20                                       /usr/lib/gcc/avr/4.9.2/../../../avr/lib/avr5/crtatmega328p.o
__vector_21                                       /usr/lib/gcc/avr/4.9.2/../../../avr/lib/avr5/crtatmega328p.o
__vector_22                                       /usr/lib/gcc/avr/4.9.2/../../../avr/lib/avr5/crtatmega328p.o
__vector_23                                       /usr/lib/gcc/avr/4.9.2/../../../avr/lib/avr5/crtatmega328p.o
__vector_24                                       /usr/lib/gcc/avr/4.9.2/../../../avr/lib/avr5/crtatmega328p.o
__vector_25                                       /usr/lib/gcc/avr/4.9.2/../../../avr/lib/avr5/crtatmega328p.o
__vector_3                                        /usr/lib/gcc/avr/4.9.2/../../../avr/lib/avr5/crtatmega328p.o
__vector_4                                        /usr/lib/gcc/avr/4.9.2/../../../avr/lib/avr5/crtatmega328p.o
__vector_5                                        /usr/lib/gcc/avr/4.9.2/../../../avr/lib/avr5/crtatmega328p.o
__vector_6                                        /usr/lib/gcc/avr/4.9.2/../../../avr/lib/avr5/crtatmega328p.o
__vector_7                                        /usr/lib/gcc/avr/4.9.2/../../../avr/lib/avr5/crtatmega328p.o
__vector_8                                        /usr/lib/gcc/avr/4.9.2/../../../avr/lib/avr5/crtatmega328p.o
__vector_9                                        /usr/lib/gcc/avr/4.9.2/../../../avr/lib/avr5/crtatmega328p.o
__vector_default                                  /usr/lib/gcc/avr/4.9.2/../../../avr/lib/avr5/crtatmega328p.o
__vectors                                         /usr/lib/gcc/avr/4.9.2/../../../avr/lib/avr5/crtatmega328p.o
_exit                                             /usr/lib/gcc/avr/4.9.2/avr5/libgcc.a(_exit.o)
angleConversion                                   motorctrl.o
atan                                              /usr/lib/gcc/avr/4.9.2/../../../avr/lib/avr5/libm.a(atan.o)
                                                  motorctrl.o
atof                                              /usr/lib/gcc/avr/4.9.2/../../../avr/lib/avr5/libc.a(atof.o)
                                                  serialparser.o
atoi                                              /usr/lib/gcc/avr/4.9.2/../../../avr/lib/avr5/libc.a(atoi.o)
                                                  serialparser.o
buffer                                            serialparser.o
delayLoop_us                                      motorctrl.o
disableMotorPWM                                   motorctrl.o
errno                                             /usr/lib/gcc/avr/4.9.2/../../../avr/lib/avr5/libc.a(errno.o)
                                                  /usr/lib/gcc/avr/4.9.2/../../../avr/lib/avr5/libc.a(strtod.o)
exit                                              /usr/lib/gcc/avr/4.9.2/avr5/libgcc.a(_exit.o)
                                                  /usr/lib/gcc/avr/4.9.2/../../../avr/lib/avr5/crtatmega328p.o
fgetc                                             /usr/lib/gcc/avr/4.9.2/../../../avr/lib/avr5/libc.a(fgetc.o)
                                                  /usr/lib/gcc/avr/4.9.2/../../../avr/lib/avr5/libscanf_flt.a(vfscanf_flt.o)
findParameter                                     serialparser.o
fprintf                                           /usr/lib/gcc/avr/4.9.2/../../../avr/lib/avr5/libc.a(fprintf.o)
                                                  serialparser.o
                                                  test.o
fputc                                             /usr/lib/gcc/avr/4.9.2/../../../avr/lib/avr5/libc.a(fputc.o)
                                                  /usr/lib/gcc/avr/4.9.2/../../../avr/lib/avr5/libc.a(putchar.o)
                                                  /usr/lib/gcc/avr/4.9.2/../../../avr/lib/avr5/libprintf_flt.a(vfprintf_flt.o)
                                                  serialparser.o
fwrite                                            /usr/lib/gcc/avr/4.9.2/../../../avr/lib/avr5/libc.a(fwrite.o)
                                                  serialparser.o
getActuatorLength                                 motorctrl.o
getAngle                                          motorctrl.o
                                                  serialparser.o
getAngleActuatorCurrentLength                     motorctrl.o
getAngleMotorStatus                               motorctrl.o
                                                  serialparser.o
getMotorPosition                                  motorctrl.o
getSetAngle                                       motorctrl.o
                                                  serialparser.o
getSetTilt                                        motorctrl.o
                                                  serialparser.o
getTilt                                           motorctrl.o
                                                  serialparser.o
getTiltActuatorCurrentLength                      motorctrl.o
getTiltMotorStatus                                motorctrl.o
                                                  serialparser.o
initADC                                           ADC.o
                                                  test.o
initButtons                                       buttons.o
                                                  test.o
initLED                                           test.o
initMotor                                         motorctrl.o
                                                  test.o
initSerialParser                                  serialparser.o
                                                  test.o
initSystemTimer                                   test.o
inverse                                           /usr/lib/gcc/avr/4.9.2/../../../avr/lib/avr5/libm.a(inverse.o)
                                                  /usr/lib/gcc/avr/4.9.2/../../../avr/lib/avr5/libm.a(atan.o)
isspace                                           /usr/lib/gcc/avr/4.9.2/../../../avr/lib/avr5/libc.a(isspace.o)
                                                  /usr/lib/gcc/avr/4.9.2/../../../avr/lib/avr5/libc.a(strtod.o)
                                                  /usr/lib/gcc/avr/4.9.2/../../../avr/lib/avr5/libscanf_flt.a(vfscanf_flt.o)
main                                              test.o
                                                  /usr/lib/gcc/avr/4.9.2/../../../avr/lib/avr5/crtatmega328p.o
motorControl                                      motorctrl.o
motorControlLoop                                  motorctrl.o
motorController                                   motorctrl.o
motors                                            serialparser.o
                                                  motorctrl.o
                                                  test.o
parseCommands                                     serialparser.o
port                                              serialparser.o
                                                  test.o
printf                                            /usr/lib/gcc/avr/4.9.2/../../../avr/lib/avr5/libc.a(printf.o)
                                                  serialparser.o
put_char0                                         USART.o
putchar                                           /usr/lib/gcc/avr/4.9.2/../../../avr/lib/avr5/libc.a(putchar.o)
                                                  serialparser.o
readAutoManualState                               buttons.o
                                                  test.o
readFloat                                         serialparser.o
readInt16                                         serialparser.o
readTiltButtonState                               buttons.o
                                                  test.o
readTurnButtonState                               buttons.o
                                                  test.o
read_until_line_end                               serialparser.o
ring_read                                         serialparser.o
ring_write                                        serialparser.o
serial_port0                                      USART.o
setAngle                                          motorctrl.o
                                                  serialparser.o
                                                  test.o
setMotor                                          motorctrl.o
setMotorPosition                                  motorctrl.o
setTilt                                           motorctrl.o
                                                  serialparser.o
                                                  test.o
sqrt                                              /usr/lib/gcc/avr/4.9.2/../../../avr/lib/avr5/libm.a(sqrt.o)
                                                  motorctrl.o
sqrtf                                             /usr/lib/gcc/avr/4.9.2/../../../avr/lib/avr5/libm.a(sqrt.o)
square                                            /usr/lib/gcc/avr/4.9.2/../../../avr/lib/avr5/libm.a(square.o)
                                                  /usr/lib/gcc/avr/4.9.2/../../../avr/lib/avr5/libm.a(atan.o)
strchr_P                                          /usr/lib/gcc/avr/4.9.2/../../../avr/lib/avr5/libc.a(strchr_P.o)
                                                  /usr/lib/gcc/avr/4.9.2/../../../avr/lib/avr5/libscanf_flt.a(vfscanf_flt.o)
strncasecmp_P                                     /usr/lib/gcc/avr/4.9.2/../../../avr/lib/avr5/libc.a(strncasecmp_P.o)
                                                  /usr/lib/gcc/avr/4.9.2/../../../avr/lib/avr5/libc.a(strtod.o)
strnlen                                           /usr/lib/gcc/avr/4.9.2/../../../avr/lib/avr5/libc.a(strnlen.o)
                                                  /usr/lib/gcc/avr/4.9.2/../../../avr/lib/avr5/libprintf_flt.a(vfprintf_flt.o)
strnlen_P                                         /usr/lib/gcc/avr/4.9.2/../../../avr/lib/avr5/libc.a(strnlen_P.o)
                                                  /usr/lib/gcc/avr/4.9.2/../../../avr/lib/avr5/libprintf_flt.a(vfprintf_flt.o)
strtod                                            /usr/lib/gcc/avr/4.9.2/../../../avr/lib/avr5/libc.a(strtod.o)
                                                  /usr/lib/gcc/avr/4.9.2/../../../avr/lib/avr5/libc.a(atof.o)
tiltConversion                                    motorctrl.o
tolower                                           /usr/lib/gcc/avr/4.9.2/../../../avr/lib/avr5/libc.a(tolower.o)
                                                  /usr/lib/gcc/avr/4.9.2/../../../avr/lib/avr5/libscanf_flt.a(vfscanf_flt.o)
uart_getchar                                      USART.o
ungetc                                            /usr/lib/gcc/avr/4.9.2/../../../avr/lib/avr5/libc.a(ungetc.o)
                                                  /usr/lib/gcc/avr/4.9.2/../../../avr/lib/avr5/libscanf_flt.a(vfscanf_flt.o)
vfprintf                                          /usr/lib/gcc/avr/4.9.2/../../../avr/lib/avr5/libprintf_flt.a(vfprintf_flt.o)
                                                  /usr/lib/gcc/avr/4.9.2/../../../avr/lib/avr5/libc.a(printf.o)
                                                  /usr/lib/gcc/avr/4.9.2/../../../avr/lib/avr5/libc.a(fprintf.o)
vfscanf                                           /usr/lib/gcc/avr/4.9.2/../../../avr/lib/avr5/libscanf_flt.a(vfscanf_flt.o)
waitResponce                                      USART.o
