Archive member included to satisfy reference by file (symbol)

/usr/lib/gcc/avr/4.9.2/../../../avr/lib/avr5/libprintf_flt.a(vfprintf_flt.o)
                              (vfprintf)
/usr/lib/gcc/avr/4.9.2/../../../avr/lib/avr5/libscanf_flt.a(vfscanf_flt.o)
                              (vfscanf)
/usr/lib/gcc/avr/4.9.2/../../../avr/lib/avr5/libm.a(addsf3.o)
                              motorctrl.o (__subsf3)
/usr/lib/gcc/avr/4.9.2/../../../avr/lib/avr5/libm.a(addsf3x.o)
                              /usr/lib/gcc/avr/4.9.2/../../../avr/lib/avr5/libm.a(addsf3.o) (__addsf3x)
/usr/lib/gcc/avr/4.9.2/../../../avr/lib/avr5/libm.a(atan.o)
                              motorctrl.o (atan)
/usr/lib/gcc/avr/4.9.2/../../../avr/lib/avr5/libm.a(cmpsf2.o)
                              motorctrl.o (__ltsf2)
/usr/lib/gcc/avr/4.9.2/../../../avr/lib/avr5/libm.a(cos.o)
                              motorctrl.o (cos)
/usr/lib/gcc/avr/4.9.2/../../../avr/lib/avr5/libm.a(divsf3.o)
                              motorctrl.o (__divsf3)
/usr/lib/gcc/avr/4.9.2/../../../avr/lib/avr5/libm.a(divsf3x.o)
                              /usr/lib/gcc/avr/4.9.2/../../../avr/lib/avr5/libm.a(divsf3.o) (__divsf3x)
/usr/lib/gcc/avr/4.9.2/../../../avr/lib/avr5/libm.a(fixunssfsi.o)
                              motorctrl.o (__fixunssfsi)
/usr/lib/gcc/avr/4.9.2/../../../avr/lib/avr5/libm.a(floatsisf.o)
                              motorctrl.o (__floatunsisf)
/usr/lib/gcc/avr/4.9.2/../../../avr/lib/avr5/libm.a(fp_cmp.o)
                              /usr/lib/gcc/avr/4.9.2/../../../avr/lib/avr5/libm.a(cmpsf2.o) (__fp_cmp)
/usr/lib/gcc/avr/4.9.2/../../../avr/lib/avr5/libm.a(fp_inf.o)
                              /usr/lib/gcc/avr/4.9.2/../../../avr/lib/avr5/libm.a(addsf3x.o) (__fp_inf)
/usr/lib/gcc/avr/4.9.2/../../../avr/lib/avr5/libm.a(fp_nan.o)
                              /usr/lib/gcc/avr/4.9.2/../../../avr/lib/avr5/libm.a(addsf3x.o) (__fp_nan)
/usr/lib/gcc/avr/4.9.2/../../../avr/lib/avr5/libm.a(fp_powser.o)
                              /usr/lib/gcc/avr/4.9.2/../../../avr/lib/avr5/libm.a(atan.o) (__fp_powser)
/usr/lib/gcc/avr/4.9.2/../../../avr/lib/avr5/libm.a(fp_pscA.o)
                              /usr/lib/gcc/avr/4.9.2/../../../avr/lib/avr5/libm.a(addsf3x.o) (__fp_pscA)
/usr/lib/gcc/avr/4.9.2/../../../avr/lib/avr5/libm.a(fp_pscB.o)
                              /usr/lib/gcc/avr/4.9.2/../../../avr/lib/avr5/libm.a(addsf3x.o) (__fp_pscB)
/usr/lib/gcc/avr/4.9.2/../../../avr/lib/avr5/libm.a(fp_rempio2.o)
                              /usr/lib/gcc/avr/4.9.2/../../../avr/lib/avr5/libm.a(cos.o) (__fp_rempio2)
/usr/lib/gcc/avr/4.9.2/../../../avr/lib/avr5/libm.a(fp_round.o)
                              /usr/lib/gcc/avr/4.9.2/../../../avr/lib/avr5/libm.a(addsf3.o) (__fp_round)
/usr/lib/gcc/avr/4.9.2/../../../avr/lib/avr5/libm.a(fp_sinus.o)
                              /usr/lib/gcc/avr/4.9.2/../../../avr/lib/avr5/libm.a(cos.o) (__fp_sinus)
/usr/lib/gcc/avr/4.9.2/../../../avr/lib/avr5/libm.a(fp_split3.o)
                              /usr/lib/gcc/avr/4.9.2/../../../avr/lib/avr5/libm.a(addsf3x.o) (__fp_split3)
/usr/lib/gcc/avr/4.9.2/../../../avr/lib/avr5/libm.a(fp_zero.o)
                              /usr/lib/gcc/avr/4.9.2/../../../avr/lib/avr5/libm.a(addsf3x.o) (__fp_zero)
/usr/lib/gcc/avr/4.9.2/../../../avr/lib/avr5/libm.a(gesf2.o)
                              motorctrl.o (__gesf2)
/usr/lib/gcc/avr/4.9.2/../../../avr/lib/avr5/libm.a(inverse.o)
                              /usr/lib/gcc/avr/4.9.2/../../../avr/lib/avr5/libm.a(atan.o) (inverse)
/usr/lib/gcc/avr/4.9.2/../../../avr/lib/avr5/libm.a(mulsf3.o)
                              motorctrl.o (__mulsf3)
/usr/lib/gcc/avr/4.9.2/../../../avr/lib/avr5/libm.a(mulsf3x.o)
                              /usr/lib/gcc/avr/4.9.2/../../../avr/lib/avr5/libm.a(atan.o) (__mulsf3x)
/usr/lib/gcc/avr/4.9.2/../../../avr/lib/avr5/libm.a(sin.o)
                              motorctrl.o (sin)
/usr/lib/gcc/avr/4.9.2/../../../avr/lib/avr5/libm.a(sqrt.o)
                              motorctrl.o (sqrt)
/usr/lib/gcc/avr/4.9.2/../../../avr/lib/avr5/libm.a(square.o)
                              /usr/lib/gcc/avr/4.9.2/../../../avr/lib/avr5/libm.a(atan.o) (square)
/usr/lib/gcc/avr/4.9.2/../../../avr/lib/avr5/libm.a(fp_mpack.o)
                              /usr/lib/gcc/avr/4.9.2/../../../avr/lib/avr5/libm.a(sqrt.o) (__fp_mpack)
/usr/lib/gcc/avr/4.9.2/../../../avr/lib/avr5/libm.a(fp_norm2.o)
                              /usr/lib/gcc/avr/4.9.2/../../../avr/lib/avr5/libm.a(sqrt.o) (__fp_norm2)
/usr/lib/gcc/avr/4.9.2/../../../avr/lib/avr5/libm.a(fp_powsodd.o)
                              /usr/lib/gcc/avr/4.9.2/../../../avr/lib/avr5/libm.a(fp_sinus.o) (__fp_powsodd)
/usr/lib/gcc/avr/4.9.2/avr5/libgcc.a(_udivmodsi4.o)
                              USART.o (__udivmodsi4)
/usr/lib/gcc/avr/4.9.2/avr5/libgcc.a(_exit.o)
                              /usr/lib/gcc/avr/4.9.2/../../../avr/lib/avr5/crtatmega328p.o (exit)
/usr/lib/gcc/avr/4.9.2/avr5/libgcc.a(_copy_data.o)
                              test.o (__do_copy_data)
/usr/lib/gcc/avr/4.9.2/avr5/libgcc.a(_clear_bss.o)
                              test.o (__do_clear_bss)
/usr/lib/gcc/avr/4.9.2/avr5/libgcc.a(_umulhisi3.o)
                              motorctrl.o (__umulhisi3)
/usr/lib/gcc/avr/4.9.2/avr5/libgcc.a(_prologue.o)
                              test.o (__prologue_saves__)
/usr/lib/gcc/avr/4.9.2/avr5/libgcc.a(_epilogue.o)
                              motorctrl.o (__epilogue_restores__)
/usr/lib/gcc/avr/4.9.2/../../../avr/lib/avr5/libc.a(atof.o)
                              serialparser.o (atof)
/usr/lib/gcc/avr/4.9.2/../../../avr/lib/avr5/libc.a(atoi.o)
                              serialparser.o (atoi)
/usr/lib/gcc/avr/4.9.2/../../../avr/lib/avr5/libc.a(ftoa_engine.o)
                              /usr/lib/gcc/avr/4.9.2/../../../avr/lib/avr5/libprintf_flt.a(vfprintf_flt.o) (__ftoa_engine)
/usr/lib/gcc/avr/4.9.2/../../../avr/lib/avr5/libc.a(isspace.o)
                              /usr/lib/gcc/avr/4.9.2/../../../avr/lib/avr5/libscanf_flt.a(vfscanf_flt.o) (isspace)
/usr/lib/gcc/avr/4.9.2/../../../avr/lib/avr5/libc.a(tolower.o)
                              /usr/lib/gcc/avr/4.9.2/../../../avr/lib/avr5/libscanf_flt.a(vfscanf_flt.o) (tolower)
/usr/lib/gcc/avr/4.9.2/../../../avr/lib/avr5/libc.a(strchr_P.o)
                              /usr/lib/gcc/avr/4.9.2/../../../avr/lib/avr5/libscanf_flt.a(vfscanf_flt.o) (strchr_P)
/usr/lib/gcc/avr/4.9.2/../../../avr/lib/avr5/libc.a(strnlen_P.o)
                              /usr/lib/gcc/avr/4.9.2/../../../avr/lib/avr5/libprintf_flt.a(vfprintf_flt.o) (strnlen_P)
/usr/lib/gcc/avr/4.9.2/../../../avr/lib/avr5/libc.a(strnlen.o)
                              /usr/lib/gcc/avr/4.9.2/../../../avr/lib/avr5/libprintf_flt.a(vfprintf_flt.o) (strnlen)
/usr/lib/gcc/avr/4.9.2/../../../avr/lib/avr5/libc.a(mul10.o)
                              /usr/lib/gcc/avr/4.9.2/../../../avr/lib/avr5/libc.a(atoi.o) (__mulhi_const_10)
/usr/lib/gcc/avr/4.9.2/../../../avr/lib/avr5/libc.a(fgetc.o)
                              /usr/lib/gcc/avr/4.9.2/../../../avr/lib/avr5/libscanf_flt.a(vfscanf_flt.o) (fgetc)
/usr/lib/gcc/avr/4.9.2/../../../avr/lib/avr5/libc.a(fprintf.o)
                              test.o (fprintf)
/usr/lib/gcc/avr/4.9.2/../../../avr/lib/avr5/libc.a(fprintf_p.o)
                              motorctrl.o (fprintf_P)
/usr/lib/gcc/avr/4.9.2/../../../avr/lib/avr5/libc.a(fputc.o)
                              serialparser.o (fputc)
/usr/lib/gcc/avr/4.9.2/../../../avr/lib/avr5/libc.a(iob.o)
                              USART.o (__iob)
/usr/lib/gcc/avr/4.9.2/../../../avr/lib/avr5/libc.a(ungetc.o)
                              /usr/lib/gcc/avr/4.9.2/../../../avr/lib/avr5/libscanf_flt.a(vfscanf_flt.o) (ungetc)
/usr/lib/gcc/avr/4.9.2/../../../avr/lib/avr5/libc.a(ultoa_invert.o)
                              /usr/lib/gcc/avr/4.9.2/../../../avr/lib/avr5/libprintf_flt.a(vfprintf_flt.o) (__ultoa_invert)
/usr/lib/gcc/avr/4.9.2/../../../avr/lib/avr5/libc.a(strtod.o)
                              /usr/lib/gcc/avr/4.9.2/../../../avr/lib/avr5/libc.a(atof.o) (strtod)
/usr/lib/gcc/avr/4.9.2/../../../avr/lib/avr5/libc.a(cty_isfalse.o)
                              /usr/lib/gcc/avr/4.9.2/../../../avr/lib/avr5/libc.a(isspace.o) (__ctype_isfalse)
/usr/lib/gcc/avr/4.9.2/../../../avr/lib/avr5/libc.a(strncasecmp_P.o)
                              /usr/lib/gcc/avr/4.9.2/../../../avr/lib/avr5/libc.a(strtod.o) (strncasecmp_P)
/usr/lib/gcc/avr/4.9.2/../../../avr/lib/avr5/libc.a(errno.o)
                              /usr/lib/gcc/avr/4.9.2/../../../avr/lib/avr5/libc.a(strtod.o) (errno)
/usr/lib/gcc/avr/4.9.2/avr5/libgcc.a(_muluhisi3.o)
                              /usr/lib/gcc/avr/4.9.2/../../../avr/lib/avr5/libc.a(strtod.o) (__muluhisi3)

Allocating common symbols
Common symbol       size              file

errno               0x2               /usr/lib/gcc/avr/4.9.2/../../../avr/lib/avr5/libc.a(errno.o)
buffer              0x100             serialparser.o
port                0xe               test.o
__iob               0x6               /usr/lib/gcc/avr/4.9.2/../../../avr/lib/avr5/libc.a(iob.o)

Memory Configuration

Name             Origin             Length             Attributes
text             0x00000000         0x00020000         xr
data             0x00800060         0x0000ffa0         rw !x
eeprom           0x00810000         0x00010000         rw !x
fuse             0x00820000         0x00000400         rw !x
lock             0x00830000         0x00000400         rw !x
signature        0x00840000         0x00000400         rw !x
user_signatures  0x00850000         0x00000400         rw !x
*default*        0x00000000         0xffffffff

Linker script and memory map

Address of section .data set to 0x800100
LOAD /usr/lib/gcc/avr/4.9.2/../../../avr/lib/avr5/crtatmega328p.o
LOAD test.o
LOAD USART.o
LOAD ADC.o
LOAD motorctrl.o
LOAD serialparser.o
LOAD buttons.o
LOAD /usr/lib/gcc/avr/4.9.2/../../../avr/lib/avr5/libprintf_flt.a
LOAD /usr/lib/gcc/avr/4.9.2/../../../avr/lib/avr5/libscanf_flt.a
LOAD /usr/lib/gcc/avr/4.9.2/../../../avr/lib/avr5/libm.a
START GROUP
LOAD /usr/lib/gcc/avr/4.9.2/avr5/libgcc.a
LOAD /usr/lib/gcc/avr/4.9.2/../../../avr/lib/avr5/libm.a
LOAD /usr/lib/gcc/avr/4.9.2/../../../avr/lib/avr5/libc.a
LOAD /usr/lib/gcc/avr/4.9.2/../../../avr/lib/avr5/libatmega328p.a
END GROUP
                0x00020000                __TEXT_REGION_LENGTH__ = DEFINED (__TEXT_REGION_LENGTH__)?__TEXT_REGION_LENGTH__:0x20000
                0x0000ffa0                __DATA_REGION_LENGTH__ = DEFINED (__DATA_REGION_LENGTH__)?__DATA_REGION_LENGTH__:0xffa0
                0x00010000                __EEPROM_REGION_LENGTH__ = DEFINED (__EEPROM_REGION_LENGTH__)?__EEPROM_REGION_LENGTH__:0x10000
                0x00000400                __FUSE_REGION_LENGTH__ = DEFINED (__FUSE_REGION_LENGTH__)?__FUSE_REGION_LENGTH__:0x400
                0x00000400                __LOCK_REGION_LENGTH__ = DEFINED (__LOCK_REGION_LENGTH__)?__LOCK_REGION_LENGTH__:0x400
                0x00000400                __SIGNATURE_REGION_LENGTH__ = DEFINED (__SIGNATURE_REGION_LENGTH__)?__SIGNATURE_REGION_LENGTH__:0x400
                0x00000400                __USER_SIGNATURE_REGION_LENGTH__ = DEFINED (__USER_SIGNATURE_REGION_LENGTH__)?__USER_SIGNATURE_REGION_LENGTH__:0x400

.hash
 *(.hash)

.dynsym
 *(.dynsym)

.dynstr
 *(.dynstr)

.gnu.version
 *(.gnu.version)

.gnu.version_d
 *(.gnu.version_d)

.gnu.version_r
 *(.gnu.version_r)

.rel.init
 *(.rel.init)

.rela.init
 *(.rela.init)

.rel.text
 *(.rel.text)
 *(.rel.text.*)
 *(.rel.gnu.linkonce.t*)

.rela.text
 *(.rela.text)
 *(.rela.text.*)
 *(.rela.gnu.linkonce.t*)

.rel.fini
 *(.rel.fini)

.rela.fini
 *(.rela.fini)

.rel.rodata
 *(.rel.rodata)
 *(.rel.rodata.*)
 *(.rel.gnu.linkonce.r*)

.rela.rodata
 *(.rela.rodata)
 *(.rela.rodata.*)
 *(.rela.gnu.linkonce.r*)

.rel.data
 *(.rel.data)
 *(.rel.data.*)
 *(.rel.gnu.linkonce.d*)

.rela.data
 *(.rela.data)
 *(.rela.data.*)
 *(.rela.gnu.linkonce.d*)

.rel.ctors
 *(.rel.ctors)

.rela.ctors
 *(.rela.ctors)

.rel.dtors
 *(.rel.dtors)

.rela.dtors
 *(.rela.dtors)

.rel.got
 *(.rel.got)

.rela.got
 *(.rela.got)

.rel.bss
 *(.rel.bss)

.rela.bss
 *(.rela.bss)

.rel.plt
 *(.rel.plt)

.rela.plt
 *(.rela.plt)

.text           0x00000000     0x5b96
 *(.vectors)
 .vectors       0x00000000       0x68 /usr/lib/gcc/avr/4.9.2/../../../avr/lib/avr5/crtatmega328p.o
                0x00000000                __vectors
                0x00000000                __vector_default
 *(.vectors)
 *(.progmem.gcc*)
 .progmem.gcc_fplib
                0x00000068       0x2d /usr/lib/gcc/avr/4.9.2/../../../avr/lib/avr5/libm.a(atan.o)
 .progmem.gcc_fplib
                0x00000095       0x1e /usr/lib/gcc/avr/4.9.2/../../../avr/lib/avr5/libm.a(fp_sinus.o)
                0x000000b4                . = ALIGN (0x2)
 *fill*         0x000000b3        0x1 
                0x000000b4                __trampolines_start = .
 *(.trampolines)
 .trampolines   0x000000b4        0x0 linker stubs
 *(.trampolines*)
                0x000000b4                __trampolines_end = .
 *libprintf_flt.a:*(.progmem.data)
 .progmem.data  0x000000b4        0x8 /usr/lib/gcc/avr/4.9.2/../../../avr/lib/avr5/libprintf_flt.a(vfprintf_flt.o)
 *libc.a:*(.progmem.data)
 .progmem.data  0x000000bc       0xfa /usr/lib/gcc/avr/4.9.2/../../../avr/lib/avr5/libc.a(ftoa_engine.o)
 .progmem.data  0x000001b6       0x3b /usr/lib/gcc/avr/4.9.2/../../../avr/lib/avr5/libc.a(strtod.o)
 *(.progmem*)
 .progmem.data  0x000001f1       0x89 motorctrl.o
 .progmem.data  0x0000027a       0x17 serialparser.o
 .progmem.data  0x00000291       0x4d /usr/lib/gcc/avr/4.9.2/../../../avr/lib/avr5/libscanf_flt.a(vfscanf_flt.o)
                0x000002de                . = ALIGN (0x2)
 *(.jumptables)
 *(.jumptables*)
 *(.lowtext)
 *(.lowtext*)
                0x000002de                __ctors_start = .
 *(.ctors)
                0x000002de                __ctors_end = .
                0x000002de                __dtors_start = .
 *(.dtors)
                0x000002de                __dtors_end = .
 SORT(*)(.ctors)
 SORT(*)(.dtors)
 *(.init0)
 .init0         0x000002de        0x0 /usr/lib/gcc/avr/4.9.2/../../../avr/lib/avr5/crtatmega328p.o
                0x000002de                __init
 *(.init0)
 *(.init1)
 *(.init1)
 *(.init2)
 .init2         0x000002de        0xc /usr/lib/gcc/avr/4.9.2/../../../avr/lib/avr5/crtatmega328p.o
 *(.init2)
 *(.init3)
 *(.init3)
 *(.init4)
 .init4         0x000002ea       0x16 /usr/lib/gcc/avr/4.9.2/avr5/libgcc.a(_copy_data.o)
                0x000002ea                __do_copy_data
 .init4         0x00000300       0x10 /usr/lib/gcc/avr/4.9.2/avr5/libgcc.a(_clear_bss.o)
                0x00000300                __do_clear_bss
 *(.init4)
 *(.init5)
 *(.init5)
 *(.init6)
 *(.init6)
 *(.init7)
 *(.init7)
 *(.init8)
 *(.init8)
 *(.init9)
 .init9         0x00000310        0x8 /usr/lib/gcc/avr/4.9.2/../../../avr/lib/avr5/crtatmega328p.o
 *(.init9)
 *(.text)
 .text          0x00000318        0x2 /usr/lib/gcc/avr/4.9.2/../../../avr/lib/avr5/crtatmega328p.o
                0x00000318                __vector_22
                0x00000318                __vector_1
                0x00000318                __vector_24
                0x00000318                __vector_12
                0x00000318                __bad_interrupt
                0x00000318                __vector_6
                0x00000318                __vector_3
                0x00000318                __vector_23
                0x00000318                __vector_25
                0x00000318                __vector_13
                0x00000318                __vector_17
                0x00000318                __vector_19
                0x00000318                __vector_7
                0x00000318                __vector_5
                0x00000318                __vector_4
                0x00000318                __vector_9
                0x00000318                __vector_2
                0x00000318                __vector_21
                0x00000318                __vector_15
                0x00000318                __vector_8
                0x00000318                __vector_14
                0x00000318                __vector_10
                0x00000318                __vector_16
                0x00000318                __vector_20
 .text          0x0000031a        0x4 test.o
                0x0000031a                initLED
 .text          0x0000031e      0x116 USART.o
                0x0000031e                put_char0
                0x00000330                USART_Init
                0x000003c4                USART_Transmit0
                0x000003d2                USART0_Flush
                0x000003e2                uart_getchar
                0x000003f0                waitResponce
 .text          0x00000434      0x140 ADC.o
                0x00000434                GetVoltage
                0x00000452                GetOverSampledVoltage
                0x000004b4                initADC
                0x000004ba                AVGVoltage
                0x0000053e                Actuator_ADC
 .text          0x00000574     0x27b2 motorctrl.o
                0x00000574                angleConversion
                0x000006aa                tiltConversion
                0x000007ee                angleDegToLength
                0x000008b2                tiltDegToLength
                0x00000976                __vector_11
                0x000009a4                getTiltMotorMinAngle
                0x000009b6                getAngleMotorMinAngle
                0x000009c8                getTiltMotorMaxAngle
                0x000009ee                getAngleMotorMaxAngle
                0x00000a08                getTiltActuatorCurrentLength
                0x00000a12                getAngleActuatorCurrentLength
                0x00000a1c                getTiltActuatorSetLength
                0x00000a26                getAngleActuatorSetLength
                0x00000a30                getAngle
                0x00000a58                getTilt
                0x00000a80                getSetAngle
                0x00000aa8                getSetTilt
                0x00000ad0                setAngle
                0x00000dd4                setTilt
                0x000010d8                setTiltMotorLength
                0x000011b0                setAngleMotorLength
                0x00001288                getAngleMotorStatus
                0x0000128e                getTiltMotorStatus
                0x00001294                getTiltMotorAVGcurrent
                0x000012a6                getAngleMotorAVGcurrent
                0x000012b8                getTiltMotorMoveSpeed
                0x000012ca                getAngleMotorMoveSpeed
                0x000012dc                getTiltMoveLength
                0x000012e6                getAngleMoveLength
                0x000012f0                getMotorAVGcurrent
                0x00001300                getMotorMoveSpeed
                0x00001310                getMotorMoveLength
                0x0000131c                getMotorPosition
                0x0000134a                getMotorSetPosition
                0x00001378                measureActuatorCurrent
                0x000013e0                setMotorPosition
                0x00001636                calculateMoveLength
                0x00001680                getMotorMinAngle
                0x0000168c                getMotorMaxAngle
                0x000016a4                shutdownMotors
                0x0000178a                setMotorLength
                0x00001832                calculateMoveSpeed
                0x000018b8                calibrateMotors
                0x00001cd2                delayLoop_us
                0x00001d00                disableMotorPWM
                0x00001d54                setMotor
                0x00001e5e                forceMotors
                0x0000207c                motorControl
                0x0000224c                getActuatorLength
                0x000023d2                initMotor
                0x00002766                setLengthLoop
 .text          0x00002d26      0xece serialparser.o
                0x00002d26                read_until_line_end
                0x00002d60                initSerialParser
                0x00002d7a                readInt16
                0x00002dfc                readFloat
                0x00002ee8                findParameter
                0x00002f92                printerr
                0x00002fb4                parseCommands
                0x00003b6c                __vector_18
 .text          0x00003bf4       0x50 buttons.o
                0x00003bf4                initButtons
                0x00003c0a                readAutoManualState
                0x00003c14                readTiltButtonState
                0x00003c2c                readTurnButtonState
 .text          0x00003c44        0x0 /usr/lib/gcc/avr/4.9.2/../../../avr/lib/avr5/libprintf_flt.a(vfprintf_flt.o)
 .text          0x00003c44        0x0 /usr/lib/gcc/avr/4.9.2/../../../avr/lib/avr5/libscanf_flt.a(vfscanf_flt.o)
 .text          0x00003c44        0x0 /usr/lib/gcc/avr/4.9.2/../../../avr/lib/avr5/libm.a(addsf3.o)
 .text          0x00003c44        0x0 /usr/lib/gcc/avr/4.9.2/../../../avr/lib/avr5/libm.a(addsf3x.o)
 .text          0x00003c44        0x0 /usr/lib/gcc/avr/4.9.2/../../../avr/lib/avr5/libm.a(atan.o)
 .text          0x00003c44        0x0 /usr/lib/gcc/avr/4.9.2/../../../avr/lib/avr5/libm.a(cmpsf2.o)
 .text          0x00003c44        0x0 /usr/lib/gcc/avr/4.9.2/../../../avr/lib/avr5/libm.a(cos.o)
 .text          0x00003c44        0x0 /usr/lib/gcc/avr/4.9.2/../../../avr/lib/avr5/libm.a(divsf3.o)
 .text          0x00003c44        0x0 /usr/lib/gcc/avr/4.9.2/../../../avr/lib/avr5/libm.a(divsf3x.o)
 .text          0x00003c44        0x0 /usr/lib/gcc/avr/4.9.2/../../../avr/lib/avr5/libm.a(fixunssfsi.o)
 .text          0x00003c44        0x0 /usr/lib/gcc/avr/4.9.2/../../../avr/lib/avr5/libm.a(floatsisf.o)
 .text          0x00003c44        0x0 /usr/lib/gcc/avr/4.9.2/../../../avr/lib/avr5/libm.a(fp_cmp.o)
 .text          0x00003c44        0x0 /usr/lib/gcc/avr/4.9.2/../../../avr/lib/avr5/libm.a(fp_inf.o)
 .text          0x00003c44        0x0 /usr/lib/gcc/avr/4.9.2/../../../avr/lib/avr5/libm.a(fp_nan.o)
 .text          0x00003c44        0x0 /usr/lib/gcc/avr/4.9.2/../../../avr/lib/avr5/libm.a(fp_powser.o)
 .text          0x00003c44        0x0 /usr/lib/gcc/avr/4.9.2/../../../avr/lib/avr5/libm.a(fp_pscA.o)
 .text          0x00003c44        0x0 /usr/lib/gcc/avr/4.9.2/../../../avr/lib/avr5/libm.a(fp_pscB.o)
 .text          0x00003c44        0x0 /usr/lib/gcc/avr/4.9.2/../../../avr/lib/avr5/libm.a(fp_rempio2.o)
 .text          0x00003c44        0x0 /usr/lib/gcc/avr/4.9.2/../../../avr/lib/avr5/libm.a(fp_round.o)
 .text          0x00003c44        0x0 /usr/lib/gcc/avr/4.9.2/../../../avr/lib/avr5/libm.a(fp_sinus.o)
 .text          0x00003c44        0x0 /usr/lib/gcc/avr/4.9.2/../../../avr/lib/avr5/libm.a(fp_split3.o)
 .text          0x00003c44        0x0 /usr/lib/gcc/avr/4.9.2/../../../avr/lib/avr5/libm.a(fp_zero.o)
 .text          0x00003c44        0x0 /usr/lib/gcc/avr/4.9.2/../../../avr/lib/avr5/libm.a(gesf2.o)
 .text          0x00003c44        0x0 /usr/lib/gcc/avr/4.9.2/../../../avr/lib/avr5/libm.a(inverse.o)
 .text          0x00003c44        0x0 /usr/lib/gcc/avr/4.9.2/../../../avr/lib/avr5/libm.a(mulsf3.o)
 .text          0x00003c44        0x0 /usr/lib/gcc/avr/4.9.2/../../../avr/lib/avr5/libm.a(mulsf3x.o)
 .text          0x00003c44        0x0 /usr/lib/gcc/avr/4.9.2/../../../avr/lib/avr5/libm.a(sin.o)
 .text          0x00003c44        0x0 /usr/lib/gcc/avr/4.9.2/../../../avr/lib/avr5/libm.a(sqrt.o)
 .text          0x00003c44        0x0 /usr/lib/gcc/avr/4.9.2/../../../avr/lib/avr5/libm.a(square.o)
 .text          0x00003c44        0x0 /usr/lib/gcc/avr/4.9.2/../../../avr/lib/avr5/libm.a(fp_mpack.o)
 .text          0x00003c44        0x0 /usr/lib/gcc/avr/4.9.2/../../../avr/lib/avr5/libm.a(fp_norm2.o)
 .text          0x00003c44        0x0 /usr/lib/gcc/avr/4.9.2/../../../avr/lib/avr5/libm.a(fp_powsodd.o)
 .text          0x00003c44        0x0 /usr/lib/gcc/avr/4.9.2/avr5/libgcc.a(_udivmodsi4.o)
 .text          0x00003c44        0x0 /usr/lib/gcc/avr/4.9.2/avr5/libgcc.a(_exit.o)
 .text          0x00003c44        0x0 /usr/lib/gcc/avr/4.9.2/avr5/libgcc.a(_copy_data.o)
 .text          0x00003c44        0x0 /usr/lib/gcc/avr/4.9.2/avr5/libgcc.a(_clear_bss.o)
 .text          0x00003c44        0x0 /usr/lib/gcc/avr/4.9.2/avr5/libgcc.a(_umulhisi3.o)
 .text          0x00003c44        0x0 /usr/lib/gcc/avr/4.9.2/avr5/libgcc.a(_prologue.o)
 .text          0x00003c44        0x0 /usr/lib/gcc/avr/4.9.2/avr5/libgcc.a(_epilogue.o)
 .text          0x00003c44        0x0 /usr/lib/gcc/avr/4.9.2/../../../avr/lib/avr5/libc.a(atof.o)
 .text          0x00003c44        0x0 /usr/lib/gcc/avr/4.9.2/../../../avr/lib/avr5/libc.a(atoi.o)
 .text          0x00003c44        0x0 /usr/lib/gcc/avr/4.9.2/../../../avr/lib/avr5/libc.a(ftoa_engine.o)
 .text          0x00003c44        0x0 /usr/lib/gcc/avr/4.9.2/../../../avr/lib/avr5/libc.a(isspace.o)
 .text          0x00003c44        0x0 /usr/lib/gcc/avr/4.9.2/../../../avr/lib/avr5/libc.a(tolower.o)
 .text          0x00003c44        0x0 /usr/lib/gcc/avr/4.9.2/../../../avr/lib/avr5/libc.a(strchr_P.o)
 .text          0x00003c44        0x0 /usr/lib/gcc/avr/4.9.2/../../../avr/lib/avr5/libc.a(strnlen_P.o)
 .text          0x00003c44        0x0 /usr/lib/gcc/avr/4.9.2/../../../avr/lib/avr5/libc.a(strnlen.o)
 .text          0x00003c44        0x0 /usr/lib/gcc/avr/4.9.2/../../../avr/lib/avr5/libc.a(mul10.o)
 .text          0x00003c44        0x0 /usr/lib/gcc/avr/4.9.2/../../../avr/lib/avr5/libc.a(fgetc.o)
 .text          0x00003c44        0x0 /usr/lib/gcc/avr/4.9.2/../../../avr/lib/avr5/libc.a(fprintf.o)
 .text          0x00003c44        0x0 /usr/lib/gcc/avr/4.9.2/../../../avr/lib/avr5/libc.a(fprintf_p.o)
 .text          0x00003c44        0x0 /usr/lib/gcc/avr/4.9.2/../../../avr/lib/avr5/libc.a(fputc.o)
 .text          0x00003c44        0x0 /usr/lib/gcc/avr/4.9.2/../../../avr/lib/avr5/libc.a(iob.o)
 .text          0x00003c44        0x0 /usr/lib/gcc/avr/4.9.2/../../../avr/lib/avr5/libc.a(ungetc.o)
 .text          0x00003c44        0x0 /usr/lib/gcc/avr/4.9.2/../../../avr/lib/avr5/libc.a(ultoa_invert.o)
 .text          0x00003c44        0x0 /usr/lib/gcc/avr/4.9.2/../../../avr/lib/avr5/libc.a(strtod.o)
 .text          0x00003c44        0x0 /usr/lib/gcc/avr/4.9.2/../../../avr/lib/avr5/libc.a(cty_isfalse.o)
 .text          0x00003c44        0x0 /usr/lib/gcc/avr/4.9.2/../../../avr/lib/avr5/libc.a(strncasecmp_P.o)
 .text          0x00003c44        0x0 /usr/lib/gcc/avr/4.9.2/../../../avr/lib/avr5/libc.a(errno.o)
 .text          0x00003c44        0x0 /usr/lib/gcc/avr/4.9.2/avr5/libgcc.a(_muluhisi3.o)
                0x00003c44                . = ALIGN (0x2)
 *(.text.*)
 .text.startup  0x00003c44      0x248 test.o
                0x00003c44                main
 .text.avr-libc
                0x00003e8c      0x6f6 /usr/lib/gcc/avr/4.9.2/../../../avr/lib/avr5/libprintf_flt.a(vfprintf_flt.o)
                0x00003e8c                vfprintf
 .text.avr-libc
                0x00004582      0x796 /usr/lib/gcc/avr/4.9.2/../../../avr/lib/avr5/libscanf_flt.a(vfscanf_flt.o)
                0x00004ad6                vfscanf
 .text.avr-libc.fplib
                0x00004d18        0xa /usr/lib/gcc/avr/4.9.2/../../../avr/lib/avr5/libm.a(addsf3.o)
                0x00004d18                __subsf3
                0x00004d1a                __addsf3
 .text.avr-libc.fplib
                0x00004d22       0xc0 /usr/lib/gcc/avr/4.9.2/../../../avr/lib/avr5/libm.a(addsf3x.o)
                0x00004d3c                __addsf3x
 .text.avr-libc.fplib
                0x00004de2       0x50 /usr/lib/gcc/avr/4.9.2/../../../avr/lib/avr5/libm.a(atan.o)
                0x00004de2                atan
 .text.avr-libc.fplib
                0x00004e32        0x8 /usr/lib/gcc/avr/4.9.2/../../../avr/lib/avr5/libm.a(cmpsf2.o)
                0x00004e32                __lesf2
                0x00004e32                __nesf2
                0x00004e32                __eqsf2
                0x00004e32                __cmpsf2
                0x00004e32                __ltsf2
 .text.avr-libc.fplib
                0x00004e3a        0x6 /usr/lib/gcc/avr/4.9.2/../../../avr/lib/avr5/libm.a(cos.o)
                0x00004e3a                cos
 .text.avr-libc.fplib
                0x00004e40        0x4 /usr/lib/gcc/avr/4.9.2/../../../avr/lib/avr5/libm.a(divsf3.o)
                0x00004e40                __divsf3
 .text.avr-libc.fplib
                0x00004e44       0xcc /usr/lib/gcc/avr/4.9.2/../../../avr/lib/avr5/libm.a(divsf3x.o)
                0x00004e5a                __divsf3x
                0x00004e5e                __divsf3_pse
 .text.avr-libc.fplib
                0x00004f10       0x58 /usr/lib/gcc/avr/4.9.2/../../../avr/lib/avr5/libm.a(fixunssfsi.o)
                0x00004f10                __fixunssfsi
 .text.avr-libc.fplib
                0x00004f68       0x7a /usr/lib/gcc/avr/4.9.2/../../../avr/lib/avr5/libm.a(floatsisf.o)
                0x00004f68                __floatunsisf
                0x00004f6c                __floatsisf
 .text.avr-libc.fplib
                0x00004fe2       0x48 /usr/lib/gcc/avr/4.9.2/../../../avr/lib/avr5/libm.a(fp_cmp.o)
                0x00004fe2                __fp_cmp
 .text.avr-libc.fplib
                0x0000502a        0xc /usr/lib/gcc/avr/4.9.2/../../../avr/lib/avr5/libm.a(fp_inf.o)
                0x0000502a                __fp_inf
 .text.avr-libc.fplib
                0x00005036        0x6 /usr/lib/gcc/avr/4.9.2/../../../avr/lib/avr5/libm.a(fp_nan.o)
                0x00005036                __fp_nan
 .text.avr-libc.fplib
                0x0000503c       0x4a /usr/lib/gcc/avr/4.9.2/../../../avr/lib/avr5/libm.a(fp_powser.o)
                0x0000503c                __fp_powser
 .text.avr-libc.fplib
                0x00005086        0xe /usr/lib/gcc/avr/4.9.2/../../../avr/lib/avr5/libm.a(fp_pscA.o)
                0x00005086                __fp_pscA
 .text.avr-libc.fplib
                0x00005094        0xe /usr/lib/gcc/avr/4.9.2/../../../avr/lib/avr5/libm.a(fp_pscB.o)
                0x00005094                __fp_pscB
 .text.avr-libc.fplib
                0x000050a2       0x50 /usr/lib/gcc/avr/4.9.2/../../../avr/lib/avr5/libm.a(fp_rempio2.o)
                0x000050a4                __fp_rempio2
 .text.avr-libc.fplib
                0x000050f2       0x22 /usr/lib/gcc/avr/4.9.2/../../../avr/lib/avr5/libm.a(fp_round.o)
                0x000050f2                __fp_round
 .text.avr-libc.fplib
                0x00005114       0x22 /usr/lib/gcc/avr/4.9.2/../../../avr/lib/avr5/libm.a(fp_sinus.o)
                0x00005114                __fp_sinus
 .text.avr-libc.fplib
                0x00005136       0x44 /usr/lib/gcc/avr/4.9.2/../../../avr/lib/avr5/libm.a(fp_split3.o)
                0x00005136                __fp_split3
                0x00005146                __fp_splitA
 .text.avr-libc.fplib
                0x0000517a        0xe /usr/lib/gcc/avr/4.9.2/../../../avr/lib/avr5/libm.a(fp_zero.o)
                0x0000517a                __fp_zero
                0x0000517c                __fp_szero
 .text.avr-libc.fplib
                0x00005188        0x8 /usr/lib/gcc/avr/4.9.2/../../../avr/lib/avr5/libm.a(gesf2.o)
                0x00005188                __gtsf2
                0x00005188                __gesf2
 .text.avr-libc.fplib
                0x00005190        0xe /usr/lib/gcc/avr/4.9.2/../../../avr/lib/avr5/libm.a(inverse.o)
                0x00005190                inverse
 .text.avr-libc.fplib
                0x0000519e        0x4 /usr/lib/gcc/avr/4.9.2/../../../avr/lib/avr5/libm.a(mulsf3.o)
                0x0000519e                __mulsf3
 .text.avr-libc.fplib
                0x000051a2       0xc2 /usr/lib/gcc/avr/4.9.2/../../../avr/lib/avr5/libm.a(mulsf3x.o)
                0x000051b6                __mulsf3x
                0x000051ba                __mulsf3_pse
 .text.avr-libc.fplib
                0x00005264        0xc /usr/lib/gcc/avr/4.9.2/../../../avr/lib/avr5/libm.a(sin.o)
                0x00005264                sin
 .text.avr-libc.fplib
                0x00005270       0x84 /usr/lib/gcc/avr/4.9.2/../../../avr/lib/avr5/libm.a(sqrt.o)
                0x00005278                sqrt
                0x00005278                sqrtf
 .text.avr-libc.fplib
                0x000052f4        0x6 /usr/lib/gcc/avr/4.9.2/../../../avr/lib/avr5/libm.a(square.o)
                0x000052f4                square
 .text.avr-libc.fplib
                0x000052fa       0x1c /usr/lib/gcc/avr/4.9.2/../../../avr/lib/avr5/libm.a(fp_mpack.o)
                0x000052fa                __fp_mpack
                0x000052fe                __fp_mpack_finite
 .text.avr-libc.fplib
                0x00005316        0xe /usr/lib/gcc/avr/4.9.2/../../../avr/lib/avr5/libm.a(fp_norm2.o)
                0x00005316                __fp_norm2
 .text.avr-libc.fplib
                0x00005324       0x22 /usr/lib/gcc/avr/4.9.2/../../../avr/lib/avr5/libm.a(fp_powsodd.o)
                0x00005324                __fp_powsodd
 .text.libgcc.mul
                0x00005346        0x0 /usr/lib/gcc/avr/4.9.2/avr5/libgcc.a(_udivmodsi4.o)
 .text.libgcc.div
                0x00005346       0x44 /usr/lib/gcc/avr/4.9.2/avr5/libgcc.a(_udivmodsi4.o)
                0x00005346                __udivmodsi4
 .text.libgcc   0x0000538a        0x0 /usr/lib/gcc/avr/4.9.2/avr5/libgcc.a(_udivmodsi4.o)
 .text.libgcc.prologue
                0x0000538a        0x0 /usr/lib/gcc/avr/4.9.2/avr5/libgcc.a(_udivmodsi4.o)
 .text.libgcc.builtins
                0x0000538a        0x0 /usr/lib/gcc/avr/4.9.2/avr5/libgcc.a(_udivmodsi4.o)
 .text.libgcc.fmul
                0x0000538a        0x0 /usr/lib/gcc/avr/4.9.2/avr5/libgcc.a(_udivmodsi4.o)
 .text.libgcc.fixed
                0x0000538a        0x0 /usr/lib/gcc/avr/4.9.2/avr5/libgcc.a(_udivmodsi4.o)
 .text.libgcc.mul
                0x0000538a        0x0 /usr/lib/gcc/avr/4.9.2/avr5/libgcc.a(_exit.o)
 .text.libgcc.div
                0x0000538a        0x0 /usr/lib/gcc/avr/4.9.2/avr5/libgcc.a(_exit.o)
 .text.libgcc   0x0000538a        0x0 /usr/lib/gcc/avr/4.9.2/avr5/libgcc.a(_exit.o)
 .text.libgcc.prologue
                0x0000538a        0x0 /usr/lib/gcc/avr/4.9.2/avr5/libgcc.a(_exit.o)
 .text.libgcc.builtins
                0x0000538a        0x0 /usr/lib/gcc/avr/4.9.2/avr5/libgcc.a(_exit.o)
 .text.libgcc.fmul
                0x0000538a        0x0 /usr/lib/gcc/avr/4.9.2/avr5/libgcc.a(_exit.o)
 .text.libgcc.fixed
                0x0000538a        0x0 /usr/lib/gcc/avr/4.9.2/avr5/libgcc.a(_exit.o)
 .text.libgcc.mul
                0x0000538a        0x0 /usr/lib/gcc/avr/4.9.2/avr5/libgcc.a(_copy_data.o)
 .text.libgcc.div
                0x0000538a        0x0 /usr/lib/gcc/avr/4.9.2/avr5/libgcc.a(_copy_data.o)
 .text.libgcc   0x0000538a        0x0 /usr/lib/gcc/avr/4.9.2/avr5/libgcc.a(_copy_data.o)
 .text.libgcc.prologue
                0x0000538a        0x0 /usr/lib/gcc/avr/4.9.2/avr5/libgcc.a(_copy_data.o)
 .text.libgcc.builtins
                0x0000538a        0x0 /usr/lib/gcc/avr/4.9.2/avr5/libgcc.a(_copy_data.o)
 .text.libgcc.fmul
                0x0000538a        0x0 /usr/lib/gcc/avr/4.9.2/avr5/libgcc.a(_copy_data.o)
 .text.libgcc.fixed
                0x0000538a        0x0 /usr/lib/gcc/avr/4.9.2/avr5/libgcc.a(_copy_data.o)
 .text.libgcc.mul
                0x0000538a        0x0 /usr/lib/gcc/avr/4.9.2/avr5/libgcc.a(_clear_bss.o)
 .text.libgcc.div
                0x0000538a        0x0 /usr/lib/gcc/avr/4.9.2/avr5/libgcc.a(_clear_bss.o)
 .text.libgcc   0x0000538a        0x0 /usr/lib/gcc/avr/4.9.2/avr5/libgcc.a(_clear_bss.o)
 .text.libgcc.prologue
                0x0000538a        0x0 /usr/lib/gcc/avr/4.9.2/avr5/libgcc.a(_clear_bss.o)
 .text.libgcc.builtins
                0x0000538a        0x0 /usr/lib/gcc/avr/4.9.2/avr5/libgcc.a(_clear_bss.o)
 .text.libgcc.fmul
                0x0000538a        0x0 /usr/lib/gcc/avr/4.9.2/avr5/libgcc.a(_clear_bss.o)
 .text.libgcc.fixed
                0x0000538a        0x0 /usr/lib/gcc/avr/4.9.2/avr5/libgcc.a(_clear_bss.o)
 .text.libgcc.mul
                0x0000538a       0x1e /usr/lib/gcc/avr/4.9.2/avr5/libgcc.a(_umulhisi3.o)
                0x0000538a                __umulhisi3
 .text.libgcc.div
                0x000053a8        0x0 /usr/lib/gcc/avr/4.9.2/avr5/libgcc.a(_umulhisi3.o)
 .text.libgcc   0x000053a8        0x0 /usr/lib/gcc/avr/4.9.2/avr5/libgcc.a(_umulhisi3.o)
 .text.libgcc.prologue
                0x000053a8        0x0 /usr/lib/gcc/avr/4.9.2/avr5/libgcc.a(_umulhisi3.o)
 .text.libgcc.builtins
                0x000053a8        0x0 /usr/lib/gcc/avr/4.9.2/avr5/libgcc.a(_umulhisi3.o)
 .text.libgcc.fmul
                0x000053a8        0x0 /usr/lib/gcc/avr/4.9.2/avr5/libgcc.a(_umulhisi3.o)
 .text.libgcc.fixed
                0x000053a8        0x0 /usr/lib/gcc/avr/4.9.2/avr5/libgcc.a(_umulhisi3.o)
 .text.libgcc.mul
                0x000053a8        0x0 /usr/lib/gcc/avr/4.9.2/avr5/libgcc.a(_prologue.o)
 .text.libgcc.div
                0x000053a8        0x0 /usr/lib/gcc/avr/4.9.2/avr5/libgcc.a(_prologue.o)
 .text.libgcc   0x000053a8        0x0 /usr/lib/gcc/avr/4.9.2/avr5/libgcc.a(_prologue.o)
 .text.libgcc.prologue
                0x000053a8       0x38 /usr/lib/gcc/avr/4.9.2/avr5/libgcc.a(_prologue.o)
                0x000053a8                __prologue_saves__
 .text.libgcc.builtins
                0x000053e0        0x0 /usr/lib/gcc/avr/4.9.2/avr5/libgcc.a(_prologue.o)
 .text.libgcc.fmul
                0x000053e0        0x0 /usr/lib/gcc/avr/4.9.2/avr5/libgcc.a(_prologue.o)
 .text.libgcc.fixed
                0x000053e0        0x0 /usr/lib/gcc/avr/4.9.2/avr5/libgcc.a(_prologue.o)
 .text.libgcc.mul
                0x000053e0        0x0 /usr/lib/gcc/avr/4.9.2/avr5/libgcc.a(_epilogue.o)
 .text.libgcc.div
                0x000053e0        0x0 /usr/lib/gcc/avr/4.9.2/avr5/libgcc.a(_epilogue.o)
 .text.libgcc   0x000053e0        0x0 /usr/lib/gcc/avr/4.9.2/avr5/libgcc.a(_epilogue.o)
 .text.libgcc.prologue
                0x000053e0       0x36 /usr/lib/gcc/avr/4.9.2/avr5/libgcc.a(_epilogue.o)
                0x000053e0                __epilogue_restores__
 .text.libgcc.builtins
                0x00005416        0x0 /usr/lib/gcc/avr/4.9.2/avr5/libgcc.a(_epilogue.o)
 .text.libgcc.fmul
                0x00005416        0x0 /usr/lib/gcc/avr/4.9.2/avr5/libgcc.a(_epilogue.o)
 .text.libgcc.fixed
                0x00005416        0x0 /usr/lib/gcc/avr/4.9.2/avr5/libgcc.a(_epilogue.o)
 .text.avr-libc
                0x00005416        0x6 /usr/lib/gcc/avr/4.9.2/../../../avr/lib/avr5/libc.a(atof.o)
                0x00005416                atof
 .text.avr-libc
                0x0000541c       0x3a /usr/lib/gcc/avr/4.9.2/../../../avr/lib/avr5/libc.a(atoi.o)
                0x0000541c                atoi
 .text.avr-libc
                0x00005456      0x1b0 /usr/lib/gcc/avr/4.9.2/../../../avr/lib/avr5/libc.a(ftoa_engine.o)
                0x00005456                __ftoa_engine
 .text.avr-libc
                0x00005606       0x10 /usr/lib/gcc/avr/4.9.2/../../../avr/lib/avr5/libc.a(isspace.o)
                0x00005606                isspace
 .text.avr-libc
                0x00005616       0x10 /usr/lib/gcc/avr/4.9.2/../../../avr/lib/avr5/libc.a(tolower.o)
                0x00005616                tolower
 .text.avr-libc
                0x00005626       0x16 /usr/lib/gcc/avr/4.9.2/../../../avr/lib/avr5/libc.a(strchr_P.o)
                0x00005626                strchr_P
 .text.avr-libc
                0x0000563c       0x16 /usr/lib/gcc/avr/4.9.2/../../../avr/lib/avr5/libc.a(strnlen_P.o)
                0x0000563c                strnlen_P
 .text.avr-libc
                0x00005652       0x16 /usr/lib/gcc/avr/4.9.2/../../../avr/lib/avr5/libc.a(strnlen.o)
                0x00005652                strnlen
 .text.avr-libc
                0x00005668       0x10 /usr/lib/gcc/avr/4.9.2/../../../avr/lib/avr5/libc.a(mul10.o)
                0x00005668                __mulhi_const_10
 .text.avr-libc
                0x00005678       0x7c /usr/lib/gcc/avr/4.9.2/../../../avr/lib/avr5/libc.a(fgetc.o)
                0x00005678                fgetc
 .text.avr-libc
                0x000056f4       0x20 /usr/lib/gcc/avr/4.9.2/../../../avr/lib/avr5/libc.a(fprintf.o)
                0x000056f4                fprintf
 .text.avr-libc
                0x00005714       0x32 /usr/lib/gcc/avr/4.9.2/../../../avr/lib/avr5/libc.a(fprintf_p.o)
                0x00005714                fprintf_P
 .text.avr-libc
                0x00005746       0x70 /usr/lib/gcc/avr/4.9.2/../../../avr/lib/avr5/libc.a(fputc.o)
                0x00005746                fputc
 .text.avr-libc
                0x000057b6       0x32 /usr/lib/gcc/avr/4.9.2/../../../avr/lib/avr5/libc.a(ungetc.o)
                0x000057b6                ungetc
 .text.avr-libc
                0x000057e8       0xbc /usr/lib/gcc/avr/4.9.2/../../../avr/lib/avr5/libc.a(ultoa_invert.o)
                0x000057e8                __ultoa_invert
 .text.avr-libc
                0x000058a4      0x2a4 /usr/lib/gcc/avr/4.9.2/../../../avr/lib/avr5/libc.a(strtod.o)
                0x000058a4                strtod
 .text.avr-libc
                0x00005b48        0x6 /usr/lib/gcc/avr/4.9.2/../../../avr/lib/avr5/libc.a(cty_isfalse.o)
                0x00005b48                __ctype_isfalse
                0x00005b4c                __ctype_istrue
 .text.avr-libc
                0x00005b4e       0x30 /usr/lib/gcc/avr/4.9.2/../../../avr/lib/avr5/libc.a(strncasecmp_P.o)
                0x00005b4e                strncasecmp_P
 .text.libgcc.mul
                0x00005b7e       0x14 /usr/lib/gcc/avr/4.9.2/avr5/libgcc.a(_muluhisi3.o)
                0x00005b7e                __muluhisi3
 .text.libgcc.div
                0x00005b92        0x0 /usr/lib/gcc/avr/4.9.2/avr5/libgcc.a(_muluhisi3.o)
 .text.libgcc   0x00005b92        0x0 /usr/lib/gcc/avr/4.9.2/avr5/libgcc.a(_muluhisi3.o)
 .text.libgcc.prologue
                0x00005b92        0x0 /usr/lib/gcc/avr/4.9.2/avr5/libgcc.a(_muluhisi3.o)
 .text.libgcc.builtins
                0x00005b92        0x0 /usr/lib/gcc/avr/4.9.2/avr5/libgcc.a(_muluhisi3.o)
 .text.libgcc.fmul
                0x00005b92        0x0 /usr/lib/gcc/avr/4.9.2/avr5/libgcc.a(_muluhisi3.o)
 .text.libgcc.fixed
                0x00005b92        0x0 /usr/lib/gcc/avr/4.9.2/avr5/libgcc.a(_muluhisi3.o)
                0x00005b92                . = ALIGN (0x2)
 *(.fini9)
 .fini9         0x00005b92        0x0 /usr/lib/gcc/avr/4.9.2/avr5/libgcc.a(_exit.o)
                0x00005b92                exit
                0x00005b92                _exit
 *(.fini9)
 *(.fini8)
 *(.fini8)
 *(.fini7)
 *(.fini7)
 *(.fini6)
 *(.fini6)
 *(.fini5)
 *(.fini5)
 *(.fini4)
 *(.fini4)
 *(.fini3)
 *(.fini3)
 *(.fini2)
 *(.fini2)
 *(.fini1)
 *(.fini1)
 *(.fini0)
 .fini0         0x00005b92        0x4 /usr/lib/gcc/avr/4.9.2/avr5/libgcc.a(_exit.o)
 *(.fini0)
                0x00005b96                _etext = .

.data           0x00800100      0x1ac load address 0x00005b96
                0x00800100                PROVIDE (__data_start, .)
 *(.data)
 .data          0x00800100        0x0 /usr/lib/gcc/avr/4.9.2/../../../avr/lib/avr5/crtatmega328p.o
 .data          0x00800100        0x0 test.o
 .data          0x00800100        0xe USART.o
                0x00800100                serial_port0
 .data          0x0080010e        0x0 ADC.o
 .data          0x0080010e       0xc9 motorctrl.o
                0x0080010e                running_motor
                0x0080010f                motors
 .data          0x008001d7        0x0 serialparser.o
 .data          0x008001d7        0x0 buttons.o
 .data          0x008001d7        0x0 /usr/lib/gcc/avr/4.9.2/../../../avr/lib/avr5/libprintf_flt.a(vfprintf_flt.o)
 .data          0x008001d7        0x0 /usr/lib/gcc/avr/4.9.2/../../../avr/lib/avr5/libscanf_flt.a(vfscanf_flt.o)
 .data          0x008001d7        0x0 /usr/lib/gcc/avr/4.9.2/../../../avr/lib/avr5/libm.a(addsf3.o)
 .data          0x008001d7        0x0 /usr/lib/gcc/avr/4.9.2/../../../avr/lib/avr5/libm.a(addsf3x.o)
 .data          0x008001d7        0x0 /usr/lib/gcc/avr/4.9.2/../../../avr/lib/avr5/libm.a(atan.o)
 .data          0x008001d7        0x0 /usr/lib/gcc/avr/4.9.2/../../../avr/lib/avr5/libm.a(cmpsf2.o)
 .data          0x008001d7        0x0 /usr/lib/gcc/avr/4.9.2/../../../avr/lib/avr5/libm.a(cos.o)
 .data          0x008001d7        0x0 /usr/lib/gcc/avr/4.9.2/../../../avr/lib/avr5/libm.a(divsf3.o)
 .data          0x008001d7        0x0 /usr/lib/gcc/avr/4.9.2/../../../avr/lib/avr5/libm.a(divsf3x.o)
 .data          0x008001d7        0x0 /usr/lib/gcc/avr/4.9.2/../../../avr/lib/avr5/libm.a(fixunssfsi.o)
 .data          0x008001d7        0x0 /usr/lib/gcc/avr/4.9.2/../../../avr/lib/avr5/libm.a(floatsisf.o)
 .data          0x008001d7        0x0 /usr/lib/gcc/avr/4.9.2/../../../avr/lib/avr5/libm.a(fp_cmp.o)
 .data          0x008001d7        0x0 /usr/lib/gcc/avr/4.9.2/../../../avr/lib/avr5/libm.a(fp_inf.o)
 .data          0x008001d7        0x0 /usr/lib/gcc/avr/4.9.2/../../../avr/lib/avr5/libm.a(fp_nan.o)
 .data          0x008001d7        0x0 /usr/lib/gcc/avr/4.9.2/../../../avr/lib/avr5/libm.a(fp_powser.o)
 .data          0x008001d7        0x0 /usr/lib/gcc/avr/4.9.2/../../../avr/lib/avr5/libm.a(fp_pscA.o)
 .data          0x008001d7        0x0 /usr/lib/gcc/avr/4.9.2/../../../avr/lib/avr5/libm.a(fp_pscB.o)
 .data          0x008001d7        0x0 /usr/lib/gcc/avr/4.9.2/../../../avr/lib/avr5/libm.a(fp_rempio2.o)
 .data          0x008001d7        0x0 /usr/lib/gcc/avr/4.9.2/../../../avr/lib/avr5/libm.a(fp_round.o)
 .data          0x008001d7        0x0 /usr/lib/gcc/avr/4.9.2/../../../avr/lib/avr5/libm.a(fp_sinus.o)
 .data          0x008001d7        0x0 /usr/lib/gcc/avr/4.9.2/../../../avr/lib/avr5/libm.a(fp_split3.o)
 .data          0x008001d7        0x0 /usr/lib/gcc/avr/4.9.2/../../../avr/lib/avr5/libm.a(fp_zero.o)
 .data          0x008001d7        0x0 /usr/lib/gcc/avr/4.9.2/../../../avr/lib/avr5/libm.a(gesf2.o)
 .data          0x008001d7        0x0 /usr/lib/gcc/avr/4.9.2/../../../avr/lib/avr5/libm.a(inverse.o)
 .data          0x008001d7        0x0 /usr/lib/gcc/avr/4.9.2/../../../avr/lib/avr5/libm.a(mulsf3.o)
 .data          0x008001d7        0x0 /usr/lib/gcc/avr/4.9.2/../../../avr/lib/avr5/libm.a(mulsf3x.o)
 .data          0x008001d7        0x0 /usr/lib/gcc/avr/4.9.2/../../../avr/lib/avr5/libm.a(sin.o)
 .data          0x008001d7        0x0 /usr/lib/gcc/avr/4.9.2/../../../avr/lib/avr5/libm.a(sqrt.o)
 .data          0x008001d7        0x0 /usr/lib/gcc/avr/4.9.2/../../../avr/lib/avr5/libm.a(square.o)
 .data          0x008001d7        0x0 /usr/lib/gcc/avr/4.9.2/../../../avr/lib/avr5/libm.a(fp_mpack.o)
 .data          0x008001d7        0x0 /usr/lib/gcc/avr/4.9.2/../../../avr/lib/avr5/libm.a(fp_norm2.o)
 .data          0x008001d7        0x0 /usr/lib/gcc/avr/4.9.2/../../../avr/lib/avr5/libm.a(fp_powsodd.o)
 .data          0x008001d7        0x0 /usr/lib/gcc/avr/4.9.2/avr5/libgcc.a(_udivmodsi4.o)
 .data          0x008001d7        0x0 /usr/lib/gcc/avr/4.9.2/avr5/libgcc.a(_exit.o)
 .data          0x008001d7        0x0 /usr/lib/gcc/avr/4.9.2/avr5/libgcc.a(_copy_data.o)
 .data          0x008001d7        0x0 /usr/lib/gcc/avr/4.9.2/avr5/libgcc.a(_clear_bss.o)
 .data          0x008001d7        0x0 /usr/lib/gcc/avr/4.9.2/avr5/libgcc.a(_umulhisi3.o)
 .data          0x008001d7        0x0 /usr/lib/gcc/avr/4.9.2/avr5/libgcc.a(_prologue.o)
 .data          0x008001d7        0x0 /usr/lib/gcc/avr/4.9.2/avr5/libgcc.a(_epilogue.o)
 .data          0x008001d7        0x0 /usr/lib/gcc/avr/4.9.2/../../../avr/lib/avr5/libc.a(atof.o)
 .data          0x008001d7        0x0 /usr/lib/gcc/avr/4.9.2/../../../avr/lib/avr5/libc.a(atoi.o)
 .data          0x008001d7        0x0 /usr/lib/gcc/avr/4.9.2/../../../avr/lib/avr5/libc.a(ftoa_engine.o)
 .data          0x008001d7        0x0 /usr/lib/gcc/avr/4.9.2/../../../avr/lib/avr5/libc.a(isspace.o)
 .data          0x008001d7        0x0 /usr/lib/gcc/avr/4.9.2/../../../avr/lib/avr5/libc.a(tolower.o)
 .data          0x008001d7        0x0 /usr/lib/gcc/avr/4.9.2/../../../avr/lib/avr5/libc.a(strchr_P.o)
 .data          0x008001d7        0x0 /usr/lib/gcc/avr/4.9.2/../../../avr/lib/avr5/libc.a(strnlen_P.o)
 .data          0x008001d7        0x0 /usr/lib/gcc/avr/4.9.2/../../../avr/lib/avr5/libc.a(strnlen.o)
 .data          0x008001d7        0x0 /usr/lib/gcc/avr/4.9.2/../../../avr/lib/avr5/libc.a(mul10.o)
 .data          0x008001d7        0x0 /usr/lib/gcc/avr/4.9.2/../../../avr/lib/avr5/libc.a(fgetc.o)
 .data          0x008001d7        0x0 /usr/lib/gcc/avr/4.9.2/../../../avr/lib/avr5/libc.a(fprintf.o)
 .data          0x008001d7        0x0 /usr/lib/gcc/avr/4.9.2/../../../avr/lib/avr5/libc.a(fprintf_p.o)
 .data          0x008001d7        0x0 /usr/lib/gcc/avr/4.9.2/../../../avr/lib/avr5/libc.a(fputc.o)
 .data          0x008001d7        0x0 /usr/lib/gcc/avr/4.9.2/../../../avr/lib/avr5/libc.a(iob.o)
 .data          0x008001d7        0x0 /usr/lib/gcc/avr/4.9.2/../../../avr/lib/avr5/libc.a(ungetc.o)
 .data          0x008001d7        0x0 /usr/lib/gcc/avr/4.9.2/../../../avr/lib/avr5/libc.a(ultoa_invert.o)
 .data          0x008001d7        0x0 /usr/lib/gcc/avr/4.9.2/../../../avr/lib/avr5/libc.a(strtod.o)
 .data          0x008001d7        0x0 /usr/lib/gcc/avr/4.9.2/../../../avr/lib/avr5/libc.a(cty_isfalse.o)
 .data          0x008001d7        0x0 /usr/lib/gcc/avr/4.9.2/../../../avr/lib/avr5/libc.a(strncasecmp_P.o)
 .data          0x008001d7        0x0 /usr/lib/gcc/avr/4.9.2/../../../avr/lib/avr5/libc.a(errno.o)
 .data          0x008001d7        0x0 /usr/lib/gcc/avr/4.9.2/avr5/libgcc.a(_muluhisi3.o)
 *(.data*)
 *(.rodata)
 *(.rodata*)
 .rodata.str1.1
                0x008001d7        0xd test.o
 .rodata.str1.1
                0x008001e4       0x13 motorctrl.o
                                 0x17 (size before relaxing)
 .rodata.str1.1
                0x008001f7       0xb4 serialparser.o
                                 0xc1 (size before relaxing)
 *(.gnu.linkonce.d*)
                0x008002ac                . = ALIGN (0x2)
 *fill*         0x008002ab        0x1 
                0x008002ac                _edata = .
                0x008002ac                PROVIDE (__data_end, .)

.bss            0x008002ac      0x11a
                0x008002ac                PROVIDE (__bss_start, .)
 *(.bss)
 .bss           0x008002ac        0x0 /usr/lib/gcc/avr/4.9.2/../../../avr/lib/avr5/crtatmega328p.o
 .bss           0x008002ac        0x0 test.o
 .bss           0x008002ac        0x0 USART.o
 .bss           0x008002ac        0x0 ADC.o
 .bss           0x008002ac        0x2 motorctrl.o
                0x008002ac                systick
 .bss           0x008002ae        0x2 serialparser.o
                0x008002ae                ring_read
                0x008002af                ring_write
 .bss           0x008002b0        0x0 buttons.o
 .bss           0x008002b0        0x0 /usr/lib/gcc/avr/4.9.2/../../../avr/lib/avr5/libprintf_flt.a(vfprintf_flt.o)
 .bss           0x008002b0        0x0 /usr/lib/gcc/avr/4.9.2/../../../avr/lib/avr5/libscanf_flt.a(vfscanf_flt.o)
 .bss           0x008002b0        0x0 /usr/lib/gcc/avr/4.9.2/../../../avr/lib/avr5/libm.a(addsf3.o)
 .bss           0x008002b0        0x0 /usr/lib/gcc/avr/4.9.2/../../../avr/lib/avr5/libm.a(addsf3x.o)
 .bss           0x008002b0        0x0 /usr/lib/gcc/avr/4.9.2/../../../avr/lib/avr5/libm.a(atan.o)
 .bss           0x008002b0        0x0 /usr/lib/gcc/avr/4.9.2/../../../avr/lib/avr5/libm.a(cmpsf2.o)
 .bss           0x008002b0        0x0 /usr/lib/gcc/avr/4.9.2/../../../avr/lib/avr5/libm.a(cos.o)
 .bss           0x008002b0        0x0 /usr/lib/gcc/avr/4.9.2/../../../avr/lib/avr5/libm.a(divsf3.o)
 .bss           0x008002b0        0x0 /usr/lib/gcc/avr/4.9.2/../../../avr/lib/avr5/libm.a(divsf3x.o)
 .bss           0x008002b0        0x0 /usr/lib/gcc/avr/4.9.2/../../../avr/lib/avr5/libm.a(fixunssfsi.o)
 .bss           0x008002b0        0x0 /usr/lib/gcc/avr/4.9.2/../../../avr/lib/avr5/libm.a(floatsisf.o)
 .bss           0x008002b0        0x0 /usr/lib/gcc/avr/4.9.2/../../../avr/lib/avr5/libm.a(fp_cmp.o)
 .bss           0x008002b0        0x0 /usr/lib/gcc/avr/4.9.2/../../../avr/lib/avr5/libm.a(fp_inf.o)
 .bss           0x008002b0        0x0 /usr/lib/gcc/avr/4.9.2/../../../avr/lib/avr5/libm.a(fp_nan.o)
 .bss           0x008002b0        0x0 /usr/lib/gcc/avr/4.9.2/../../../avr/lib/avr5/libm.a(fp_powser.o)
 .bss           0x008002b0        0x0 /usr/lib/gcc/avr/4.9.2/../../../avr/lib/avr5/libm.a(fp_pscA.o)
 .bss           0x008002b0        0x0 /usr/lib/gcc/avr/4.9.2/../../../avr/lib/avr5/libm.a(fp_pscB.o)
 .bss           0x008002b0        0x0 /usr/lib/gcc/avr/4.9.2/../../../avr/lib/avr5/libm.a(fp_rempio2.o)
 .bss           0x008002b0        0x0 /usr/lib/gcc/avr/4.9.2/../../../avr/lib/avr5/libm.a(fp_round.o)
 .bss           0x008002b0        0x0 /usr/lib/gcc/avr/4.9.2/../../../avr/lib/avr5/libm.a(fp_sinus.o)
 .bss           0x008002b0        0x0 /usr/lib/gcc/avr/4.9.2/../../../avr/lib/avr5/libm.a(fp_split3.o)
 .bss           0x008002b0        0x0 /usr/lib/gcc/avr/4.9.2/../../../avr/lib/avr5/libm.a(fp_zero.o)
 .bss           0x008002b0        0x0 /usr/lib/gcc/avr/4.9.2/../../../avr/lib/avr5/libm.a(gesf2.o)
 .bss           0x008002b0        0x0 /usr/lib/gcc/avr/4.9.2/../../../avr/lib/avr5/libm.a(inverse.o)
 .bss           0x008002b0        0x0 /usr/lib/gcc/avr/4.9.2/../../../avr/lib/avr5/libm.a(mulsf3.o)
 .bss           0x008002b0        0x0 /usr/lib/gcc/avr/4.9.2/../../../avr/lib/avr5/libm.a(mulsf3x.o)
 .bss           0x008002b0        0x0 /usr/lib/gcc/avr/4.9.2/../../../avr/lib/avr5/libm.a(sin.o)
 .bss           0x008002b0        0x0 /usr/lib/gcc/avr/4.9.2/../../../avr/lib/avr5/libm.a(sqrt.o)
 .bss           0x008002b0        0x0 /usr/lib/gcc/avr/4.9.2/../../../avr/lib/avr5/libm.a(square.o)
 .bss           0x008002b0        0x0 /usr/lib/gcc/avr/4.9.2/../../../avr/lib/avr5/libm.a(fp_mpack.o)
 .bss           0x008002b0        0x0 /usr/lib/gcc/avr/4.9.2/../../../avr/lib/avr5/libm.a(fp_norm2.o)
 .bss           0x008002b0        0x0 /usr/lib/gcc/avr/4.9.2/../../../avr/lib/avr5/libm.a(fp_powsodd.o)
 .bss           0x008002b0        0x0 /usr/lib/gcc/avr/4.9.2/avr5/libgcc.a(_udivmodsi4.o)
 .bss           0x008002b0        0x0 /usr/lib/gcc/avr/4.9.2/avr5/libgcc.a(_exit.o)
 .bss           0x008002b0        0x0 /usr/lib/gcc/avr/4.9.2/avr5/libgcc.a(_copy_data.o)
 .bss           0x008002b0        0x0 /usr/lib/gcc/avr/4.9.2/avr5/libgcc.a(_clear_bss.o)
 .bss           0x008002b0        0x0 /usr/lib/gcc/avr/4.9.2/avr5/libgcc.a(_umulhisi3.o)
 .bss           0x008002b0        0x0 /usr/lib/gcc/avr/4.9.2/avr5/libgcc.a(_prologue.o)
 .bss           0x008002b0        0x0 /usr/lib/gcc/avr/4.9.2/avr5/libgcc.a(_epilogue.o)
 .bss           0x008002b0        0x0 /usr/lib/gcc/avr/4.9.2/../../../avr/lib/avr5/libc.a(atof.o)
 .bss           0x008002b0        0x0 /usr/lib/gcc/avr/4.9.2/../../../avr/lib/avr5/libc.a(atoi.o)
 .bss           0x008002b0        0x0 /usr/lib/gcc/avr/4.9.2/../../../avr/lib/avr5/libc.a(ftoa_engine.o)
 .bss           0x008002b0        0x0 /usr/lib/gcc/avr/4.9.2/../../../avr/lib/avr5/libc.a(isspace.o)
 .bss           0x008002b0        0x0 /usr/lib/gcc/avr/4.9.2/../../../avr/lib/avr5/libc.a(tolower.o)
 .bss           0x008002b0        0x0 /usr/lib/gcc/avr/4.9.2/../../../avr/lib/avr5/libc.a(strchr_P.o)
 .bss           0x008002b0        0x0 /usr/lib/gcc/avr/4.9.2/../../../avr/lib/avr5/libc.a(strnlen_P.o)
 .bss           0x008002b0        0x0 /usr/lib/gcc/avr/4.9.2/../../../avr/lib/avr5/libc.a(strnlen.o)
 .bss           0x008002b0        0x0 /usr/lib/gcc/avr/4.9.2/../../../avr/lib/avr5/libc.a(mul10.o)
 .bss           0x008002b0        0x0 /usr/lib/gcc/avr/4.9.2/../../../avr/lib/avr5/libc.a(fgetc.o)
 .bss           0x008002b0        0x0 /usr/lib/gcc/avr/4.9.2/../../../avr/lib/avr5/libc.a(fprintf.o)
 .bss           0x008002b0        0x0 /usr/lib/gcc/avr/4.9.2/../../../avr/lib/avr5/libc.a(fprintf_p.o)
 .bss           0x008002b0        0x0 /usr/lib/gcc/avr/4.9.2/../../../avr/lib/avr5/libc.a(fputc.o)
 .bss           0x008002b0        0x0 /usr/lib/gcc/avr/4.9.2/../../../avr/lib/avr5/libc.a(iob.o)
 .bss           0x008002b0        0x0 /usr/lib/gcc/avr/4.9.2/../../../avr/lib/avr5/libc.a(ungetc.o)
 .bss           0x008002b0        0x0 /usr/lib/gcc/avr/4.9.2/../../../avr/lib/avr5/libc.a(ultoa_invert.o)
 .bss           0x008002b0        0x0 /usr/lib/gcc/avr/4.9.2/../../../avr/lib/avr5/libc.a(strtod.o)
 .bss           0x008002b0        0x0 /usr/lib/gcc/avr/4.9.2/../../../avr/lib/avr5/libc.a(cty_isfalse.o)
 .bss           0x008002b0        0x0 /usr/lib/gcc/avr/4.9.2/../../../avr/lib/avr5/libc.a(strncasecmp_P.o)
 .bss           0x008002b0        0x0 /usr/lib/gcc/avr/4.9.2/../../../avr/lib/avr5/libc.a(errno.o)
 .bss           0x008002b0        0x0 /usr/lib/gcc/avr/4.9.2/avr5/libgcc.a(_muluhisi3.o)
 *(.bss*)
 *(COMMON)
 COMMON         0x008002b0        0xe test.o
                0x008002b0                port
 COMMON         0x008002be      0x100 serialparser.o
                0x008002be                buffer
 COMMON         0x008003be        0x6 /usr/lib/gcc/avr/4.9.2/../../../avr/lib/avr5/libc.a(iob.o)
                0x008003be                __iob
 COMMON         0x008003c4        0x2 /usr/lib/gcc/avr/4.9.2/../../../avr/lib/avr5/libc.a(errno.o)
                0x008003c4                errno
                0x008003c6                PROVIDE (__bss_end, .)
                0x00005b96                __data_load_start = LOADADDR (.data)
                0x00005d42                __data_load_end = (__data_load_start + SIZEOF (.data))

.noinit         0x008003c6        0x0
                [!provide]                PROVIDE (__noinit_start, .)
 *(.noinit*)
                [!provide]                PROVIDE (__noinit_end, .)
                0x008003c6                _end = .
                [!provide]                PROVIDE (__heap_start, .)

.eeprom         0x00810000        0x0
 *(.eeprom*)
                0x00810000                __eeprom_end = .

.fuse
 *(.fuse)
 *(.lfuse)
 *(.hfuse)
 *(.efuse)

.lock
 *(.lock*)

.signature
 *(.signature*)

.user_signatures
 *(.user_signatures*)

.stab           0x00000000     0x5dd8
 *(.stab)
 .stab          0x00000000      0x870 test.o
 .stab          0x00000870      0x624 USART.o
                                0x834 (size before relaxing)
 .stab          0x00000e94      0x63c ADC.o
                                0x804 (size before relaxing)
 .stab          0x000014d0     0x2e2c motorctrl.o
                               0x3084 (size before relaxing)
 .stab          0x000042fc     0x16bc serialparser.o
                               0x1950 (size before relaxing)
 .stab          0x000059b8      0x420 buttons.o
                                0x5e8 (size before relaxing)

.stabstr        0x00000000     0x1fea
 *(.stabstr)
 .stabstr       0x00000000     0x1fea test.o

.stab.excl
 *(.stab.excl)

.stab.exclstr
 *(.stab.exclstr)

.stab.index
 *(.stab.index)

.stab.indexstr
 *(.stab.indexstr)

.comment        0x00000000       0x11
 *(.comment)
 .comment       0x00000000       0x11 test.o
                                 0x12 (size before relaxing)
 .comment       0x00000011       0x12 USART.o
 .comment       0x00000011       0x12 ADC.o
 .comment       0x00000011       0x12 motorctrl.o
 .comment       0x00000011       0x12 serialparser.o
 .comment       0x00000011       0x12 buttons.o
 .comment       0x00000011       0x12 /usr/lib/gcc/avr/4.9.2/../../../avr/lib/avr5/libprintf_flt.a(vfprintf_flt.o)
 .comment       0x00000011       0x12 /usr/lib/gcc/avr/4.9.2/../../../avr/lib/avr5/libscanf_flt.a(vfscanf_flt.o)
 .comment       0x00000011       0x12 /usr/lib/gcc/avr/4.9.2/../../../avr/lib/avr5/libc.a(fgetc.o)
 .comment       0x00000011       0x12 /usr/lib/gcc/avr/4.9.2/../../../avr/lib/avr5/libc.a(fprintf.o)
 .comment       0x00000011       0x12 /usr/lib/gcc/avr/4.9.2/../../../avr/lib/avr5/libc.a(fprintf_p.o)
 .comment       0x00000011       0x12 /usr/lib/gcc/avr/4.9.2/../../../avr/lib/avr5/libc.a(fputc.o)
 .comment       0x00000011       0x12 /usr/lib/gcc/avr/4.9.2/../../../avr/lib/avr5/libc.a(iob.o)
 .comment       0x00000011       0x12 /usr/lib/gcc/avr/4.9.2/../../../avr/lib/avr5/libc.a(ungetc.o)
 .comment       0x00000011       0x12 /usr/lib/gcc/avr/4.9.2/../../../avr/lib/avr5/libc.a(strtod.o)
 .comment       0x00000011       0x12 /usr/lib/gcc/avr/4.9.2/../../../avr/lib/avr5/libc.a(errno.o)

.note.gnu.avr.deviceinfo
                0x00000000       0x40
 .note.gnu.avr.deviceinfo
                0x00000000       0x40 /usr/lib/gcc/avr/4.9.2/../../../avr/lib/avr5/crtatmega328p.o

.note.gnu.build-id
 *(.note.gnu.build-id)

.debug
 *(.debug)

.line
 *(.line)

.debug_srcinfo
 *(.debug_srcinfo)

.debug_sfnames
 *(.debug_sfnames)

.debug_aranges
 *(.debug_aranges)

.debug_pubnames
 *(.debug_pubnames)

.debug_info
 *(.debug_info .gnu.linkonce.wi.*)

.debug_abbrev
 *(.debug_abbrev)

.debug_line
 *(.debug_line .debug_line.* .debug_line_end)

.debug_frame
 *(.debug_frame)

.debug_str
 *(.debug_str)

.debug_loc
 *(.debug_loc)

.debug_macinfo
 *(.debug_macinfo)

.debug_weaknames
 *(.debug_weaknames)

.debug_funcnames
 *(.debug_funcnames)

.debug_typenames
 *(.debug_typenames)

.debug_varnames
 *(.debug_varnames)

.debug_pubtypes
 *(.debug_pubtypes)

.debug_ranges
 *(.debug_ranges)

.debug_macro
 *(.debug_macro)
OUTPUT(test.elf elf32-avr)
LOAD linker stubs

Cross Reference Table

Symbol                                            File
AVGVoltage                                        ADC.o
                                                  motorctrl.o
Actuator_ADC                                      ADC.o
GetOverSampledVoltage                             ADC.o
                                                  serialparser.o
GetVoltage                                        ADC.o
                                                  serialparser.o
USART0_Flush                                      USART.o
                                                  test.o
USART_Init                                        USART.o
                                                  test.o
USART_Transmit0                                   USART.o
__addsf3                                          /usr/lib/gcc/avr/4.9.2/../../../avr/lib/avr5/libm.a(addsf3.o)
                                                  motorctrl.o
__addsf3x                                         /usr/lib/gcc/avr/4.9.2/../../../avr/lib/avr5/libm.a(addsf3x.o)
                                                  /usr/lib/gcc/avr/4.9.2/../../../avr/lib/avr5/libm.a(fp_sinus.o)
                                                  /usr/lib/gcc/avr/4.9.2/../../../avr/lib/avr5/libm.a(fp_powser.o)
                                                  /usr/lib/gcc/avr/4.9.2/../../../avr/lib/avr5/libm.a(atan.o)
                                                  /usr/lib/gcc/avr/4.9.2/../../../avr/lib/avr5/libm.a(addsf3.o)
__bad_interrupt                                   /usr/lib/gcc/avr/4.9.2/../../../avr/lib/avr5/crtatmega328p.o
__bss_end                                         /usr/lib/gcc/avr/4.9.2/avr5/libgcc.a(_clear_bss.o)
__bss_start                                       /usr/lib/gcc/avr/4.9.2/avr5/libgcc.a(_clear_bss.o)
__cmpsf2                                          /usr/lib/gcc/avr/4.9.2/../../../avr/lib/avr5/libm.a(cmpsf2.o)
__ctype_isfalse                                   /usr/lib/gcc/avr/4.9.2/../../../avr/lib/avr5/libc.a(cty_isfalse.o)
                                                  /usr/lib/gcc/avr/4.9.2/../../../avr/lib/avr5/libc.a(isspace.o)
__ctype_istrue                                    /usr/lib/gcc/avr/4.9.2/../../../avr/lib/avr5/libc.a(cty_isfalse.o)
__data_end                                        /usr/lib/gcc/avr/4.9.2/avr5/libgcc.a(_copy_data.o)
__data_load_start                                 /usr/lib/gcc/avr/4.9.2/avr5/libgcc.a(_copy_data.o)
__data_start                                      /usr/lib/gcc/avr/4.9.2/avr5/libgcc.a(_copy_data.o)
__divsf3                                          /usr/lib/gcc/avr/4.9.2/../../../avr/lib/avr5/libm.a(divsf3.o)
                                                  /usr/lib/gcc/avr/4.9.2/../../../avr/lib/avr5/libm.a(inverse.o)
                                                  motorctrl.o
__divsf3_pse                                      /usr/lib/gcc/avr/4.9.2/../../../avr/lib/avr5/libm.a(divsf3x.o)
__divsf3x                                         /usr/lib/gcc/avr/4.9.2/../../../avr/lib/avr5/libm.a(divsf3x.o)
                                                  /usr/lib/gcc/avr/4.9.2/../../../avr/lib/avr5/libm.a(divsf3.o)
__do_clear_bss                                    /usr/lib/gcc/avr/4.9.2/avr5/libgcc.a(_clear_bss.o)
                                                  /usr/lib/gcc/avr/4.9.2/../../../avr/lib/avr5/libc.a(errno.o)
                                                  /usr/lib/gcc/avr/4.9.2/../../../avr/lib/avr5/libc.a(iob.o)
                                                  serialparser.o
                                                  motorctrl.o
                                                  test.o
__do_copy_data                                    /usr/lib/gcc/avr/4.9.2/avr5/libgcc.a(_copy_data.o)
                                                  serialparser.o
                                                  motorctrl.o
                                                  USART.o
                                                  test.o
__epilogue_restores__                             /usr/lib/gcc/avr/4.9.2/avr5/libgcc.a(_epilogue.o)
                                                  /usr/lib/gcc/avr/4.9.2/../../../avr/lib/avr5/libc.a(strtod.o)
                                                  /usr/lib/gcc/avr/4.9.2/../../../avr/lib/avr5/libc.a(fprintf_p.o)
                                                  /usr/lib/gcc/avr/4.9.2/../../../avr/lib/avr5/libc.a(fprintf.o)
                                                  /usr/lib/gcc/avr/4.9.2/../../../avr/lib/avr5/libscanf_flt.a(vfscanf_flt.o)
                                                  /usr/lib/gcc/avr/4.9.2/../../../avr/lib/avr5/libprintf_flt.a(vfprintf_flt.o)
                                                  serialparser.o
                                                  motorctrl.o
__eqsf2                                           /usr/lib/gcc/avr/4.9.2/../../../avr/lib/avr5/libm.a(cmpsf2.o)
                                                  /usr/lib/gcc/avr/4.9.2/../../../avr/lib/avr5/libc.a(strtod.o)
__fixunssfsi                                      /usr/lib/gcc/avr/4.9.2/../../../avr/lib/avr5/libm.a(fixunssfsi.o)
                                                  motorctrl.o
__floatsisf                                       /usr/lib/gcc/avr/4.9.2/../../../avr/lib/avr5/libm.a(floatsisf.o)
                                                  motorctrl.o
__floatunsisf                                     /usr/lib/gcc/avr/4.9.2/../../../avr/lib/avr5/libm.a(floatsisf.o)
                                                  /usr/lib/gcc/avr/4.9.2/../../../avr/lib/avr5/libc.a(strtod.o)
                                                  /usr/lib/gcc/avr/4.9.2/../../../avr/lib/avr5/libscanf_flt.a(vfscanf_flt.o)
                                                  motorctrl.o
__fp_cmp                                          /usr/lib/gcc/avr/4.9.2/../../../avr/lib/avr5/libm.a(fp_cmp.o)
                                                  /usr/lib/gcc/avr/4.9.2/../../../avr/lib/avr5/libm.a(gesf2.o)
                                                  /usr/lib/gcc/avr/4.9.2/../../../avr/lib/avr5/libm.a(cmpsf2.o)
__fp_inf                                          /usr/lib/gcc/avr/4.9.2/../../../avr/lib/avr5/libm.a(fp_inf.o)
                                                  /usr/lib/gcc/avr/4.9.2/../../../avr/lib/avr5/libm.a(mulsf3x.o)
                                                  /usr/lib/gcc/avr/4.9.2/../../../avr/lib/avr5/libm.a(divsf3x.o)
                                                  /usr/lib/gcc/avr/4.9.2/../../../avr/lib/avr5/libm.a(addsf3x.o)
__fp_mpack                                        /usr/lib/gcc/avr/4.9.2/../../../avr/lib/avr5/libm.a(fp_mpack.o)
                                                  /usr/lib/gcc/avr/4.9.2/../../../avr/lib/avr5/libm.a(sqrt.o)
__fp_mpack_finite                                 /usr/lib/gcc/avr/4.9.2/../../../avr/lib/avr5/libm.a(fp_mpack.o)
                                                  /usr/lib/gcc/avr/4.9.2/../../../avr/lib/avr5/libm.a(fp_rempio2.o)
__fp_nan                                          /usr/lib/gcc/avr/4.9.2/../../../avr/lib/avr5/libm.a(fp_nan.o)
                                                  /usr/lib/gcc/avr/4.9.2/../../../avr/lib/avr5/libm.a(sqrt.o)
                                                  /usr/lib/gcc/avr/4.9.2/../../../avr/lib/avr5/libm.a(mulsf3x.o)
                                                  /usr/lib/gcc/avr/4.9.2/../../../avr/lib/avr5/libm.a(fp_rempio2.o)
                                                  /usr/lib/gcc/avr/4.9.2/../../../avr/lib/avr5/libm.a(divsf3x.o)
                                                  /usr/lib/gcc/avr/4.9.2/../../../avr/lib/avr5/libm.a(addsf3x.o)
__fp_norm2                                        /usr/lib/gcc/avr/4.9.2/../../../avr/lib/avr5/libm.a(fp_norm2.o)
                                                  /usr/lib/gcc/avr/4.9.2/../../../avr/lib/avr5/libm.a(sqrt.o)
__fp_powser                                       /usr/lib/gcc/avr/4.9.2/../../../avr/lib/avr5/libm.a(fp_powser.o)
                                                  /usr/lib/gcc/avr/4.9.2/../../../avr/lib/avr5/libm.a(fp_powsodd.o)
                                                  /usr/lib/gcc/avr/4.9.2/../../../avr/lib/avr5/libm.a(atan.o)
__fp_powsodd                                      /usr/lib/gcc/avr/4.9.2/../../../avr/lib/avr5/libm.a(fp_powsodd.o)
                                                  /usr/lib/gcc/avr/4.9.2/../../../avr/lib/avr5/libm.a(fp_sinus.o)
__fp_pscA                                         /usr/lib/gcc/avr/4.9.2/../../../avr/lib/avr5/libm.a(fp_pscA.o)
                                                  /usr/lib/gcc/avr/4.9.2/../../../avr/lib/avr5/libm.a(mulsf3x.o)
                                                  /usr/lib/gcc/avr/4.9.2/../../../avr/lib/avr5/libm.a(divsf3x.o)
                                                  /usr/lib/gcc/avr/4.9.2/../../../avr/lib/avr5/libm.a(addsf3x.o)
__fp_pscB                                         /usr/lib/gcc/avr/4.9.2/../../../avr/lib/avr5/libm.a(fp_pscB.o)
                                                  /usr/lib/gcc/avr/4.9.2/../../../avr/lib/avr5/libm.a(mulsf3x.o)
                                                  /usr/lib/gcc/avr/4.9.2/../../../avr/lib/avr5/libm.a(divsf3x.o)
                                                  /usr/lib/gcc/avr/4.9.2/../../../avr/lib/avr5/libm.a(addsf3x.o)
__fp_rempio2                                      /usr/lib/gcc/avr/4.9.2/../../../avr/lib/avr5/libm.a(fp_rempio2.o)
                                                  /usr/lib/gcc/avr/4.9.2/../../../avr/lib/avr5/libm.a(sin.o)
                                                  /usr/lib/gcc/avr/4.9.2/../../../avr/lib/avr5/libm.a(cos.o)
__fp_round                                        /usr/lib/gcc/avr/4.9.2/../../../avr/lib/avr5/libm.a(fp_round.o)
                                                  /usr/lib/gcc/avr/4.9.2/../../../avr/lib/avr5/libm.a(mulsf3.o)
                                                  /usr/lib/gcc/avr/4.9.2/../../../avr/lib/avr5/libm.a(fp_sinus.o)
                                                  /usr/lib/gcc/avr/4.9.2/../../../avr/lib/avr5/libm.a(divsf3.o)
                                                  /usr/lib/gcc/avr/4.9.2/../../../avr/lib/avr5/libm.a(atan.o)
                                                  /usr/lib/gcc/avr/4.9.2/../../../avr/lib/avr5/libm.a(addsf3.o)
__fp_sinus                                        /usr/lib/gcc/avr/4.9.2/../../../avr/lib/avr5/libm.a(fp_sinus.o)
                                                  /usr/lib/gcc/avr/4.9.2/../../../avr/lib/avr5/libm.a(sin.o)
                                                  /usr/lib/gcc/avr/4.9.2/../../../avr/lib/avr5/libm.a(cos.o)
__fp_split3                                       /usr/lib/gcc/avr/4.9.2/../../../avr/lib/avr5/libm.a(fp_split3.o)
                                                  /usr/lib/gcc/avr/4.9.2/../../../avr/lib/avr5/libm.a(mulsf3x.o)
                                                  /usr/lib/gcc/avr/4.9.2/../../../avr/lib/avr5/libm.a(divsf3x.o)
                                                  /usr/lib/gcc/avr/4.9.2/../../../avr/lib/avr5/libm.a(addsf3x.o)
__fp_splitA                                       /usr/lib/gcc/avr/4.9.2/../../../avr/lib/avr5/libm.a(fp_split3.o)
                                                  /usr/lib/gcc/avr/4.9.2/../../../avr/lib/avr5/libm.a(sqrt.o)
                                                  /usr/lib/gcc/avr/4.9.2/../../../avr/lib/avr5/libm.a(fp_rempio2.o)
                                                  /usr/lib/gcc/avr/4.9.2/../../../avr/lib/avr5/libm.a(fixunssfsi.o)
__fp_szero                                        /usr/lib/gcc/avr/4.9.2/../../../avr/lib/avr5/libm.a(fp_zero.o)
                                                  /usr/lib/gcc/avr/4.9.2/../../../avr/lib/avr5/libm.a(mulsf3x.o)
                                                  /usr/lib/gcc/avr/4.9.2/../../../avr/lib/avr5/libm.a(divsf3x.o)
__fp_zero                                         /usr/lib/gcc/avr/4.9.2/../../../avr/lib/avr5/libm.a(fp_zero.o)
                                                  /usr/lib/gcc/avr/4.9.2/../../../avr/lib/avr5/libm.a(fixunssfsi.o)
                                                  /usr/lib/gcc/avr/4.9.2/../../../avr/lib/avr5/libm.a(addsf3x.o)
__ftoa_engine                                     /usr/lib/gcc/avr/4.9.2/../../../avr/lib/avr5/libc.a(ftoa_engine.o)
                                                  /usr/lib/gcc/avr/4.9.2/../../../avr/lib/avr5/libprintf_flt.a(vfprintf_flt.o)
__gesf2                                           /usr/lib/gcc/avr/4.9.2/../../../avr/lib/avr5/libm.a(gesf2.o)
                                                  motorctrl.o
__gtsf2                                           /usr/lib/gcc/avr/4.9.2/../../../avr/lib/avr5/libm.a(gesf2.o)
                                                  motorctrl.o
__heap_end                                        /usr/lib/gcc/avr/4.9.2/../../../avr/lib/avr5/crtatmega328p.o
__init                                            /usr/lib/gcc/avr/4.9.2/../../../avr/lib/avr5/crtatmega328p.o
__iob                                             /usr/lib/gcc/avr/4.9.2/../../../avr/lib/avr5/libc.a(iob.o)
                                                  USART.o
__lesf2                                           /usr/lib/gcc/avr/4.9.2/../../../avr/lib/avr5/libm.a(cmpsf2.o)
                                                  motorctrl.o
__ltsf2                                           /usr/lib/gcc/avr/4.9.2/../../../avr/lib/avr5/libm.a(cmpsf2.o)
                                                  motorctrl.o
__mulhi_const_10                                  /usr/lib/gcc/avr/4.9.2/../../../avr/lib/avr5/libc.a(mul10.o)
                                                  /usr/lib/gcc/avr/4.9.2/../../../avr/lib/avr5/libc.a(atoi.o)
__mulsf3                                          /usr/lib/gcc/avr/4.9.2/../../../avr/lib/avr5/libm.a(mulsf3.o)
                                                  /usr/lib/gcc/avr/4.9.2/../../../avr/lib/avr5/libc.a(strtod.o)
                                                  /usr/lib/gcc/avr/4.9.2/../../../avr/lib/avr5/libm.a(fp_powsodd.o)
                                                  /usr/lib/gcc/avr/4.9.2/../../../avr/lib/avr5/libm.a(square.o)
                                                  /usr/lib/gcc/avr/4.9.2/../../../avr/lib/avr5/libscanf_flt.a(vfscanf_flt.o)
                                                  motorctrl.o
__mulsf3_pse                                      /usr/lib/gcc/avr/4.9.2/../../../avr/lib/avr5/libm.a(mulsf3x.o)
__mulsf3x                                         /usr/lib/gcc/avr/4.9.2/../../../avr/lib/avr5/libm.a(mulsf3x.o)
                                                  /usr/lib/gcc/avr/4.9.2/../../../avr/lib/avr5/libm.a(mulsf3.o)
                                                  /usr/lib/gcc/avr/4.9.2/../../../avr/lib/avr5/libm.a(fp_powser.o)
                                                  /usr/lib/gcc/avr/4.9.2/../../../avr/lib/avr5/libm.a(atan.o)
__muluhisi3                                       /usr/lib/gcc/avr/4.9.2/avr5/libgcc.a(_muluhisi3.o)
                                                  /usr/lib/gcc/avr/4.9.2/../../../avr/lib/avr5/libc.a(strtod.o)
__nesf2                                           /usr/lib/gcc/avr/4.9.2/../../../avr/lib/avr5/libm.a(cmpsf2.o)
                                                  /usr/lib/gcc/avr/4.9.2/../../../avr/lib/avr5/libc.a(strtod.o)
__prologue_saves__                                /usr/lib/gcc/avr/4.9.2/avr5/libgcc.a(_prologue.o)
                                                  /usr/lib/gcc/avr/4.9.2/../../../avr/lib/avr5/libc.a(strtod.o)
                                                  /usr/lib/gcc/avr/4.9.2/../../../avr/lib/avr5/libc.a(fprintf_p.o)
                                                  /usr/lib/gcc/avr/4.9.2/../../../avr/lib/avr5/libc.a(fprintf.o)
                                                  /usr/lib/gcc/avr/4.9.2/../../../avr/lib/avr5/libscanf_flt.a(vfscanf_flt.o)
                                                  /usr/lib/gcc/avr/4.9.2/../../../avr/lib/avr5/libprintf_flt.a(vfprintf_flt.o)
                                                  serialparser.o
                                                  motorctrl.o
                                                  test.o
__stack                                           /usr/lib/gcc/avr/4.9.2/../../../avr/lib/avr5/crtatmega328p.o
__subsf3                                          /usr/lib/gcc/avr/4.9.2/../../../avr/lib/avr5/libm.a(addsf3.o)
                                                  motorctrl.o
__udivmodsi4                                      /usr/lib/gcc/avr/4.9.2/avr5/libgcc.a(_udivmodsi4.o)
                                                  motorctrl.o
                                                  ADC.o
                                                  USART.o
__ultoa_invert                                    /usr/lib/gcc/avr/4.9.2/../../../avr/lib/avr5/libc.a(ultoa_invert.o)
                                                  /usr/lib/gcc/avr/4.9.2/../../../avr/lib/avr5/libprintf_flt.a(vfprintf_flt.o)
__umulhisi3                                       /usr/lib/gcc/avr/4.9.2/avr5/libgcc.a(_umulhisi3.o)
                                                  /usr/lib/gcc/avr/4.9.2/avr5/libgcc.a(_muluhisi3.o)
                                                  motorctrl.o
__vector_1                                        /usr/lib/gcc/avr/4.9.2/../../../avr/lib/avr5/crtatmega328p.o
__vector_10                                       /usr/lib/gcc/avr/4.9.2/../../../avr/lib/avr5/crtatmega328p.o
__vector_11                                       motorctrl.o
                                                  /usr/lib/gcc/avr/4.9.2/../../../avr/lib/avr5/crtatmega328p.o
__vector_12                                       /usr/lib/gcc/avr/4.9.2/../../../avr/lib/avr5/crtatmega328p.o
__vector_13                                       /usr/lib/gcc/avr/4.9.2/../../../avr/lib/avr5/crtatmega328p.o
__vector_14                                       /usr/lib/gcc/avr/4.9.2/../../../avr/lib/avr5/crtatmega328p.o
__vector_15                                       /usr/lib/gcc/avr/4.9.2/../../../avr/lib/avr5/crtatmega328p.o
__vector_16                                       /usr/lib/gcc/avr/4.9.2/../../../avr/lib/avr5/crtatmega328p.o
__vector_17                                       /usr/lib/gcc/avr/4.9.2/../../../avr/lib/avr5/crtatmega328p.o
__vector_18                                       serialparser.o
                                                  /usr/lib/gcc/avr/4.9.2/../../../avr/lib/avr5/crtatmega328p.o
__vector_19                                       /usr/lib/gcc/avr/4.9.2/../../../avr/lib/avr5/crtatmega328p.o
__vector_2                                        /usr/lib/gcc/avr/4.9.2/../../../avr/lib/avr5/crtatmega328p.o
__vector_20                                       /usr/lib/gcc/avr/4.9.2/../../../avr/lib/avr5/crtatmega328p.o
__vector_21                                       /usr/lib/gcc/avr/4.9.2/../../../avr/lib/avr5/crtatmega328p.o
__vector_22                                       /usr/lib/gcc/avr/4.9.2/../../../avr/lib/avr5/crtatmega328p.o
__vector_23                                       /usr/lib/gcc/avr/4.9.2/../../../avr/lib/avr5/crtatmega328p.o
__vector_24                                       /usr/lib/gcc/avr/4.9.2/../../../avr/lib/avr5/crtatmega328p.o
__vector_25                                       /usr/lib/gcc/avr/4.9.2/../../../avr/lib/avr5/crtatmega328p.o
__vector_3                                        /usr/lib/gcc/avr/4.9.2/../../../avr/lib/avr5/crtatmega328p.o
__vector_4                                        /usr/lib/gcc/avr/4.9.2/../../../avr/lib/avr5/crtatmega328p.o
__vector_5                                        /usr/lib/gcc/avr/4.9.2/../../../avr/lib/avr5/crtatmega328p.o
__vector_6                                        /usr/lib/gcc/avr/4.9.2/../../../avr/lib/avr5/crtatmega328p.o
__vector_7                                        /usr/lib/gcc/avr/4.9.2/../../../avr/lib/avr5/crtatmega328p.o
__vector_8                                        /usr/lib/gcc/avr/4.9.2/../../../avr/lib/avr5/crtatmega328p.o
__vector_9                                        /usr/lib/gcc/avr/4.9.2/../../../avr/lib/avr5/crtatmega328p.o
__vector_default                                  /usr/lib/gcc/avr/4.9.2/../../../avr/lib/avr5/crtatmega328p.o
__vectors                                         /usr/lib/gcc/avr/4.9.2/../../../avr/lib/avr5/crtatmega328p.o
_exit                                             /usr/lib/gcc/avr/4.9.2/avr5/libgcc.a(_exit.o)
angleConversion                                   motorctrl.o
angleDegToLength                                  motorctrl.o
atan                                              /usr/lib/gcc/avr/4.9.2/../../../avr/lib/avr5/libm.a(atan.o)
                                                  motorctrl.o
atof                                              /usr/lib/gcc/avr/4.9.2/../../../avr/lib/avr5/libc.a(atof.o)
                                                  serialparser.o
atoi                                              /usr/lib/gcc/avr/4.9.2/../../../avr/lib/avr5/libc.a(atoi.o)
                                                  serialparser.o
buffer                                            serialparser.o
calculateMoveLength                               motorctrl.o
calculateMoveSpeed                                motorctrl.o
calibrateMotors                                   motorctrl.o
cos                                               /usr/lib/gcc/avr/4.9.2/../../../avr/lib/avr5/libm.a(cos.o)
                                                  motorctrl.o
delayLoop_us                                      motorctrl.o
disableMotorPWM                                   motorctrl.o
errno                                             /usr/lib/gcc/avr/4.9.2/../../../avr/lib/avr5/libc.a(errno.o)
                                                  /usr/lib/gcc/avr/4.9.2/../../../avr/lib/avr5/libc.a(strtod.o)
exit                                              /usr/lib/gcc/avr/4.9.2/avr5/libgcc.a(_exit.o)
                                                  /usr/lib/gcc/avr/4.9.2/../../../avr/lib/avr5/crtatmega328p.o
fgetc                                             /usr/lib/gcc/avr/4.9.2/../../../avr/lib/avr5/libc.a(fgetc.o)
                                                  /usr/lib/gcc/avr/4.9.2/../../../avr/lib/avr5/libscanf_flt.a(vfscanf_flt.o)
findParameter                                     serialparser.o
forceMotors                                       motorctrl.o
fprintf                                           /usr/lib/gcc/avr/4.9.2/../../../avr/lib/avr5/libc.a(fprintf.o)
                                                  serialparser.o
                                                  motorctrl.o
                                                  test.o
fprintf_P                                         /usr/lib/gcc/avr/4.9.2/../../../avr/lib/avr5/libc.a(fprintf_p.o)
                                                  serialparser.o
                                                  motorctrl.o
fputc                                             /usr/lib/gcc/avr/4.9.2/../../../avr/lib/avr5/libc.a(fputc.o)
                                                  /usr/lib/gcc/avr/4.9.2/../../../avr/lib/avr5/libprintf_flt.a(vfprintf_flt.o)
                                                  serialparser.o
getActuatorLength                                 motorctrl.o
getAngle                                          motorctrl.o
                                                  serialparser.o
getAngleActuatorCurrentLength                     motorctrl.o
                                                  serialparser.o
getAngleActuatorSetLength                         motorctrl.o
                                                  serialparser.o
                                                  test.o
getAngleMotorAVGcurrent                           motorctrl.o
                                                  serialparser.o
getAngleMotorMaxAngle                             motorctrl.o
                                                  serialparser.o
getAngleMotorMinAngle                             motorctrl.o
                                                  serialparser.o
getAngleMotorMoveSpeed                            motorctrl.o
                                                  serialparser.o
getAngleMotorStatus                               motorctrl.o
                                                  serialparser.o
getAngleMoveLength                                motorctrl.o
                                                  serialparser.o
getMotorAVGcurrent                                motorctrl.o
getMotorMaxAngle                                  motorctrl.o
getMotorMinAngle                                  motorctrl.o
getMotorMoveLength                                motorctrl.o
getMotorMoveSpeed                                 motorctrl.o
getMotorPosition                                  motorctrl.o
getMotorSetPosition                               motorctrl.o
getSetAngle                                       motorctrl.o
                                                  serialparser.o
getSetTilt                                        motorctrl.o
                                                  serialparser.o
getTilt                                           motorctrl.o
                                                  serialparser.o
getTiltActuatorCurrentLength                      motorctrl.o
                                                  serialparser.o
getTiltActuatorSetLength                          motorctrl.o
                                                  serialparser.o
                                                  test.o
getTiltMotorAVGcurrent                            motorctrl.o
                                                  serialparser.o
getTiltMotorMaxAngle                              motorctrl.o
                                                  serialparser.o
getTiltMotorMinAngle                              motorctrl.o
                                                  serialparser.o
getTiltMotorMoveSpeed                             motorctrl.o
                                                  serialparser.o
getTiltMotorStatus                                motorctrl.o
                                                  serialparser.o
getTiltMoveLength                                 motorctrl.o
                                                  serialparser.o
initADC                                           ADC.o
                                                  test.o
initButtons                                       buttons.o
                                                  test.o
initLED                                           test.o
initMotor                                         motorctrl.o
                                                  test.o
initSerialParser                                  serialparser.o
                                                  test.o
inverse                                           /usr/lib/gcc/avr/4.9.2/../../../avr/lib/avr5/libm.a(inverse.o)
                                                  /usr/lib/gcc/avr/4.9.2/../../../avr/lib/avr5/libm.a(atan.o)
isspace                                           /usr/lib/gcc/avr/4.9.2/../../../avr/lib/avr5/libc.a(isspace.o)
                                                  /usr/lib/gcc/avr/4.9.2/../../../avr/lib/avr5/libc.a(strtod.o)
                                                  /usr/lib/gcc/avr/4.9.2/../../../avr/lib/avr5/libscanf_flt.a(vfscanf_flt.o)
main                                              test.o
                                                  /usr/lib/gcc/avr/4.9.2/../../../avr/lib/avr5/crtatmega328p.o
measureActuatorCurrent                            motorctrl.o
motorControl                                      motorctrl.o
motors                                            motorctrl.o
parseCommands                                     serialparser.o
port                                              serialparser.o
                                                  motorctrl.o
                                                  test.o
printerr                                          serialparser.o
put_char0                                         USART.o
readAutoManualState                               buttons.o
                                                  serialparser.o
                                                  test.o
readFloat                                         serialparser.o
readInt16                                         serialparser.o
readTiltButtonState                               buttons.o
                                                  serialparser.o
                                                  test.o
readTurnButtonState                               buttons.o
                                                  serialparser.o
                                                  test.o
read_until_line_end                               serialparser.o
ring_read                                         serialparser.o
ring_write                                        serialparser.o
running_motor                                     motorctrl.o
serial_port0                                      USART.o
setAngle                                          motorctrl.o
                                                  serialparser.o
setAngleMotorLength                               motorctrl.o
                                                  serialparser.o
                                                  test.o
setLengthLoop                                     motorctrl.o
                                                  test.o
setMotor                                          motorctrl.o
setMotorLength                                    motorctrl.o
setMotorPosition                                  motorctrl.o
setTilt                                           motorctrl.o
                                                  serialparser.o
setTiltMotorLength                                motorctrl.o
                                                  serialparser.o
                                                  test.o
shutdownMotors                                    motorctrl.o
                                                  test.o
sin                                               /usr/lib/gcc/avr/4.9.2/../../../avr/lib/avr5/libm.a(sin.o)
                                                  motorctrl.o
sqrt                                              /usr/lib/gcc/avr/4.9.2/../../../avr/lib/avr5/libm.a(sqrt.o)
                                                  motorctrl.o
sqrtf                                             /usr/lib/gcc/avr/4.9.2/../../../avr/lib/avr5/libm.a(sqrt.o)
square                                            /usr/lib/gcc/avr/4.9.2/../../../avr/lib/avr5/libm.a(square.o)
                                                  /usr/lib/gcc/avr/4.9.2/../../../avr/lib/avr5/libm.a(atan.o)
strchr_P                                          /usr/lib/gcc/avr/4.9.2/../../../avr/lib/avr5/libc.a(strchr_P.o)
                                                  /usr/lib/gcc/avr/4.9.2/../../../avr/lib/avr5/libscanf_flt.a(vfscanf_flt.o)
strncasecmp_P                                     /usr/lib/gcc/avr/4.9.2/../../../avr/lib/avr5/libc.a(strncasecmp_P.o)
                                                  /usr/lib/gcc/avr/4.9.2/../../../avr/lib/avr5/libc.a(strtod.o)
strnlen                                           /usr/lib/gcc/avr/4.9.2/../../../avr/lib/avr5/libc.a(strnlen.o)
                                                  /usr/lib/gcc/avr/4.9.2/../../../avr/lib/avr5/libprintf_flt.a(vfprintf_flt.o)
strnlen_P                                         /usr/lib/gcc/avr/4.9.2/../../../avr/lib/avr5/libc.a(strnlen_P.o)
                                                  /usr/lib/gcc/avr/4.9.2/../../../avr/lib/avr5/libprintf_flt.a(vfprintf_flt.o)
strtod                                            /usr/lib/gcc/avr/4.9.2/../../../avr/lib/avr5/libc.a(strtod.o)
                                                  /usr/lib/gcc/avr/4.9.2/../../../avr/lib/avr5/libc.a(atof.o)
systick                                           motorctrl.o
tiltConversion                                    motorctrl.o
tiltDegToLength                                   motorctrl.o
tolower                                           /usr/lib/gcc/avr/4.9.2/../../../avr/lib/avr5/libc.a(tolower.o)
                                                  /usr/lib/gcc/avr/4.9.2/../../../avr/lib/avr5/libscanf_flt.a(vfscanf_flt.o)
uart_getchar                                      USART.o
ungetc                                            /usr/lib/gcc/avr/4.9.2/../../../avr/lib/avr5/libc.a(ungetc.o)
                                                  /usr/lib/gcc/avr/4.9.2/../../../avr/lib/avr5/libscanf_flt.a(vfscanf_flt.o)
vfprintf                                          /usr/lib/gcc/avr/4.9.2/../../../avr/lib/avr5/libprintf_flt.a(vfprintf_flt.o)
                                                  /usr/lib/gcc/avr/4.9.2/../../../avr/lib/avr5/libc.a(fprintf_p.o)
                                                  /usr/lib/gcc/avr/4.9.2/../../../avr/lib/avr5/libc.a(fprintf.o)
vfscanf                                           /usr/lib/gcc/avr/4.9.2/../../../avr/lib/avr5/libscanf_flt.a(vfscanf_flt.o)
waitResponce                                      USART.o
